<?xml version="1.0" encoding="ISO-8859-1" ?>
<link_info>
   <banner>TI ARM Linker PC v20.2.6.LTS</banner>
   <copyright>Copyright (c) 1996-2018 Texas Instruments Incorporated</copyright>
   <link_time>0x644ee1b4</link_time>
   <link_errors>0x0</link_errors>
   <output_file>Final Project.out</output_file>
   <entry_point>
      <name>_c_int00_noargs</name>
      <address>0x58fd</address>
   </entry_point>
   <input_file_list>
      <input_file id="fl-2">
         <path>.\</path>
         <kind>object</kind>
         <file>Timer.obj</file>
         <name>Timer.obj</name>
      </input_file>
      <input_file id="fl-3">
         <path>.\</path>
         <kind>object</kind>
         <file>adc.obj</file>
         <name>adc.obj</name>
      </input_file>
      <input_file id="fl-4">
         <path>.\</path>
         <kind>object</kind>
         <file>bno055.obj</file>
         <name>bno055.obj</name>
      </input_file>
      <input_file id="fl-5">
         <path>.\</path>
         <kind>object</kind>
         <file>button.obj</file>
         <name>button.obj</name>
      </input_file>
      <input_file id="fl-6">
         <path>.\</path>
         <kind>object</kind>
         <file>final_project_help.obj</file>
         <name>final_project_help.obj</name>
      </input_file>
      <input_file id="fl-7">
         <path>.\</path>
         <kind>object</kind>
         <file>i2c.obj</file>
         <name>i2c.obj</name>
      </input_file>
      <input_file id="fl-8">
         <path>.\</path>
         <kind>object</kind>
         <file>imu.obj</file>
         <name>imu.obj</name>
      </input_file>
      <input_file id="fl-9">
         <path>.\</path>
         <kind>object</kind>
         <file>lcd.obj</file>
         <name>lcd.obj</name>
      </input_file>
      <input_file id="fl-a">
         <path>.\</path>
         <kind>object</kind>
         <file>main.obj</file>
         <name>main.obj</name>
      </input_file>
      <input_file id="fl-b">
         <path>.\</path>
         <kind>object</kind>
         <file>movement.obj</file>
         <name>movement.obj</name>
      </input_file>
      <input_file id="fl-c">
         <path>.\</path>
         <kind>object</kind>
         <file>music.obj</file>
         <name>music.obj</name>
      </input_file>
      <input_file id="fl-d">
         <path>.\</path>
         <kind>object</kind>
         <file>open_interface.obj</file>
         <name>open_interface.obj</name>
      </input_file>
      <input_file id="fl-e">
         <path>.\</path>
         <kind>object</kind>
         <file>ping.obj</file>
         <name>ping.obj</name>
      </input_file>
      <input_file id="fl-f">
         <path>.\</path>
         <kind>object</kind>
         <file>servo.obj</file>
         <name>servo.obj</name>
      </input_file>
      <input_file id="fl-10">
         <path>.\</path>
         <kind>object</kind>
         <file>tm4c123gh6pm_startup_ccs.obj</file>
         <name>tm4c123gh6pm_startup_ccs.obj</name>
      </input_file>
      <input_file id="fl-11">
         <path>.\</path>
         <kind>object</kind>
         <file>uart.obj</file>
         <name>uart.obj</name>
      </input_file>
      <input_file id="fl-18">
         <kind>object</kind>
         <file>&lt;internal&gt;</file>
         <name>&lt;internal&gt;</name>
      </input_file>
      <input_file id="fl-ce">
         <path>C:\ti\ccs1200\ccs\tools\compiler\ti-cgt-arm_20.2.6.LTS\lib\</path>
         <kind>archive</kind>
         <file>rtsv7M4_T_le_v4SPD16_eabi.lib</file>
         <name>e_atan2f.c.obj</name>
      </input_file>
      <input_file id="fl-cf">
         <path>C:\ti\ccs1200\ccs\tools\compiler\ti-cgt-arm_20.2.6.LTS\lib\</path>
         <kind>archive</kind>
         <file>rtsv7M4_T_le_v4SPD16_eabi.lib</file>
         <name>e_powf.c.obj</name>
      </input_file>
      <input_file id="fl-d0">
         <path>C:\ti\ccs1200\ccs\tools\compiler\ti-cgt-arm_20.2.6.LTS\lib\</path>
         <kind>archive</kind>
         <file>rtsv7M4_T_le_v4SPD16_eabi.lib</file>
         <name>e_remainderf.c.obj</name>
      </input_file>
      <input_file id="fl-d1">
         <path>C:\ti\ccs1200\ccs\tools\compiler\ti-cgt-arm_20.2.6.LTS\lib\</path>
         <kind>archive</kind>
         <file>rtsv7M4_T_le_v4SPD16_eabi.lib</file>
         <name>e_sqrtf.c.obj</name>
      </input_file>
      <input_file id="fl-d2">
         <path>C:\ti\ccs1200\ccs\tools\compiler\ti-cgt-arm_20.2.6.LTS\lib\</path>
         <kind>archive</kind>
         <file>rtsv7M4_T_le_v4SPD16_eabi.lib</file>
         <name>s_atanf.c.obj</name>
      </input_file>
      <input_file id="fl-d3">
         <path>C:\ti\ccs1200\ccs\tools\compiler\ti-cgt-arm_20.2.6.LTS\lib\</path>
         <kind>archive</kind>
         <file>rtsv7M4_T_le_v4SPD16_eabi.lib</file>
         <name>s_scalbnf.c.obj</name>
      </input_file>
      <input_file id="fl-d4">
         <path>C:\ti\ccs1200\ccs\tools\compiler\ti-cgt-arm_20.2.6.LTS\lib\</path>
         <kind>archive</kind>
         <file>rtsv7M4_T_le_v4SPD16_eabi.lib</file>
         <name>sprintf.c.obj</name>
      </input_file>
      <input_file id="fl-d5">
         <path>C:\ti\ccs1200\ccs\tools\compiler\ti-cgt-arm_20.2.6.LTS\lib\</path>
         <kind>archive</kind>
         <file>rtsv7M4_T_le_v4SPD16_eabi.lib</file>
         <name>vsnprintf.c.obj</name>
      </input_file>
      <input_file id="fl-d6">
         <path>C:\ti\ccs1200\ccs\tools\compiler\ti-cgt-arm_20.2.6.LTS\lib\</path>
         <kind>archive</kind>
         <file>rtsv7M4_T_le_v4SPD16_eabi.lib</file>
         <name>s_copysignf.c.obj</name>
      </input_file>
      <input_file id="fl-d7">
         <path>C:\ti\ccs1200\ccs\tools\compiler\ti-cgt-arm_20.2.6.LTS\lib\</path>
         <kind>archive</kind>
         <file>rtsv7M4_T_le_v4SPD16_eabi.lib</file>
         <name>fd_add_t2.asm.obj</name>
      </input_file>
      <input_file id="fl-d8">
         <path>C:\ti\ccs1200\ccs\tools\compiler\ti-cgt-arm_20.2.6.LTS\lib\</path>
         <kind>archive</kind>
         <file>rtsv7M4_T_le_v4SPD16_eabi.lib</file>
         <name>fd_cmp_t2.asm.obj</name>
      </input_file>
      <input_file id="fl-d9">
         <path>C:\ti\ccs1200\ccs\tools\compiler\ti-cgt-arm_20.2.6.LTS\lib\</path>
         <kind>archive</kind>
         <file>rtsv7M4_T_le_v4SPD16_eabi.lib</file>
         <name>fd_div_t2.asm.obj</name>
      </input_file>
      <input_file id="fl-da">
         <path>C:\ti\ccs1200\ccs\tools\compiler\ti-cgt-arm_20.2.6.LTS\lib\</path>
         <kind>archive</kind>
         <file>rtsv7M4_T_le_v4SPD16_eabi.lib</file>
         <name>fd_mul_t2.asm.obj</name>
      </input_file>
      <input_file id="fl-db">
         <path>C:\ti\ccs1200\ccs\tools\compiler\ti-cgt-arm_20.2.6.LTS\lib\</path>
         <kind>archive</kind>
         <file>rtsv7M4_T_le_v4SPD16_eabi.lib</file>
         <name>fd_toi_t2.asm.obj</name>
      </input_file>
      <input_file id="fl-dc">
         <path>C:\ti\ccs1200\ccs\tools\compiler\ti-cgt-arm_20.2.6.LTS\lib\</path>
         <kind>archive</kind>
         <file>rtsv7M4_T_le_v4SPD16_eabi.lib</file>
         <name>fd_tos_t2.asm.obj</name>
      </input_file>
      <input_file id="fl-dd">
         <path>C:\ti\ccs1200\ccs\tools\compiler\ti-cgt-arm_20.2.6.LTS\lib\</path>
         <kind>archive</kind>
         <file>rtsv7M4_T_le_v4SPD16_eabi.lib</file>
         <name>fs_tod_t2.asm.obj</name>
      </input_file>
      <input_file id="fl-de">
         <path>C:\ti\ccs1200\ccs\tools\compiler\ti-cgt-arm_20.2.6.LTS\lib\</path>
         <kind>archive</kind>
         <file>rtsv7M4_T_le_v4SPD16_eabi.lib</file>
         <name>fs_toll_t2.asm.obj</name>
      </input_file>
      <input_file id="fl-df">
         <path>C:\ti\ccs1200\ccs\tools\compiler\ti-cgt-arm_20.2.6.LTS\lib\</path>
         <kind>archive</kind>
         <file>rtsv7M4_T_le_v4SPD16_eabi.lib</file>
         <name>i_tofd_t2.asm.obj</name>
      </input_file>
      <input_file id="fl-e0">
         <path>C:\ti\ccs1200\ccs\tools\compiler\ti-cgt-arm_20.2.6.LTS\lib\</path>
         <kind>archive</kind>
         <file>rtsv7M4_T_le_v4SPD16_eabi.lib</file>
         <name>memcpy_t2.asm.obj</name>
      </input_file>
      <input_file id="fl-e1">
         <path>C:\ti\ccs1200\ccs\tools\compiler\ti-cgt-arm_20.2.6.LTS\lib\</path>
         <kind>archive</kind>
         <file>rtsv7M4_T_le_v4SPD16_eabi.lib</file>
         <name>u_tofd_t2.asm.obj</name>
      </input_file>
      <input_file id="fl-e2">
         <path>C:\ti\ccs1200\ccs\tools\compiler\ti-cgt-arm_20.2.6.LTS\lib\</path>
         <kind>archive</kind>
         <file>rtsv7M4_T_le_v4SPD16_eabi.lib</file>
         <name>memset_t2.asm.obj</name>
      </input_file>
      <input_file id="fl-e3">
         <path>C:\ti\ccs1200\ccs\tools\compiler\ti-cgt-arm_20.2.6.LTS\lib\</path>
         <kind>archive</kind>
         <file>rtsv7M4_T_le_v4SPD16_eabi.lib</file>
         <name>copy_zero_init.c.obj</name>
      </input_file>
      <input_file id="fl-e4">
         <path>C:\ti\ccs1200\ccs\tools\compiler\ti-cgt-arm_20.2.6.LTS\lib\</path>
         <kind>archive</kind>
         <file>rtsv7M4_T_le_v4SPD16_eabi.lib</file>
         <name>copy_decompress_none.c.obj</name>
      </input_file>
      <input_file id="fl-e5">
         <path>C:\ti\ccs1200\ccs\tools\compiler\ti-cgt-arm_20.2.6.LTS\lib\</path>
         <kind>archive</kind>
         <file>rtsv7M4_T_le_v4SPD16_eabi.lib</file>
         <name>copy_decompress_lzss.c.obj</name>
      </input_file>
      <input_file id="fl-e6">
         <path>C:\ti\ccs1200\ccs\tools\compiler\ti-cgt-arm_20.2.6.LTS\lib\</path>
         <kind>archive</kind>
         <file>rtsv7M4_T_le_v4SPD16_eabi.lib</file>
         <name>memory.c.obj</name>
      </input_file>
      <input_file id="fl-e7">
         <path>C:\ti\ccs1200\ccs\tools\compiler\ti-cgt-arm_20.2.6.LTS\lib\</path>
         <kind>archive</kind>
         <file>rtsv7M4_T_le_v4SPD16_eabi.lib</file>
         <name>strcmp.c.obj</name>
      </input_file>
      <input_file id="fl-e8">
         <path>C:\ti\ccs1200\ccs\tools\compiler\ti-cgt-arm_20.2.6.LTS\lib\</path>
         <kind>archive</kind>
         <file>rtsv7M4_T_le_v4SPD16_eabi.lib</file>
         <name>strcpy.c.obj</name>
      </input_file>
      <input_file id="fl-e9">
         <path>C:\ti\ccs1200\ccs\tools\compiler\ti-cgt-arm_20.2.6.LTS\lib\</path>
         <kind>archive</kind>
         <file>rtsv7M4_T_le_v4SPD16_eabi.lib</file>
         <name>errno.c.obj</name>
      </input_file>
      <input_file id="fl-ea">
         <path>C:\ti\ccs1200\ccs\tools\compiler\ti-cgt-arm_20.2.6.LTS\lib\</path>
         <kind>archive</kind>
         <file>rtsv7M4_T_le_v4SPD16_eabi.lib</file>
         <name>boot_cortex_m.c.obj</name>
      </input_file>
      <input_file id="fl-eb">
         <path>C:\ti\ccs1200\ccs\tools\compiler\ti-cgt-arm_20.2.6.LTS\lib\</path>
         <kind>archive</kind>
         <file>rtsv7M4_T_le_v4SPD16_eabi.lib</file>
         <name>e_fmodf.c.obj</name>
      </input_file>
      <input_file id="fl-ec">
         <path>C:\ti\ccs1200\ccs\tools\compiler\ti-cgt-arm_20.2.6.LTS\lib\</path>
         <kind>archive</kind>
         <file>rtsv7M4_T_le_v4SPD16_eabi.lib</file>
         <name>_printfi.c.obj</name>
      </input_file>
      <input_file id="fl-ed">
         <path>C:\ti\ccs1200\ccs\tools\compiler\ti-cgt-arm_20.2.6.LTS\lib\</path>
         <kind>archive</kind>
         <file>rtsv7M4_T_le_v4SPD16_eabi.lib</file>
         <name>ull_div_t2.asm.obj</name>
      </input_file>
      <input_file id="fl-ee">
         <path>C:\ti\ccs1200\ccs\tools\compiler\ti-cgt-arm_20.2.6.LTS\lib\</path>
         <kind>archive</kind>
         <file>rtsv7M4_T_le_v4SPD16_eabi.lib</file>
         <name>autoinit.c.obj</name>
      </input_file>
      <input_file id="fl-ef">
         <path>C:\ti\ccs1200\ccs\tools\compiler\ti-cgt-arm_20.2.6.LTS\lib\</path>
         <kind>archive</kind>
         <file>rtsv7M4_T_le_v4SPD16_eabi.lib</file>
         <name>pre_init.c.obj</name>
      </input_file>
      <input_file id="fl-f0">
         <path>C:\ti\ccs1200\ccs\tools\compiler\ti-cgt-arm_20.2.6.LTS\lib\</path>
         <kind>archive</kind>
         <file>rtsv7M4_T_le_v4SPD16_eabi.lib</file>
         <name>cpy_tbl.c.obj</name>
      </input_file>
      <input_file id="fl-f1">
         <path>C:\ti\ccs1200\ccs\tools\compiler\ti-cgt-arm_20.2.6.LTS\lib\</path>
         <kind>archive</kind>
         <file>rtsv7M4_T_le_v4SPD16_eabi.lib</file>
         <name>exit.c.obj</name>
      </input_file>
      <input_file id="fl-f2">
         <path>C:\ti\ccs1200\ccs\tools\compiler\ti-cgt-arm_20.2.6.LTS\lib\</path>
         <kind>archive</kind>
         <file>rtsv7M4_T_le_v4SPD16_eabi.lib</file>
         <name>_lock.c.obj</name>
      </input_file>
      <input_file id="fl-f3">
         <path>C:\ti\ccs1200\ccs\tools\compiler\ti-cgt-arm_20.2.6.LTS\lib\</path>
         <kind>archive</kind>
         <file>rtsv7M4_T_le_v4SPD16_eabi.lib</file>
         <name>_ltoa.c.obj</name>
      </input_file>
      <input_file id="fl-f4">
         <path>C:\ti\ccs1200\ccs\tools\compiler\ti-cgt-arm_20.2.6.LTS\lib\</path>
         <kind>archive</kind>
         <file>rtsv7M4_T_le_v4SPD16_eabi.lib</file>
         <name>args_main.c.obj</name>
      </input_file>
      <input_file id="fl-f5">
         <path>C:\ti\ccs1200\ccs\tools\compiler\ti-cgt-arm_20.2.6.LTS\lib\</path>
         <kind>archive</kind>
         <file>rtsv7M4_T_le_v4SPD16_eabi.lib</file>
         <name>atoi.c.obj</name>
      </input_file>
      <input_file id="fl-f6">
         <path>C:\ti\ccs1200\ccs\tools\compiler\ti-cgt-arm_20.2.6.LTS\lib\</path>
         <kind>archive</kind>
         <file>rtsv7M4_T_le_v4SPD16_eabi.lib</file>
         <name>ctype.c.obj</name>
      </input_file>
      <input_file id="fl-f7">
         <path>C:\ti\ccs1200\ccs\tools\compiler\ti-cgt-arm_20.2.6.LTS\lib\</path>
         <kind>archive</kind>
         <file>rtsv7M4_T_le_v4SPD16_eabi.lib</file>
         <name>memccpy.c.obj</name>
      </input_file>
      <input_file id="fl-f8">
         <path>C:\ti\ccs1200\ccs\tools\compiler\ti-cgt-arm_20.2.6.LTS\lib\</path>
         <kind>archive</kind>
         <file>rtsv7M4_T_le_v4SPD16_eabi.lib</file>
         <name>strchr.c.obj</name>
      </input_file>
      <input_file id="fl-f9">
         <path>C:\ti\ccs1200\ccs\tools\compiler\ti-cgt-arm_20.2.6.LTS\lib\</path>
         <kind>archive</kind>
         <file>rtsv7M4_T_le_v4SPD16_eabi.lib</file>
         <name>strlen.c.obj</name>
      </input_file>
      <input_file id="fl-fa">
         <path>C:\ti\ccs1200\ccs\tools\compiler\ti-cgt-arm_20.2.6.LTS\lib\</path>
         <kind>archive</kind>
         <file>rtsv7M4_T_le_v4SPD16_eabi.lib</file>
         <name>s_frexp.c.obj</name>
      </input_file>
      <input_file id="fl-fb">
         <path>C:\ti\ccs1200\ccs\tools\compiler\ti-cgt-arm_20.2.6.LTS\lib\</path>
         <kind>archive</kind>
         <file>rtsv7M4_T_le_v4SPD16_eabi.lib</file>
         <name>s_scalbn.c.obj</name>
      </input_file>
      <input_file id="fl-fc">
         <path>C:\ti\ccs1200\ccs\tools\compiler\ti-cgt-arm_20.2.6.LTS\lib\</path>
         <kind>archive</kind>
         <file>rtsv7M4_T_le_v4SPD16_eabi.lib</file>
         <name>s_copysign.c.obj</name>
      </input_file>
      <input_file id="fl-fd">
         <path>C:\ti\ccs1200\ccs\tools\compiler\ti-cgt-arm_20.2.6.LTS\lib\</path>
         <kind>archive</kind>
         <file>rtsv7M4_T_le_v4SPD16_eabi.lib</file>
         <name>wcslen.c.obj</name>
      </input_file>
      <input_file id="fl-fe">
         <path>C:\ti\ccs1200\ccs\tools\compiler\ti-cgt-arm_20.2.6.LTS\lib\</path>
         <kind>archive</kind>
         <file>rtsv7M4_T_le_v4SPD16_eabi.lib</file>
         <name>div0.asm.obj</name>
      </input_file>
      <input_file id="fl-ff">
         <path>C:\ti\TivaWare_C_Series-2.2.0.295\driverlib\ccs\Debug\</path>
         <kind>archive</kind>
         <file>driverlib.lib</file>
         <name>interrupt.obj</name>
      </input_file>
      <input_file id="fl-100">
         <path>C:\ti\TivaWare_C_Series-2.2.0.295\driverlib\ccs\Debug\</path>
         <kind>archive</kind>
         <file>driverlib.lib</file>
         <name>cpu.obj</name>
      </input_file>
   </input_file_list>
   <object_component_list>
      <object_component id="oc-12">
         <name>.intvecs</name>
         <load_address>0x0</load_address>
         <run_address>0x0</run_address>
         <size>0x26c</size>
         <input_file_ref idref="fl-10"/>
      </object_component>
      <object_component id="oc-d7">
         <name>.text</name>
         <load_address>0x26c</load_address>
         <run_address>0x26c</run_address>
         <size>0xc20</size>
         <input_file_ref idref="fl-d"/>
      </object_component>
      <object_component id="oc-101">
         <name>.text</name>
         <load_address>0xe8c</load_address>
         <run_address>0xe8c</run_address>
         <size>0xaf0</size>
         <input_file_ref idref="fl-6"/>
      </object_component>
      <object_component id="oc-2a5">
         <name>.text:__TI_printfi</name>
         <load_address>0x197c</load_address>
         <run_address>0x197c</run_address>
         <size>0xa4e</size>
         <input_file_ref idref="fl-ec"/>
      </object_component>
      <object_component id="oc-319">
         <name>.text:_nop</name>
         <load_address>0x23ca</load_address>
         <run_address>0x23ca</run_address>
         <size>0x2</size>
         <input_file_ref idref="fl-f2"/>
      </object_component>
      <object_component id="oc-10d">
         <name>.text</name>
         <load_address>0x23cc</load_address>
         <run_address>0x23cc</run_address>
         <size>0x6e0</size>
         <input_file_ref idref="fl-4"/>
      </object_component>
      <object_component id="oc-119">
         <name>.text</name>
         <load_address>0x2aac</load_address>
         <run_address>0x2aac</run_address>
         <size>0x4a0</size>
         <input_file_ref idref="fl-b"/>
      </object_component>
      <object_component id="oc-e9">
         <name>.text</name>
         <load_address>0x2f4c</load_address>
         <run_address>0x2f4c</run_address>
         <size>0x3bc</size>
         <input_file_ref idref="fl-11"/>
      </object_component>
      <object_component id="oc-e3">
         <name>.text</name>
         <load_address>0x3308</load_address>
         <run_address>0x3308</run_address>
         <size>0x328</size>
         <input_file_ref idref="fl-9"/>
      </object_component>
      <object_component id="oc-372">
         <name>.text:_pconv_a</name>
         <load_address>0x3630</load_address>
         <run_address>0x3630</run_address>
         <size>0x270</size>
         <input_file_ref idref="fl-ec"/>
      </object_component>
      <object_component id="oc-113">
         <name>.text</name>
         <load_address>0x38a0</load_address>
         <run_address>0x38a0</run_address>
         <size>0x270</size>
         <input_file_ref idref="fl-f"/>
      </object_component>
      <object_component id="oc-f5">
         <name>.text</name>
         <load_address>0x3b10</load_address>
         <run_address>0x3b10</run_address>
         <size>0x264</size>
         <input_file_ref idref="fl-e"/>
      </object_component>
      <object_component id="oc-dd">
         <name>.text</name>
         <load_address>0x3d74</load_address>
         <run_address>0x3d74</run_address>
         <size>0x248</size>
         <input_file_ref idref="fl-2"/>
      </object_component>
      <object_component id="oc-360">
         <name>.text:_pconv_g</name>
         <load_address>0x3fbc</load_address>
         <run_address>0x3fbc</run_address>
         <size>0x1d0</size>
         <input_file_ref idref="fl-ec"/>
      </object_component>
      <object_component id="oc-1a3">
         <name>.text</name>
         <load_address>0x418c</load_address>
         <run_address>0x418c</run_address>
         <size>0x1b6</size>
         <input_file_ref idref="fl-d7"/>
      </object_component>
      <object_component id="oc-431">
         <name>.text</name>
         <load_address>0x4342</load_address>
         <run_address>0x4342</run_address>
         <size>0x2</size>
         <input_file_ref idref="fl-fe"/>
      </object_component>
      <object_component id="oc-36c">
         <name>.text:_pconv_e</name>
         <load_address>0x4344</load_address>
         <run_address>0x4344</run_address>
         <size>0x13c</size>
         <input_file_ref idref="fl-ec"/>
      </object_component>
      <object_component id="oc-199">
         <name>.text</name>
         <load_address>0x4480</load_address>
         <run_address>0x4480</run_address>
         <size>0x136</size>
         <input_file_ref idref="fl-d9"/>
      </object_component>
      <object_component id="oc-3ea">
         <name>.text:fcvt</name>
         <load_address>0x45b8</load_address>
         <run_address>0x45b8</run_address>
         <size>0x124</size>
         <input_file_ref idref="fl-ec"/>
      </object_component>
      <object_component id="oc-2e9">
         <name>.text:fmodf</name>
         <load_address>0x46dc</load_address>
         <run_address>0x46dc</run_address>
         <size>0x118</size>
         <input_file_ref idref="fl-eb"/>
      </object_component>
      <object_component id="oc-ef">
         <name>.text</name>
         <load_address>0x47f4</load_address>
         <run_address>0x47f4</run_address>
         <size>0x114</size>
         <input_file_ref idref="fl-3"/>
      </object_component>
      <object_component id="oc-a2">
         <name>.text</name>
         <load_address>0x4908</load_address>
         <run_address>0x4908</run_address>
         <size>0x114</size>
         <input_file_ref idref="fl-a"/>
      </object_component>
      <object_component id="oc-3fe">
         <name>.text:scalbn</name>
         <load_address>0x4a1c</load_address>
         <run_address>0x4a1c</run_address>
         <size>0x110</size>
         <input_file_ref idref="fl-fb"/>
      </object_component>
      <object_component id="oc-210">
         <name>.text:remainderf</name>
         <load_address>0x4b2c</load_address>
         <run_address>0x4b2c</run_address>
         <size>0x104</size>
         <input_file_ref idref="fl-d0"/>
      </object_component>
      <object_component id="oc-2fb">
         <name>.text:aligned_alloc</name>
         <load_address>0x4c30</load_address>
         <run_address>0x4c30</run_address>
         <size>0x100</size>
         <input_file_ref idref="fl-e6"/>
      </object_component>
      <object_component id="oc-194">
         <name>.text</name>
         <load_address>0x4d30</load_address>
         <run_address>0x4d30</run_address>
         <size>0xfc</size>
         <input_file_ref idref="fl-da"/>
      </object_component>
      <object_component id="oc-172">
         <name>.text:free</name>
         <load_address>0x4e2c</load_address>
         <run_address>0x4e2c</run_address>
         <size>0xe4</size>
         <input_file_ref idref="fl-e6"/>
      </object_component>
      <object_component id="oc-35a">
         <name>.text:_ltostr</name>
         <load_address>0x4f10</load_address>
         <run_address>0x4f10</run_address>
         <size>0xb1</size>
         <input_file_ref idref="fl-ec"/>
      </object_component>
      <object_component id="oc-3e">
         <name>.text</name>
         <load_address>0x4fc2</load_address>
         <run_address>0x4fc2</run_address>
         <size>0x9c</size>
         <input_file_ref idref="fl-e0"/>
      </object_component>
      <object_component id="oc-3d1">
         <name>.text</name>
         <load_address>0x505e</load_address>
         <run_address>0x505e</run_address>
         <size>0x96</size>
         <input_file_ref idref="fl-ed"/>
      </object_component>
      <object_component id="oc-fb">
         <name>.text</name>
         <load_address>0x50f4</load_address>
         <run_address>0x50f4</run_address>
         <size>0x88</size>
         <input_file_ref idref="fl-5"/>
      </object_component>
      <object_component id="oc-1fe">
         <name>.text:__aeabi_cdcmple</name>
         <load_address>0x517c</load_address>
         <run_address>0x517c</run_address>
         <size>0x86</size>
         <input_file_ref idref="fl-d8"/>
      </object_component>
      <object_component id="oc-237">
         <name>.text:__aeabi_cdrcmple</name>
         <load_address>0x5202</load_address>
         <run_address>0x5202</run_address>
         <size>0x86</size>
         <input_file_ref idref="fl-d8"/>
      </object_component>
      <object_component id="oc-96">
         <name>.text</name>
         <load_address>0x5288</load_address>
         <run_address>0x5288</run_address>
         <size>0x7a</size>
         <input_file_ref idref="fl-e2"/>
      </object_component>
      <object_component id="oc-3b0">
         <name>.text:split</name>
         <load_address>0x5304</load_address>
         <run_address>0x5304</run_address>
         <size>0x70</size>
         <input_file_ref idref="fl-e6"/>
      </object_component>
      <object_component id="oc-3e3">
         <name>.text:_mcpy</name>
         <load_address>0x5374</load_address>
         <run_address>0x5374</run_address>
         <size>0x6e</size>
         <input_file_ref idref="fl-ec"/>
      </object_component>
      <object_component id="oc-1ab">
         <name>.text</name>
         <load_address>0x53e2</load_address>
         <run_address>0x53e2</run_address>
         <size>0x6e</size>
         <input_file_ref idref="fl-dc"/>
      </object_component>
      <object_component id="oc-22d">
         <name>.text</name>
         <load_address>0x5450</load_address>
         <run_address>0x5450</run_address>
         <size>0x6c</size>
         <input_file_ref idref="fl-de"/>
      </object_component>
      <object_component id="oc-15">
         <name>.text:decompress:lzss:__TI_decompress_lzss</name>
         <load_address>0x54bc</load_address>
         <run_address>0x54bc</run_address>
         <size>0x68</size>
         <input_file_ref idref="fl-e5"/>
      </object_component>
      <object_component id="oc-3f8">
         <name>.text:frexp</name>
         <load_address>0x5524</load_address>
         <run_address>0x5524</run_address>
         <size>0x64</size>
         <input_file_ref idref="fl-fa"/>
      </object_component>
      <object_component id="oc-366">
         <name>.text:_pconv_f</name>
         <load_address>0x5588</load_address>
         <run_address>0x5588</run_address>
         <size>0x56</size>
         <input_file_ref idref="fl-ec"/>
      </object_component>
      <object_component id="oc-3d7">
         <name>.text:__TI_ltoa</name>
         <load_address>0x55de</load_address>
         <run_address>0x55de</run_address>
         <size>0x54</size>
         <input_file_ref idref="fl-f3"/>
      </object_component>
      <object_component id="oc-3dd">
         <name>.text:_ecpy</name>
         <load_address>0x5632</load_address>
         <run_address>0x5632</run_address>
         <size>0x52</size>
         <input_file_ref idref="fl-ec"/>
      </object_component>
      <object_component id="oc-354">
         <name>.text:atoi</name>
         <load_address>0x5684</load_address>
         <run_address>0x5684</run_address>
         <size>0x4c</size>
         <input_file_ref idref="fl-f5"/>
      </object_component>
      <object_component id="oc-1e4">
         <name>.text</name>
         <load_address>0x56d0</load_address>
         <run_address>0x56d0</run_address>
         <size>0x48</size>
         <input_file_ref idref="fl-db"/>
      </object_component>
      <object_component id="oc-138">
         <name>.text:__TI_auto_init_nobinit_nopinit:__TI_auto_init_nobinit_nopinit</name>
         <load_address>0x5718</load_address>
         <run_address>0x5718</run_address>
         <size>0x44</size>
         <input_file_ref idref="fl-ee"/>
      </object_component>
      <object_component id="oc-1e9">
         <name>.text:sprintf</name>
         <load_address>0x575c</load_address>
         <run_address>0x575c</run_address>
         <size>0x40</size>
         <input_file_ref idref="fl-d4"/>
      </object_component>
      <object_component id="oc-1c9">
         <name>.text:vsnprintf</name>
         <load_address>0x579c</load_address>
         <run_address>0x579c</run_address>
         <size>0x40</size>
         <input_file_ref idref="fl-d5"/>
      </object_component>
      <object_component id="oc-3f0">
         <name>.text:_fcpy</name>
         <load_address>0x57dc</load_address>
         <run_address>0x57dc</run_address>
         <size>0x3e</size>
         <input_file_ref idref="fl-ec"/>
      </object_component>
      <object_component id="oc-107">
         <name>.text</name>
         <load_address>0x581c</load_address>
         <run_address>0x581c</run_address>
         <size>0x3c</size>
         <input_file_ref idref="fl-c"/>
      </object_component>
      <object_component id="oc-16c">
         <name>.text:calloc</name>
         <load_address>0x5858</load_address>
         <run_address>0x5858</run_address>
         <size>0x38</size>
         <input_file_ref idref="fl-e6"/>
      </object_component>
      <object_component id="oc-1b0">
         <name>.text</name>
         <load_address>0x5890</load_address>
         <run_address>0x5890</run_address>
         <size>0x38</size>
         <input_file_ref idref="fl-dd"/>
      </object_component>
      <object_component id="oc-185">
         <name>.text:IntRegister</name>
         <load_address>0x58c8</load_address>
         <run_address>0x58c8</run_address>
         <size>0x34</size>
         <input_file_ref idref="fl-ff"/>
      </object_component>
      <object_component id="oc-5c">
         <name>.text:_c_int00_noargs:_c_int00_noargs</name>
         <load_address>0x58fc</load_address>
         <run_address>0x58fc</run_address>
         <size>0x34</size>
         <input_file_ref idref="fl-ea"/>
      </object_component>
      <object_component id="oc-2ab">
         <name>.text:_outs</name>
         <load_address>0x5930</load_address>
         <run_address>0x5930</run_address>
         <size>0x30</size>
         <input_file_ref idref="fl-d5"/>
      </object_component>
      <object_component id="oc-19e">
         <name>.text</name>
         <load_address>0x5960</load_address>
         <run_address>0x5960</run_address>
         <size>0x2e</size>
         <input_file_ref idref="fl-df"/>
      </object_component>
      <object_component id="oc-278">
         <name>.text:free_list_insert</name>
         <load_address>0x5990</load_address>
         <run_address>0x5990</run_address>
         <size>0x28</size>
         <input_file_ref idref="fl-e6"/>
      </object_component>
      <object_component id="oc-1df">
         <name>.text</name>
         <load_address>0x59b8</load_address>
         <run_address>0x59b8</run_address>
         <size>0x20</size>
         <input_file_ref idref="fl-e1"/>
      </object_component>
      <object_component id="oc-4a">
         <name>.text:decompress:ZI:__TI_zero_init_nomemset:__TI_zero_init_nomemset</name>
         <load_address>0x59d8</load_address>
         <run_address>0x59d8</run_address>
         <size>0x1c</size>
         <input_file_ref idref="fl-e3"/>
      </object_component>
      <object_component id="oc-272">
         <name>.text:free_list_remove</name>
         <load_address>0x59f4</load_address>
         <run_address>0x59f4</run_address>
         <size>0x1c</size>
         <input_file_ref idref="fl-e6"/>
      </object_component>
      <object_component id="oc-378">
         <name>.text:memccpy</name>
         <load_address>0x5a10</load_address>
         <run_address>0x5a10</run_address>
         <size>0x1c</size>
         <input_file_ref idref="fl-f7"/>
      </object_component>
      <object_component id="oc-444">
         <name>.text:copysign</name>
         <load_address>0x5a2c</load_address>
         <run_address>0x5a2c</run_address>
         <size>0x1a</size>
         <input_file_ref idref="fl-fc"/>
      </object_component>
      <object_component id="oc-2b1">
         <name>.text:_outc</name>
         <load_address>0x5a46</load_address>
         <run_address>0x5a46</run_address>
         <size>0x18</size>
         <input_file_ref idref="fl-d5"/>
      </object_component>
      <object_component id="oc-2c9">
         <name>.text:_outs</name>
         <load_address>0x5a5e</load_address>
         <run_address>0x5a5e</run_address>
         <size>0x18</size>
         <input_file_ref idref="fl-d4"/>
      </object_component>
      <object_component id="oc-178">
         <name>.text:oi_parseInt</name>
         <load_address>0x5a76</load_address>
         <run_address>0x5a76</run_address>
         <size>0x18</size>
         <input_file_ref idref="fl-d"/>
      </object_component>
      <object_component id="oc-17f">
         <name>.text:strcmp</name>
         <load_address>0x5a8e</load_address>
         <run_address>0x5a8e</run_address>
         <size>0x18</size>
         <input_file_ref idref="fl-e7"/>
      </object_component>
      <object_component id="oc-404">
         <name>.text:strchr</name>
         <load_address>0x5aa6</load_address>
         <run_address>0x5aa6</run_address>
         <size>0x16</size>
         <input_file_ref idref="fl-f8"/>
      </object_component>
      <object_component id="oc-1cf">
         <name>.text:strcpy</name>
         <load_address>0x5abc</load_address>
         <run_address>0x5abc</run_address>
         <size>0x14</size>
         <input_file_ref idref="fl-e8"/>
      </object_component>
      <object_component id="oc-34e">
         <name>.text:strlen</name>
         <load_address>0x5ad0</load_address>
         <run_address>0x5ad0</run_address>
         <size>0x14</size>
         <input_file_ref idref="fl-f9"/>
      </object_component>
      <object_component id="oc-37e">
         <name>.text:wcslen</name>
         <load_address>0x5ae4</load_address>
         <run_address>0x5ae4</run_address>
         <size>0x12</size>
         <input_file_ref idref="fl-fd"/>
      </object_component>
      <object_component id="oc-18b">
         <name>.text:IntMasterEnable</name>
         <load_address>0x5af6</load_address>
         <run_address>0x5af6</run_address>
         <size>0x10</size>
         <input_file_ref idref="fl-ff"/>
      </object_component>
      <object_component id="oc-1c2">
         <name>.text:lcd_clear</name>
         <load_address>0x5b06</load_address>
         <run_address>0x5b06</run_address>
         <size>0x10</size>
         <input_file_ref idref="fl-9"/>
      </object_component>
      <object_component id="oc-1b">
         <name>.text:decompress:none:__TI_decompress_none</name>
         <load_address>0x5b16</load_address>
         <run_address>0x5b16</run_address>
         <size>0xe</size>
         <input_file_ref idref="fl-e4"/>
      </object_component>
      <object_component id="oc-28b">
         <name>.text:CPUcpsie</name>
         <load_address>0x5b24</load_address>
         <run_address>0x5b24</run_address>
         <size>0xc</size>
         <input_file_ref idref="fl-100"/>
      </object_component>
      <object_component id="oc-2a">
         <name>.text</name>
         <load_address>0x5b30</load_address>
         <run_address>0x5b30</run_address>
         <size>0xc</size>
         <input_file_ref idref="fl-10"/>
      </object_component>
      <object_component id="oc-2cf">
         <name>.text:_outc</name>
         <load_address>0x5b3c</load_address>
         <run_address>0x5b3c</run_address>
         <size>0xa</size>
         <input_file_ref idref="fl-d4"/>
      </object_component>
      <object_component id="oc-384">
         <name>.text:__aeabi_errno_addr</name>
         <load_address>0x5b48</load_address>
         <run_address>0x5b48</run_address>
         <size>0x8</size>
         <input_file_ref idref="fl-e9"/>
      </object_component>
      <object_component id="oc-21f">
         <name>.text:malloc</name>
         <load_address>0x5b50</load_address>
         <run_address>0x5b50</run_address>
         <size>0x8</size>
         <input_file_ref idref="fl-e6"/>
      </object_component>
      <object_component id="oc-9c">
         <name>.text:_system_pre_init</name>
         <load_address>0x5b58</load_address>
         <run_address>0x5b58</run_address>
         <size>0x4</size>
         <input_file_ref idref="fl-ef"/>
      </object_component>
      <object_component id="oc-12c">
         <name>.text:abort:abort</name>
         <load_address>0x5b5c</load_address>
         <run_address>0x5b5c</run_address>
         <size>0x4</size>
         <input_file_ref idref="fl-f1"/>
      </object_component>
      <object_component id="oc-3cc">
         <name>.const:.string:_ctypes_</name>
         <load_address>0x5b60</load_address>
         <run_address>0x5b60</run_address>
         <size>0x101</size>
         <input_file_ref idref="fl-f6"/>
      </object_component>
      <object_component id="oc-304">
         <name>.const:.string</name>
         <load_address>0x5c64</load_address>
         <run_address>0x5c64</run_address>
         <size>0x3a</size>
         <input_file_ref idref="fl-4"/>
      </object_component>
      <object_component id="oc-11f">
         <name>.const:$P$T0$1</name>
         <load_address>0x5c9e</load_address>
         <run_address>0x5c9e</run_address>
         <size>0x16</size>
         <input_file_ref idref="fl-a"/>
      </object_component>
      <object_component id="oc-23c">
         <name>.const:$P$T0$1</name>
         <load_address>0x5cb4</load_address>
         <run_address>0x5cb4</run_address>
         <size>0x16</size>
         <input_file_ref idref="fl-b"/>
      </object_component>
      <object_component id="oc-1a8">
         <name>.const:.string:$P$T0$3</name>
         <load_address>0x5cca</load_address>
         <run_address>0x5cca</run_address>
         <size>0xf</size>
         <input_file_ref idref="fl-d"/>
      </object_component>
      <object_component id="oc-217">
         <name>.const:.string:$P$T0$1</name>
         <load_address>0x5cd9</load_address>
         <run_address>0x5cd9</run_address>
         <size>0xb</size>
         <input_file_ref idref="fl-c"/>
      </object_component>
      <object_component id="oc-21a">
         <name>.const:.string:$P$T1$2</name>
         <load_address>0x5ce4</load_address>
         <run_address>0x5ce4</run_address>
         <size>0xb</size>
         <input_file_ref idref="fl-c"/>
      </object_component>
      <object_component id="oc-3a6">
         <name>.const:Zero</name>
         <load_address>0x5cf0</load_address>
         <run_address>0x5cf0</run_address>
         <size>0x8</size>
         <input_file_ref idref="fl-eb"/>
      </object_component>
      <object_component id="oc-1ef">
         <name>.const:.string:$P$T0$1</name>
         <load_address>0x5cf8</load_address>
         <run_address>0x5cf8</run_address>
         <size>0x7</size>
         <input_file_ref idref="fl-11"/>
      </object_component>
      <object_component id="oc-1d5">
         <name>.const:.string:lineAddress$1</name>
         <load_address>0x5cff</load_address>
         <run_address>0x5cff</run_address>
         <size>0x4</size>
         <input_file_ref idref="fl-9"/>
      </object_component>
      <object_component id="oc-1d6">
         <name>.const:.string:lineAddresses$2</name>
         <load_address>0x5d03</load_address>
         <run_address>0x5d03</run_address>
         <size>0x4</size>
         <input_file_ref idref="fl-9"/>
      </object_component>
      <object_component id="oc-49d">
         <name>.cinit..data.load</name>
         <load_address>0x5d08</load_address>
         <run_address>0x5d08</run_address>
         <size>0x3d</size>
      </object_component>
      <object_component id="oc-49a">
         <name>__TI_handler_table</name>
         <load_address>0x5d48</load_address>
         <run_address>0x5d48</run_address>
         <size>0xc</size>
      </object_component>
      <object_component id="oc-49e">
         <name>.cinit..bss.load</name>
         <load_address>0x5d58</load_address>
         <run_address>0x5d58</run_address>
         <size>0x8</size>
      </object_component>
      <object_component id="oc-49c">
         <name>.cinit..vtable.load</name>
         <load_address>0x5d60</load_address>
         <run_address>0x5d60</run_address>
         <size>0x8</size>
      </object_component>
      <object_component id="oc-49b">
         <name>__TI_cinit_table</name>
         <load_address>0x5d68</load_address>
         <run_address>0x5d68</run_address>
         <size>0x18</size>
      </object_component>
      <object_component id="oc-281">
         <name>.vtable</name>
         <uninitialized>true</uninitialized>
         <run_address>0x20000000</run_address>
         <size>0x26c</size>
         <input_file_ref idref="fl-ff"/>
      </object_component>
      <object_component id="oc-1bd">
         <name>.data</name>
         <load_address>0x200022c1</load_address>
         <run_address>0x200022c1</run_address>
         <size>0x1</size>
         <input_file_ref idref="fl-2"/>
      </object_component>
      <object_component id="oc-225">
         <name>.data</name>
         <load_address>0x200022c2</load_address>
         <run_address>0x200022c2</run_address>
         <size>0x1</size>
         <input_file_ref idref="fl-4"/>
      </object_component>
      <object_component id="oc-228">
         <name>.data:statuses</name>
         <load_address>0x200022a8</load_address>
         <run_address>0x200022a8</run_address>
         <size>0x10</size>
         <input_file_ref idref="fl-4"/>
      </object_component>
      <object_component id="oc-1f9">
         <name>.data</name>
         <load_address>0x200022c3</load_address>
         <run_address>0x200022c3</run_address>
         <size>0x1</size>
         <input_file_ref idref="fl-5"/>
      </object_component>
      <object_component id="oc-20d">
         <name>.data:parkingCol1</name>
         <load_address>0x200022e2</load_address>
         <run_address>0x200022e2</run_address>
         <size>0x7</size>
         <input_file_ref idref="fl-6"/>
      </object_component>
      <object_component id="oc-204">
         <name>.data:parkingCol2</name>
         <load_address>0x200022e9</load_address>
         <run_address>0x200022e9</run_address>
         <size>0x7</size>
         <input_file_ref idref="fl-6"/>
      </object_component>
      <object_component id="oc-20a">
         <name>.data:botCol1</name>
         <load_address>0x200022d4</load_address>
         <run_address>0x200022d4</run_address>
         <size>0x7</size>
         <input_file_ref idref="fl-6"/>
      </object_component>
      <object_component id="oc-207">
         <name>.data:botCol2</name>
         <load_address>0x200022db</load_address>
         <run_address>0x200022db</run_address>
         <size>0x7</size>
         <input_file_ref idref="fl-6"/>
      </object_component>
      <object_component id="oc-1fb">
         <name>.data</name>
         <load_address>0x20002290</load_address>
         <run_address>0x20002290</run_address>
         <size>0x18</size>
         <input_file_ref idref="fl-6"/>
      </object_component>
      <object_component id="oc-191">
         <name>.data</name>
         <load_address>0x20002270</load_address>
         <run_address>0x20002270</run_address>
         <size>0x20</size>
         <input_file_ref idref="fl-d"/>
      </object_component>
      <object_component id="oc-1f5">
         <name>.data</name>
         <load_address>0x200022b8</load_address>
         <run_address>0x200022b8</run_address>
         <size>0x9</size>
         <input_file_ref idref="fl-e"/>
      </object_component>
      <object_component id="oc-338">
         <name>.data:$O1$$</name>
         <load_address>0x200022cc</load_address>
         <run_address>0x200022cc</run_address>
         <size>0x8</size>
         <input_file_ref idref="fl-e6"/>
      </object_component>
      <object_component id="oc-414">
         <name>.data</name>
         <load_address>0x200022f0</load_address>
         <run_address>0x200022f0</run_address>
         <size>0x4</size>
         <input_file_ref idref="fl-e9"/>
      </object_component>
      <object_component id="oc-255">
         <name>.data:$O1$$</name>
         <load_address>0x200022c4</load_address>
         <run_address>0x200022c4</run_address>
         <size>0x8</size>
         <input_file_ref idref="fl-f2"/>
      </object_component>
      <object_component id="oc-1d7">
         <name>.bss:lastbuffer$3</name>
         <uninitialized>true</uninitialized>
         <run_address>0x200022f4</run_address>
         <size>0x54</size>
         <input_file_ref idref="fl-9"/>
      </object_component>
      <object_component id="oc-1b5">
         <name>.bss:firmware$2</name>
         <uninitialized>true</uninitialized>
         <run_address>0x20002348</run_address>
         <size>0x18</size>
         <input_file_ref idref="fl-d"/>
      </object_component>
      <object_component id="oc-1c0">
         <name>.common:_timeout_ticks</name>
         <uninitialized>true</uninitialized>
         <run_address>0x20002360</run_address>
         <size>0x4</size>
      </object_component>
      <object_component id="oc-122">
         <name>.common:heading</name>
         <uninitialized>true</uninitialized>
         <run_address>0x20002370</run_address>
         <size>0x4</size>
      </object_component>
      <object_component id="oc-203">
         <name>.common:currentPos</name>
         <uninitialized>true</uninitialized>
         <run_address>0x20002364</run_address>
         <size>0x4</size>
      </object_component>
      <object_component id="oc-232">
         <name>.common:globalSlope</name>
         <uninitialized>true</uninitialized>
         <run_address>0x2000236c</run_address>
         <size>0x4</size>
      </object_component>
      <object_component id="oc-235">
         <name>.common:globalOffset</name>
         <uninitialized>true</uninitialized>
         <run_address>0x20002368</run_address>
         <size>0x4</size>
      </object_component>
      <object_component id="oc-24">
         <name>.sysmem</name>
         <uninitialized>true</uninitialized>
         <run_address>0x20001270</run_address>
         <size>0x10</size>
         <input_file_ref idref="fl-e6"/>
      </object_component>
      <object_component id="oc-4a1">
         <name>.sysmem</name>
         <uninitialized>true</uninitialized>
         <run_address>0x20001270</run_address>
         <size>0x0</size>
      </object_component>
      <object_component id="oc-27">
         <name>.stack</name>
         <uninitialized>true</uninitialized>
         <run_address>0x20000270</run_address>
         <size>0x4</size>
         <input_file_ref idref="fl-ea"/>
      </object_component>
      <object_component id="oc-4a0">
         <name>.stack</name>
         <uninitialized>true</uninitialized>
         <run_address>0x20000270</run_address>
         <size>0x0</size>
      </object_component>
      <object_component id="oc-c5">
         <name>.debug_info</name>
         <load_address>0x0</load_address>
         <run_address>0x0</run_address>
         <size>0x2b1</size>
         <input_file_ref idref="fl-2"/>
      </object_component>
      <object_component id="oc-1be">
         <name>.debug_info</name>
         <load_address>0x2b1</load_address>
         <run_address>0x2b1</run_address>
         <size>0xbf</size>
         <input_file_ref idref="fl-2"/>
      </object_component>
      <object_component id="oc-de">
         <name>.debug_info</name>
         <load_address>0x370</load_address>
         <run_address>0x370</run_address>
         <size>0x507</size>
         <input_file_ref idref="fl-2"/>
      </object_component>
      <object_component id="oc-77">
         <name>.debug_info</name>
         <load_address>0x877</load_address>
         <run_address>0x877</run_address>
         <size>0x26b</size>
         <input_file_ref idref="fl-2"/>
      </object_component>
      <object_component id="oc-39">
         <name>.debug_info</name>
         <load_address>0xae2</load_address>
         <run_address>0xae2</run_address>
         <size>0x84</size>
         <input_file_ref idref="fl-2"/>
      </object_component>
      <object_component id="oc-c0">
         <name>.debug_info</name>
         <load_address>0xb66</load_address>
         <run_address>0xb66</run_address>
         <size>0x2a4</size>
         <input_file_ref idref="fl-2"/>
      </object_component>
      <object_component id="oc-7c">
         <name>.debug_info</name>
         <load_address>0xe0a</load_address>
         <run_address>0xe0a</run_address>
         <size>0xbb</size>
         <input_file_ref idref="fl-2"/>
      </object_component>
      <object_component id="oc-316">
         <name>.debug_info</name>
         <load_address>0xec5</load_address>
         <run_address>0xec5</run_address>
         <size>0x254</size>
         <input_file_ref idref="fl-3"/>
      </object_component>
      <object_component id="oc-f0">
         <name>.debug_info</name>
         <load_address>0x1119</load_address>
         <run_address>0x1119</run_address>
         <size>0x140</size>
         <input_file_ref idref="fl-3"/>
      </object_component>
      <object_component id="oc-ce">
         <name>.debug_info</name>
         <load_address>0x1259</load_address>
         <run_address>0x1259</run_address>
         <size>0x2c</size>
         <input_file_ref idref="fl-3"/>
      </object_component>
      <object_component id="oc-1da">
         <name>.debug_info</name>
         <load_address>0x1285</load_address>
         <run_address>0x1285</run_address>
         <size>0x2c</size>
         <input_file_ref idref="fl-3"/>
      </object_component>
      <object_component id="oc-24a">
         <name>.debug_info</name>
         <load_address>0x12b1</load_address>
         <run_address>0x12b1</run_address>
         <size>0x35</size>
         <input_file_ref idref="fl-3"/>
      </object_component>
      <object_component id="oc-22c">
         <name>.debug_info</name>
         <load_address>0x12e6</load_address>
         <run_address>0x12e6</run_address>
         <size>0x40c</size>
         <input_file_ref idref="fl-4"/>
      </object_component>
      <object_component id="oc-226">
         <name>.debug_info</name>
         <load_address>0x16f2</load_address>
         <run_address>0x16f2</run_address>
         <size>0xde</size>
         <input_file_ref idref="fl-4"/>
      </object_component>
      <object_component id="oc-229">
         <name>.debug_info</name>
         <load_address>0x17d0</load_address>
         <run_address>0x17d0</run_address>
         <size>0xc0</size>
         <input_file_ref idref="fl-4"/>
      </object_component>
      <object_component id="oc-10f">
         <name>.debug_info</name>
         <load_address>0x1890</load_address>
         <run_address>0x1890</run_address>
         <size>0xa22</size>
         <input_file_ref idref="fl-4"/>
      </object_component>
      <object_component id="oc-127">
         <name>.debug_info</name>
         <load_address>0x22b2</load_address>
         <run_address>0x22b2</run_address>
         <size>0x25e</size>
         <input_file_ref idref="fl-4"/>
      </object_component>
      <object_component id="oc-309">
         <name>.debug_info</name>
         <load_address>0x2510</load_address>
         <run_address>0x2510</run_address>
         <size>0x110</size>
         <input_file_ref idref="fl-4"/>
      </object_component>
      <object_component id="oc-1b8">
         <name>.debug_info</name>
         <load_address>0x2620</load_address>
         <run_address>0x2620</run_address>
         <size>0x8b</size>
         <input_file_ref idref="fl-4"/>
      </object_component>
      <object_component id="oc-fe">
         <name>.debug_info</name>
         <load_address>0x26ab</load_address>
         <run_address>0x26ab</run_address>
         <size>0x174</size>
         <input_file_ref idref="fl-5"/>
      </object_component>
      <object_component id="oc-123">
         <name>.debug_info</name>
         <load_address>0x281f</load_address>
         <run_address>0x281f</run_address>
         <size>0x59c</size>
         <input_file_ref idref="fl-6"/>
      </object_component>
      <object_component id="oc-20e">
         <name>.debug_info</name>
         <load_address>0x2dbb</load_address>
         <run_address>0x2dbb</run_address>
         <size>0xd2</size>
         <input_file_ref idref="fl-6"/>
      </object_component>
      <object_component id="oc-205">
         <name>.debug_info</name>
         <load_address>0x2e8d</load_address>
         <run_address>0x2e8d</run_address>
         <size>0xd2</size>
         <input_file_ref idref="fl-6"/>
      </object_component>
      <object_component id="oc-20b">
         <name>.debug_info</name>
         <load_address>0x2f5f</load_address>
         <run_address>0x2f5f</run_address>
         <size>0xca</size>
         <input_file_ref idref="fl-6"/>
      </object_component>
      <object_component id="oc-208">
         <name>.debug_info</name>
         <load_address>0x3029</load_address>
         <run_address>0x3029</run_address>
         <size>0xca</size>
         <input_file_ref idref="fl-6"/>
      </object_component>
      <object_component id="oc-1fc">
         <name>.debug_info</name>
         <load_address>0x30f3</load_address>
         <run_address>0x30f3</run_address>
         <size>0x189</size>
         <input_file_ref idref="fl-6"/>
      </object_component>
      <object_component id="oc-103">
         <name>.debug_info</name>
         <load_address>0x327c</load_address>
         <run_address>0x327c</run_address>
         <size>0x125f</size>
         <input_file_ref idref="fl-6"/>
      </object_component>
      <object_component id="oc-245">
         <name>.debug_info</name>
         <load_address>0x44db</load_address>
         <run_address>0x44db</run_address>
         <size>0x5aa</size>
         <input_file_ref idref="fl-6"/>
      </object_component>
      <object_component id="oc-29e">
         <name>.debug_info</name>
         <load_address>0x4a85</load_address>
         <run_address>0x4a85</run_address>
         <size>0xcc</size>
         <input_file_ref idref="fl-6"/>
      </object_component>
      <object_component id="oc-1d9">
         <name>.debug_info</name>
         <load_address>0x4b51</load_address>
         <run_address>0x4b51</run_address>
         <size>0x37f</size>
         <input_file_ref idref="fl-9"/>
      </object_component>
      <object_component id="oc-1c4">
         <name>.debug_info</name>
         <load_address>0x4ed0</load_address>
         <run_address>0x4ed0</run_address>
         <size>0x114</size>
         <input_file_ref idref="fl-9"/>
      </object_component>
      <object_component id="oc-e6">
         <name>.debug_info</name>
         <load_address>0x4fe4</load_address>
         <run_address>0x4fe4</run_address>
         <size>0x8a0</size>
         <input_file_ref idref="fl-9"/>
      </object_component>
      <object_component id="oc-126">
         <name>.debug_info</name>
         <load_address>0x5884</load_address>
         <run_address>0x5884</run_address>
         <size>0x60e</size>
         <input_file_ref idref="fl-a"/>
      </object_component>
      <object_component id="oc-120">
         <name>.debug_info</name>
         <load_address>0x5e92</load_address>
         <run_address>0x5e92</run_address>
         <size>0xbb</size>
         <input_file_ref idref="fl-a"/>
      </object_component>
      <object_component id="oc-a3">
         <name>.debug_info</name>
         <load_address>0x5f4d</load_address>
         <run_address>0x5f4d</run_address>
         <size>0x357</size>
         <input_file_ref idref="fl-a"/>
      </object_component>
      <object_component id="oc-240">
         <name>.debug_info</name>
         <load_address>0x62a4</load_address>
         <run_address>0x62a4</run_address>
         <size>0x40d</size>
         <input_file_ref idref="fl-b"/>
      </object_component>
      <object_component id="oc-23d">
         <name>.debug_info</name>
         <load_address>0x66b1</load_address>
         <run_address>0x66b1</run_address>
         <size>0xbf</size>
         <input_file_ref idref="fl-b"/>
      </object_component>
      <object_component id="oc-11a">
         <name>.debug_info</name>
         <load_address>0x6770</load_address>
         <run_address>0x6770</run_address>
         <size>0xa94</size>
         <input_file_ref idref="fl-b"/>
      </object_component>
      <object_component id="oc-21e">
         <name>.debug_info</name>
         <load_address>0x7204</load_address>
         <run_address>0x7204</run_address>
         <size>0x2dc</size>
         <input_file_ref idref="fl-c"/>
      </object_component>
      <object_component id="oc-218">
         <name>.debug_info</name>
         <load_address>0x74e0</load_address>
         <run_address>0x74e0</run_address>
         <size>0xbc</size>
         <input_file_ref idref="fl-c"/>
      </object_component>
      <object_component id="oc-21b">
         <name>.debug_info</name>
         <load_address>0x759c</load_address>
         <run_address>0x759c</run_address>
         <size>0xbc</size>
         <input_file_ref idref="fl-c"/>
      </object_component>
      <object_component id="oc-108">
         <name>.debug_info</name>
         <load_address>0x7658</load_address>
         <run_address>0x7658</run_address>
         <size>0x193</size>
         <input_file_ref idref="fl-c"/>
      </object_component>
      <object_component id="oc-1b7">
         <name>.debug_info</name>
         <load_address>0x77eb</load_address>
         <run_address>0x77eb</run_address>
         <size>0x3fc</size>
         <input_file_ref idref="fl-d"/>
      </object_component>
      <object_component id="oc-192">
         <name>.debug_info</name>
         <load_address>0x7be7</load_address>
         <run_address>0x7be7</run_address>
         <size>0x111</size>
         <input_file_ref idref="fl-d"/>
      </object_component>
      <object_component id="oc-1a9">
         <name>.debug_info</name>
         <load_address>0x7cf8</load_address>
         <run_address>0x7cf8</run_address>
         <size>0xc6</size>
         <input_file_ref idref="fl-d"/>
      </object_component>
      <object_component id="oc-17a">
         <name>.debug_info</name>
         <load_address>0x7dbe</load_address>
         <run_address>0x7dbe</run_address>
         <size>0x13e</size>
         <input_file_ref idref="fl-d"/>
      </object_component>
      <object_component id="oc-d9">
         <name>.debug_info</name>
         <load_address>0x7efc</load_address>
         <run_address>0x7efc</run_address>
         <size>0x1988</size>
         <input_file_ref idref="fl-d"/>
      </object_component>
      <object_component id="oc-2dd">
         <name>.debug_info</name>
         <load_address>0x9884</load_address>
         <run_address>0x9884</run_address>
         <size>0x2f0</size>
         <input_file_ref idref="fl-e"/>
      </object_component>
      <object_component id="oc-1f6">
         <name>.debug_info</name>
         <load_address>0x9b74</load_address>
         <run_address>0x9b74</run_address>
         <size>0xfe</size>
         <input_file_ref idref="fl-e"/>
      </object_component>
      <object_component id="oc-f6">
         <name>.debug_info</name>
         <load_address>0x9c72</load_address>
         <run_address>0x9c72</run_address>
         <size>0x2f7</size>
         <input_file_ref idref="fl-e"/>
      </object_component>
      <object_component id="oc-3a2">
         <name>.debug_info</name>
         <load_address>0x9f69</load_address>
         <run_address>0x9f69</run_address>
         <size>0x44</size>
         <input_file_ref idref="fl-e"/>
      </object_component>
      <object_component id="oc-233">
         <name>.debug_info</name>
         <load_address>0x9fad</load_address>
         <run_address>0x9fad</run_address>
         <size>0x336</size>
         <input_file_ref idref="fl-f"/>
      </object_component>
      <object_component id="oc-116">
         <name>.debug_info</name>
         <load_address>0xa2e3</load_address>
         <run_address>0xa2e3</run_address>
         <size>0x46d</size>
         <input_file_ref idref="fl-f"/>
      </object_component>
      <object_component id="oc-32">
         <name>.debug_info</name>
         <load_address>0xa750</load_address>
         <run_address>0xa750</run_address>
         <size>0x29b</size>
         <input_file_ref idref="fl-10"/>
      </object_component>
      <object_component id="oc-13">
         <name>.debug_info</name>
         <load_address>0xa9eb</load_address>
         <run_address>0xa9eb</run_address>
         <size>0xda</size>
         <input_file_ref idref="fl-10"/>
      </object_component>
      <object_component id="oc-2c">
         <name>.debug_info</name>
         <load_address>0xaac5</load_address>
         <run_address>0xaac5</run_address>
         <size>0x256</size>
         <input_file_ref idref="fl-10"/>
      </object_component>
      <object_component id="oc-1f3">
         <name>.debug_info</name>
         <load_address>0xad1b</load_address>
         <run_address>0xad1b</run_address>
         <size>0x2d6</size>
         <input_file_ref idref="fl-11"/>
      </object_component>
      <object_component id="oc-1f0">
         <name>.debug_info</name>
         <load_address>0xaff1</load_address>
         <run_address>0xaff1</run_address>
         <size>0xbb</size>
         <input_file_ref idref="fl-11"/>
      </object_component>
      <object_component id="oc-ea">
         <name>.debug_info</name>
         <load_address>0xb0ac</load_address>
         <run_address>0xb0ac</run_address>
         <size>0x7e0</size>
         <input_file_ref idref="fl-11"/>
      </object_component>
      <object_component id="oc-467">
         <name>.debug_info</name>
         <load_address>0xb88c</load_address>
         <run_address>0xb88c</run_address>
         <size>0x39</size>
         <input_file_ref idref="fl-ce"/>
      </object_component>
      <object_component id="oc-43f">
         <name>.debug_info</name>
         <load_address>0xb8c5</load_address>
         <run_address>0xb8c5</run_address>
         <size>0x2c</size>
         <input_file_ref idref="fl-ce"/>
      </object_component>
      <object_component id="oc-3ab">
         <name>.debug_info</name>
         <load_address>0xb8f1</load_address>
         <run_address>0xb8f1</run_address>
         <size>0x46</size>
         <input_file_ref idref="fl-cf"/>
      </object_component>
      <object_component id="oc-2f0">
         <name>.debug_info</name>
         <load_address>0xb937</load_address>
         <run_address>0xb937</run_address>
         <size>0x39</size>
         <input_file_ref idref="fl-cf"/>
      </object_component>
      <object_component id="oc-211">
         <name>.debug_info</name>
         <load_address>0xb970</load_address>
         <run_address>0xb970</run_address>
         <size>0x21f</size>
         <input_file_ref idref="fl-d0"/>
      </object_component>
      <object_component id="oc-2d6">
         <name>.debug_info</name>
         <load_address>0xbb8f</load_address>
         <run_address>0xbb8f</run_address>
         <size>0x333</size>
         <input_file_ref idref="fl-d4"/>
      </object_component>
      <object_component id="oc-1ea">
         <name>.debug_info</name>
         <load_address>0xbec2</load_address>
         <run_address>0xbec2</run_address>
         <size>0x1d1</size>
         <input_file_ref idref="fl-d4"/>
      </object_component>
      <object_component id="oc-2cb">
         <name>.debug_info</name>
         <load_address>0xc093</load_address>
         <run_address>0xc093</run_address>
         <size>0x18d</size>
         <input_file_ref idref="fl-d4"/>
      </object_component>
      <object_component id="oc-2d0">
         <name>.debug_info</name>
         <load_address>0xc220</load_address>
         <run_address>0xc220</run_address>
         <size>0x16d</size>
         <input_file_ref idref="fl-d4"/>
      </object_component>
      <object_component id="oc-2b9">
         <name>.debug_info</name>
         <load_address>0xc38d</load_address>
         <run_address>0xc38d</run_address>
         <size>0x2c</size>
         <input_file_ref idref="fl-d4"/>
      </object_component>
      <object_component id="oc-2b8">
         <name>.debug_info</name>
         <load_address>0xc3b9</load_address>
         <run_address>0xc3b9</run_address>
         <size>0x340</size>
         <input_file_ref idref="fl-d5"/>
      </object_component>
      <object_component id="oc-1ca">
         <name>.debug_info</name>
         <load_address>0xc6f9</load_address>
         <run_address>0xc6f9</run_address>
         <size>0x208</size>
         <input_file_ref idref="fl-d5"/>
      </object_component>
      <object_component id="oc-2ae">
         <name>.debug_info</name>
         <load_address>0xc901</load_address>
         <run_address>0xc901</run_address>
         <size>0x1c6</size>
         <input_file_ref idref="fl-d5"/>
      </object_component>
      <object_component id="oc-2b3">
         <name>.debug_info</name>
         <load_address>0xcac7</load_address>
         <run_address>0xcac7</run_address>
         <size>0x179</size>
         <input_file_ref idref="fl-d5"/>
      </object_component>
      <object_component id="oc-2be">
         <name>.debug_info</name>
         <load_address>0xcc40</load_address>
         <run_address>0xcc40</run_address>
         <size>0x69</size>
         <input_file_ref idref="fl-d5"/>
      </object_component>
      <object_component id="oc-1a4">
         <name>.debug_info</name>
         <load_address>0xcca9</load_address>
         <run_address>0xcca9</run_address>
         <size>0x14c</size>
         <input_file_ref idref="fl-d7"/>
      </object_component>
      <object_component id="oc-1ff">
         <name>.debug_info</name>
         <load_address>0xcdf5</load_address>
         <run_address>0xcdf5</run_address>
         <size>0x128</size>
         <input_file_ref idref="fl-d8"/>
      </object_component>
      <object_component id="oc-23a">
         <name>.debug_info</name>
         <load_address>0xcf1d</load_address>
         <run_address>0xcf1d</run_address>
         <size>0x12a</size>
         <input_file_ref idref="fl-d8"/>
      </object_component>
      <object_component id="oc-19c">
         <name>.debug_info</name>
         <load_address>0xd047</load_address>
         <run_address>0xd047</run_address>
         <size>0x13a</size>
         <input_file_ref idref="fl-d9"/>
      </object_component>
      <object_component id="oc-195">
         <name>.debug_info</name>
         <load_address>0xd181</load_address>
         <run_address>0xd181</run_address>
         <size>0x13a</size>
         <input_file_ref idref="fl-da"/>
      </object_component>
      <object_component id="oc-1e5">
         <name>.debug_info</name>
         <load_address>0xd2bb</load_address>
         <run_address>0xd2bb</run_address>
         <size>0x12e</size>
         <input_file_ref idref="fl-db"/>
      </object_component>
      <object_component id="oc-1ae">
         <name>.debug_info</name>
         <load_address>0xd3e9</load_address>
         <run_address>0xd3e9</run_address>
         <size>0x13e</size>
         <input_file_ref idref="fl-dc"/>
      </object_component>
      <object_component id="oc-1b1">
         <name>.debug_info</name>
         <load_address>0xd527</load_address>
         <run_address>0xd527</run_address>
         <size>0x12c</size>
         <input_file_ref idref="fl-dd"/>
      </object_component>
      <object_component id="oc-230">
         <name>.debug_info</name>
         <load_address>0xd653</load_address>
         <run_address>0xd653</run_address>
         <size>0x135</size>
         <input_file_ref idref="fl-de"/>
      </object_component>
      <object_component id="oc-19f">
         <name>.debug_info</name>
         <load_address>0xd788</load_address>
         <run_address>0xd788</run_address>
         <size>0x12c</size>
         <input_file_ref idref="fl-df"/>
      </object_component>
      <object_component id="oc-3f">
         <name>.debug_info</name>
         <load_address>0xd8b4</load_address>
         <run_address>0xd8b4</run_address>
         <size>0x119</size>
         <input_file_ref idref="fl-e0"/>
      </object_component>
      <object_component id="oc-1e1">
         <name>.debug_info</name>
         <load_address>0xd9cd</load_address>
         <run_address>0xd9cd</run_address>
         <size>0x12e</size>
         <input_file_ref idref="fl-e1"/>
      </object_component>
      <object_component id="oc-98">
         <name>.debug_info</name>
         <load_address>0xdafb</load_address>
         <run_address>0xdafb</run_address>
         <size>0x147</size>
         <input_file_ref idref="fl-e2"/>
      </object_component>
      <object_component id="oc-95">
         <name>.debug_info</name>
         <load_address>0xdc42</load_address>
         <run_address>0xdc42</run_address>
         <size>0x2d4</size>
         <input_file_ref idref="fl-e3"/>
      </object_component>
      <object_component id="oc-4c">
         <name>.debug_info</name>
         <load_address>0xdf16</load_address>
         <run_address>0xdf16</run_address>
         <size>0x1d2</size>
         <input_file_ref idref="fl-e3"/>
      </object_component>
      <object_component id="oc-90">
         <name>.debug_info</name>
         <load_address>0xe0e8</load_address>
         <run_address>0xe0e8</run_address>
         <size>0x46</size>
         <input_file_ref idref="fl-e3"/>
      </object_component>
      <object_component id="oc-49">
         <name>.debug_info</name>
         <load_address>0xe12e</load_address>
         <run_address>0xe12e</run_address>
         <size>0x2a8</size>
         <input_file_ref idref="fl-e4"/>
      </object_component>
      <object_component id="oc-1c">
         <name>.debug_info</name>
         <load_address>0xe3d6</load_address>
         <run_address>0xe3d6</run_address>
         <size>0x1ea</size>
         <input_file_ref idref="fl-e4"/>
      </object_component>
      <object_component id="oc-44">
         <name>.debug_info</name>
         <load_address>0xe5c0</load_address>
         <run_address>0xe5c0</run_address>
         <size>0x46</size>
         <input_file_ref idref="fl-e4"/>
      </object_component>
      <object_component id="oc-88">
         <name>.debug_info</name>
         <load_address>0xe606</load_address>
         <run_address>0xe606</run_address>
         <size>0x2c</size>
         <input_file_ref idref="fl-e4"/>
      </object_component>
      <object_component id="oc-86">
         <name>.debug_info</name>
         <load_address>0xe632</load_address>
         <run_address>0xe632</run_address>
         <size>0x29e</size>
         <input_file_ref idref="fl-e5"/>
      </object_component>
      <object_component id="oc-19">
         <name>.debug_info</name>
         <load_address>0xe8d0</load_address>
         <run_address>0xe8d0</run_address>
         <size>0x250</size>
         <input_file_ref idref="fl-e5"/>
      </object_component>
      <object_component id="oc-34">
         <name>.debug_info</name>
         <load_address>0xeb20</load_address>
         <run_address>0xeb20</run_address>
         <size>0x60</size>
         <input_file_ref idref="fl-e5"/>
      </object_component>
      <object_component id="oc-c7">
         <name>.debug_info</name>
         <load_address>0xeb80</load_address>
         <run_address>0xeb80</run_address>
         <size>0x46</size>
         <input_file_ref idref="fl-e5"/>
      </object_component>
      <object_component id="oc-81">
         <name>.debug_info</name>
         <load_address>0xebc6</load_address>
         <run_address>0xebc6</run_address>
         <size>0x39</size>
         <input_file_ref idref="fl-e5"/>
      </object_component>
      <object_component id="oc-70">
         <name>.debug_info</name>
         <load_address>0xebff</load_address>
         <run_address>0xebff</run_address>
         <size>0x3b2</size>
         <input_file_ref idref="fl-e6"/>
      </object_component>
      <object_component id="oc-25">
         <name>.debug_info</name>
         <load_address>0xefb1</load_address>
         <run_address>0xefb1</run_address>
         <size>0x10c</size>
         <input_file_ref idref="fl-e6"/>
      </object_component>
      <object_component id="oc-339">
         <name>.debug_info</name>
         <load_address>0xf0bd</load_address>
         <run_address>0xf0bd</run_address>
         <size>0x13f</size>
         <input_file_ref idref="fl-e6"/>
      </object_component>
      <object_component id="oc-220">
         <name>.debug_info</name>
         <load_address>0xf1fc</load_address>
         <run_address>0xf1fc</run_address>
         <size>0x168</size>
         <input_file_ref idref="fl-e6"/>
      </object_component>
      <object_component id="oc-273">
         <name>.debug_info</name>
         <load_address>0xf364</load_address>
         <run_address>0xf364</run_address>
         <size>0x18e</size>
         <input_file_ref idref="fl-e6"/>
      </object_component>
      <object_component id="oc-279">
         <name>.debug_info</name>
         <load_address>0xf4f2</load_address>
         <run_address>0xf4f2</run_address>
         <size>0x19f</size>
         <input_file_ref idref="fl-e6"/>
      </object_component>
      <object_component id="oc-173">
         <name>.debug_info</name>
         <load_address>0xf691</load_address>
         <run_address>0xf691</run_address>
         <size>0x203</size>
         <input_file_ref idref="fl-e6"/>
      </object_component>
      <object_component id="oc-3b1">
         <name>.debug_info</name>
         <load_address>0xf894</load_address>
         <run_address>0xf894</run_address>
         <size>0x1db</size>
         <input_file_ref idref="fl-e6"/>
      </object_component>
      <object_component id="oc-16e">
         <name>.debug_info</name>
         <load_address>0xfa6f</load_address>
         <run_address>0xfa6f</run_address>
         <size>0x1a5</size>
         <input_file_ref idref="fl-e6"/>
      </object_component>
      <object_component id="oc-2fc">
         <name>.debug_info</name>
         <load_address>0xfc14</load_address>
         <run_address>0xfc14</run_address>
         <size>0x299</size>
         <input_file_ref idref="fl-e6"/>
      </object_component>
      <object_component id="oc-bb">
         <name>.debug_info</name>
         <load_address>0xfead</load_address>
         <run_address>0xfead</run_address>
         <size>0xb2</size>
         <input_file_ref idref="fl-e6"/>
      </object_component>
      <object_component id="oc-b6">
         <name>.debug_info</name>
         <load_address>0xff5f</load_address>
         <run_address>0xff5f</run_address>
         <size>0x2c</size>
         <input_file_ref idref="fl-e6"/>
      </object_component>
      <object_component id="oc-280">
         <name>.debug_info</name>
         <load_address>0xff8b</load_address>
         <run_address>0xff8b</run_address>
         <size>0x28a</size>
         <input_file_ref idref="fl-e7"/>
      </object_component>
      <object_component id="oc-180">
         <name>.debug_info</name>
         <load_address>0x10215</load_address>
         <run_address>0x10215</run_address>
         <size>0x273</size>
         <input_file_ref idref="fl-e7"/>
      </object_component>
      <object_component id="oc-2c4">
         <name>.debug_info</name>
         <load_address>0x10488</load_address>
         <run_address>0x10488</run_address>
         <size>0x2a4</size>
         <input_file_ref idref="fl-e8"/>
      </object_component>
      <object_component id="oc-1d0">
         <name>.debug_info</name>
         <load_address>0x1072c</load_address>
         <run_address>0x1072c</run_address>
         <size>0x24d</size>
         <input_file_ref idref="fl-e8"/>
      </object_component>
      <object_component id="oc-418">
         <name>.debug_info</name>
         <load_address>0x10979</load_address>
         <run_address>0x10979</run_address>
         <size>0x289</size>
         <input_file_ref idref="fl-e9"/>
      </object_component>
      <object_component id="oc-415">
         <name>.debug_info</name>
         <load_address>0x10c02</load_address>
         <run_address>0x10c02</run_address>
         <size>0x10e</size>
         <input_file_ref idref="fl-e9"/>
      </object_component>
      <object_component id="oc-386">
         <name>.debug_info</name>
         <load_address>0x10d10</load_address>
         <run_address>0x10d10</run_address>
         <size>0x14e</size>
         <input_file_ref idref="fl-e9"/>
      </object_component>
      <object_component id="oc-28">
         <name>.debug_info</name>
         <load_address>0x10e5e</load_address>
         <run_address>0x10e5e</run_address>
         <size>0x10b</size>
         <input_file_ref idref="fl-ea"/>
      </object_component>
      <object_component id="oc-5e">
         <name>.debug_info</name>
         <load_address>0x10f69</load_address>
         <run_address>0x10f69</run_address>
         <size>0x1a9</size>
         <input_file_ref idref="fl-ea"/>
      </object_component>
      <object_component id="oc-3aa">
         <name>.debug_info</name>
         <load_address>0x11112</load_address>
         <run_address>0x11112</run_address>
         <size>0x293</size>
         <input_file_ref idref="fl-eb"/>
      </object_component>
      <object_component id="oc-3a7">
         <name>.debug_info</name>
         <load_address>0x113a5</load_address>
         <run_address>0x113a5</run_address>
         <size>0xfe</size>
         <input_file_ref idref="fl-eb"/>
      </object_component>
      <object_component id="oc-2ea">
         <name>.debug_info</name>
         <load_address>0x114a3</load_address>
         <run_address>0x114a3</run_address>
         <size>0x1f1</size>
         <input_file_ref idref="fl-eb"/>
      </object_component>
      <object_component id="oc-38b">
         <name>.debug_info</name>
         <load_address>0x11694</load_address>
         <run_address>0x11694</run_address>
         <size>0x590</size>
         <input_file_ref idref="fl-ec"/>
      </object_component>
      <object_component id="oc-35b">
         <name>.debug_info</name>
         <load_address>0x11c24</load_address>
         <run_address>0x11c24</run_address>
         <size>0x21e</size>
         <input_file_ref idref="fl-ec"/>
      </object_component>
      <object_component id="oc-3de">
         <name>.debug_info</name>
         <load_address>0x11e42</load_address>
         <run_address>0x11e42</run_address>
         <size>0x1b3</size>
         <input_file_ref idref="fl-ec"/>
      </object_component>
      <object_component id="oc-3e4">
         <name>.debug_info</name>
         <load_address>0x11ff5</load_address>
         <run_address>0x11ff5</run_address>
         <size>0x21b</size>
         <input_file_ref idref="fl-ec"/>
      </object_component>
      <object_component id="oc-361">
         <name>.debug_info</name>
         <load_address>0x12210</load_address>
         <run_address>0x12210</run_address>
         <size>0x3c0</size>
         <input_file_ref idref="fl-ec"/>
      </object_component>
      <object_component id="oc-3eb">
         <name>.debug_info</name>
         <load_address>0x125d0</load_address>
         <run_address>0x125d0</run_address>
         <size>0x30a</size>
         <input_file_ref idref="fl-ec"/>
      </object_component>
      <object_component id="oc-3f1">
         <name>.debug_info</name>
         <load_address>0x128da</load_address>
         <run_address>0x128da</run_address>
         <size>0x215</size>
         <input_file_ref idref="fl-ec"/>
      </object_component>
      <object_component id="oc-367">
         <name>.debug_info</name>
         <load_address>0x12aef</load_address>
[...]
         <name>move_backward</name>
         <value>0x2aad</value>
         <object_component_ref idref="oc-119"/>
      </symbol>
      <symbol id="sm-2d1">
         <name>turn_right</name>
         <value>0x2b19</value>
         <object_component_ref idref="oc-119"/>
      </symbol>
      <symbol id="sm-2d2">
         <name>turn_left</name>
         <value>0x2b87</value>
         <object_component_ref idref="oc-119"/>
      </symbol>
      <symbol id="sm-2d3">
         <name>turn_left_imu</name>
         <value>0x2bed</value>
         <object_component_ref idref="oc-119"/>
      </symbol>
      <symbol id="sm-2f1">
         <name>load_songs</name>
         <value>0x581d</value>
         <object_component_ref idref="oc-107"/>
      </symbol>
      <symbol id="sm-3ba">
         <name>go_charge</name>
         <value>0x97f</value>
         <object_component_ref idref="oc-d7"/>
      </symbol>
      <symbol id="sm-3bb">
         <name>GPIOF_Handler</name>
         <value>0xbc3</value>
         <object_component_ref idref="oc-d7"/>
      </symbol>
      <symbol id="sm-3bc">
         <name>oi_free</name>
         <value>0x279</value>
         <object_component_ref idref="oc-d7"/>
      </symbol>
      <symbol id="sm-3bd">
         <name>oi_getMotorCalibrationRight</name>
         <value>0xe01</value>
         <object_component_ref idref="oc-d7"/>
      </symbol>
      <symbol id="sm-3be">
         <name>oi_uartReceive</name>
         <value>0xa31</value>
         <object_component_ref idref="oc-d7"/>
      </symbol>
      <symbol id="sm-3bf">
         <name>oi_setWheels</name>
         <value>0x88f</value>
         <object_component_ref idref="oc-d7"/>
      </symbol>
      <symbol id="sm-3c0">
         <name>oi_shutoff_init</name>
         <value>0xb51</value>
         <object_component_ref idref="oc-d7"/>
      </symbol>
      <symbol id="sm-3c1">
         <name>motor_cal_factor_L</name>
         <value>0x20002270</value>
         <object_component_ref idref="oc-191"/>
      </symbol>
      <symbol id="sm-3c2">
         <name>motor_cal_factor_R</name>
         <value>0x20002274</value>
         <object_component_ref idref="oc-191"/>
      </symbol>
      <symbol id="sm-3c3">
         <name>oi_parseInt</name>
         <value>0x5a77</value>
         <object_component_ref idref="oc-178"/>
      </symbol>
      <symbol id="sm-3c4">
         <name>oi_setMotorCalibration</name>
         <value>0xdb1</value>
         <object_component_ref idref="oc-d7"/>
      </symbol>
      <symbol id="sm-3c5">
         <name>oi_uartSendStr</name>
         <value>0xa59</value>
         <object_component_ref idref="oc-d7"/>
      </symbol>
      <symbol id="sm-3c6">
         <name>oi_close</name>
         <value>0x2c7</value>
         <object_component_ref idref="oc-d7"/>
      </symbol>
      <symbol id="sm-3c7">
         <name>oi_uartSendBuff</name>
         <value>0xa77</value>
         <object_component_ref idref="oc-d7"/>
      </symbol>
      <symbol id="sm-3c8">
         <name>oi_checkFirmware</name>
         <value>0xaa9</value>
         <object_component_ref idref="oc-d7"/>
      </symbol>
      <symbol id="sm-3c9">
         <name>oi_init_noupdate</name>
         <value>0x289</value>
         <object_component_ref idref="oc-d7"/>
      </symbol>
      <symbol id="sm-3ca">
         <name>oi_uartSendChar</name>
         <value>0xa15</value>
         <object_component_ref idref="oc-d7"/>
      </symbol>
      <symbol id="sm-3cb">
         <name>oi_alloc</name>
         <value>0x26d</value>
         <object_component_ref idref="oc-d7"/>
      </symbol>
      <symbol id="sm-3cc">
         <name>oi_getMotorCalibrationLeft</name>
         <value>0xded</value>
         <object_component_ref idref="oc-d7"/>
      </symbol>
      <symbol id="sm-3cd">
         <name>oi_loadSong</name>
         <value>0x915</value>
         <object_component_ref idref="oc-d7"/>
      </symbol>
      <symbol id="sm-3ce">
         <name>oi_play_song</name>
         <value>0x96b</value>
         <object_component_ref idref="oc-d7"/>
      </symbol>
      <symbol id="sm-3cf">
         <name>oi_parsePacket</name>
         <value>0x32b</value>
         <object_component_ref idref="oc-d7"/>
      </symbol>
      <symbol id="sm-3d0">
         <name>oi_setLeds</name>
         <value>0x84b</value>
         <object_component_ref idref="oc-d7"/>
      </symbol>
      <symbol id="sm-3d1">
         <name>oi_init</name>
         <value>0x2b1</value>
         <object_component_ref idref="oc-d7"/>
      </symbol>
      <symbol id="sm-3d2">
         <name>oi_update</name>
         <value>0x2d9</value>
         <object_component_ref idref="oc-d7"/>
      </symbol>
      <symbol id="sm-3d3">
         <name>oi_uartInit</name>
         <value>0x98d</value>
         <object_component_ref idref="oc-d7"/>
      </symbol>
      <symbol id="sm-410">
         <name>END_TIME</name>
         <value>0x200022bc</value>
         <object_component_ref idref="oc-1f5"/>
      </symbol>
      <symbol id="sm-411">
         <name>START_TIME</name>
         <value>0x200022b8</value>
         <object_component_ref idref="oc-1f5"/>
      </symbol>
      <symbol id="sm-412">
         <name>STATE</name>
         <value>0x200022c0</value>
         <object_component_ref idref="oc-1f5"/>
      </symbol>
      <symbol id="sm-413">
         <name>TIMER3B_Handler</name>
         <value>0x3c5d</value>
         <object_component_ref idref="oc-f5"/>
      </symbol>
      <symbol id="sm-414">
         <name>ping_init</name>
         <value>0x3b11</value>
         <object_component_ref idref="oc-f5"/>
      </symbol>
      <symbol id="sm-415">
         <name>ping_getDistance</name>
         <value>0x3c9f</value>
         <object_component_ref idref="oc-f5"/>
      </symbol>
      <symbol id="sm-416">
         <name>ping_trigger</name>
         <value>0x3bc7</value>
         <object_component_ref idref="oc-f5"/>
      </symbol>
      <symbol id="sm-44b">
         <name>globalSlope</name>
         <value>0x2000236c</value>
      </symbol>
      <symbol id="sm-44c">
         <name>globalOffset</name>
         <value>0x20002368</value>
      </symbol>
      <symbol id="sm-44d">
         <name>servo_move</name>
         <value>0x393f</value>
         <object_component_ref idref="oc-113"/>
      </symbol>
      <symbol id="sm-44e">
         <name>servo_get_calibrate</name>
         <value>0x39cf</value>
         <object_component_ref idref="oc-113"/>
      </symbol>
      <symbol id="sm-44f">
         <name>servo_init</name>
         <value>0x38a1</value>
         <object_component_ref idref="oc-113"/>
      </symbol>
      <symbol id="sm-450">
         <name>servo_set_calibrate</name>
         <value>0x3999</value>
         <object_component_ref idref="oc-113"/>
      </symbol>
      <symbol id="sm-46c">
         <name>ResetISR</name>
         <value>0x5b31</value>
         <object_component_ref idref="oc-2a"/>
      </symbol>
      <symbol id="sm-46d">
         <name>g_pfnVectors</name>
         <value>0x0</value>
         <object_component_ref idref="oc-12"/>
      </symbol>
      <symbol id="sm-4b4">
         <name>uart_sendStatus</name>
         <value>0x30a1</value>
         <object_component_ref idref="oc-e9"/>
      </symbol>
      <symbol id="sm-4b5">
         <name>uart_sendChar</name>
         <value>0x3003</value>
         <object_component_ref idref="oc-e9"/>
      </symbol>
      <symbol id="sm-4b6">
         <name>uart_init</name>
         <value>0x2f4d</value>
         <object_component_ref idref="oc-e9"/>
      </symbol>
      <symbol id="sm-4b7">
         <name>uart_sendParkingLot</name>
         <value>0x3115</value>
         <object_component_ref idref="oc-e9"/>
      </symbol>
      <symbol id="sm-4b8">
         <name>uart_receive_nonblocking</name>
         <value>0x3055</value>
         <object_component_ref idref="oc-e9"/>
      </symbol>
      <symbol id="sm-4b9">
         <name>uart_receive</name>
         <value>0x3027</value>
         <object_component_ref idref="oc-e9"/>
      </symbol>
      <symbol id="sm-4ba">
         <name>uart_sendStr</name>
         <value>0x307b</value>
         <object_component_ref idref="oc-e9"/>
      </symbol>
      <symbol id="sm-4e4">
         <name>remainderf</name>
         <value>0x4b2d</value>
         <object_component_ref idref="oc-210"/>
      </symbol>
      <symbol id="sm-50e">
         <name>sprintf</name>
         <value>0x575d</value>
         <object_component_ref idref="oc-1e9"/>
      </symbol>
      <symbol id="sm-538">
         <name>vsnprintf</name>
         <value>0x579d</value>
         <object_component_ref idref="oc-1c9"/>
      </symbol>
      <symbol id="sm-550">
         <name>__aeabi_dsub</name>
         <value>0x418d</value>
         <object_component_ref idref="oc-1a3"/>
      </symbol>
      <symbol id="sm-551">
         <name>__aeabi_dadd</name>
         <value>0x4197</value>
         <object_component_ref idref="oc-1a3"/>
      </symbol>
      <symbol id="sm-573">
         <name>__aeabi_cdcmpeq</name>
         <value>0x517d</value>
         <object_component_ref idref="oc-1fe"/>
      </symbol>
      <symbol id="sm-574">
         <name>__aeabi_cdcmple</name>
         <value>0x517d</value>
         <object_component_ref idref="oc-1fe"/>
      </symbol>
      <symbol id="sm-575">
         <name>__aeabi_cdrcmple</name>
         <value>0x5203</value>
         <object_component_ref idref="oc-237"/>
      </symbol>
      <symbol id="sm-589">
         <name>__aeabi_ddiv</name>
         <value>0x4481</value>
         <object_component_ref idref="oc-199"/>
      </symbol>
      <symbol id="sm-594">
         <name>__aeabi_dmul</name>
         <value>0x4d31</value>
         <object_component_ref idref="oc-194"/>
      </symbol>
      <symbol id="sm-59e">
         <name>__aeabi_d2iz</name>
         <value>0x56d1</value>
         <object_component_ref idref="oc-1e4"/>
      </symbol>
      <symbol id="sm-5aa">
         <name>__aeabi_d2f</name>
         <value>0x53e3</value>
         <object_component_ref idref="oc-1ab"/>
      </symbol>
      <symbol id="sm-5b5">
         <name>__aeabi_f2d</name>
         <value>0x5891</value>
         <object_component_ref idref="oc-1b0"/>
      </symbol>
      <symbol id="sm-5c0">
         <name>__aeabi_f2lz</name>
         <value>0x5451</value>
         <object_component_ref idref="oc-22d"/>
      </symbol>
      <symbol id="sm-5ca">
         <name>__aeabi_i2d</name>
         <value>0x5961</value>
         <object_component_ref idref="oc-19e"/>
      </symbol>
      <symbol id="sm-5e5">
         <name>memcpy</name>
         <value>0x4fc3</value>
         <object_component_ref idref="oc-3e"/>
      </symbol>
      <symbol id="sm-5e6">
         <name>__aeabi_memcpy</name>
         <value>0x4fc3</value>
         <object_component_ref idref="oc-3e"/>
      </symbol>
      <symbol id="sm-5e7">
         <name>__aeabi_memcpy8</name>
         <value>0x4fc3</value>
         <object_component_ref idref="oc-3e"/>
      </symbol>
      <symbol id="sm-5e8">
         <name>__aeabi_memcpy4</name>
         <value>0x4fc3</value>
         <object_component_ref idref="oc-3e"/>
      </symbol>
      <symbol id="sm-5f2">
         <name>__aeabi_ui2d</name>
         <value>0x59b9</value>
         <object_component_ref idref="oc-1df"/>
      </symbol>
      <symbol id="sm-601">
         <name>__aeabi_memset</name>
         <value>0x528b</value>
         <object_component_ref idref="oc-96"/>
      </symbol>
      <symbol id="sm-602">
         <name>memset</name>
         <value>0x5291</value>
         <object_component_ref idref="oc-96"/>
      </symbol>
      <symbol id="sm-603">
         <name>__aeabi_memset8</name>
         <value>0x528b</value>
         <object_component_ref idref="oc-96"/>
      </symbol>
      <symbol id="sm-604">
         <name>__aeabi_memset4</name>
         <value>0x528b</value>
         <object_component_ref idref="oc-96"/>
      </symbol>
      <symbol id="sm-605">
         <name>__aeabi_memclr8</name>
         <value>0x5289</value>
         <object_component_ref idref="oc-96"/>
      </symbol>
      <symbol id="sm-606">
         <name>__aeabi_memclr4</name>
         <value>0x5289</value>
         <object_component_ref idref="oc-96"/>
      </symbol>
      <symbol id="sm-607">
         <name>__aeabi_memclr</name>
         <value>0x5289</value>
         <object_component_ref idref="oc-96"/>
      </symbol>
      <symbol id="sm-61b">
         <name>__TI_zero_init_nomemset</name>
         <value>0x59d9</value>
         <object_component_ref idref="oc-4a"/>
      </symbol>
      <symbol id="sm-632">
         <name>__TI_decompress_none</name>
         <value>0x5b17</value>
         <object_component_ref idref="oc-1b"/>
      </symbol>
      <symbol id="sm-655">
         <name>__TI_decompress_lzss</name>
         <value>0x54bd</value>
         <object_component_ref idref="oc-15"/>
      </symbol>
      <symbol id="sm-6ea">
         <name>_sys_memory</name>
         <value>0x20001270</value>
         <object_component_ref idref="oc-24"/>
      </symbol>
      <symbol id="sm-6eb">
         <name>free</name>
         <value>0x4e2d</value>
         <object_component_ref idref="oc-172"/>
      </symbol>
      <symbol id="sm-6ec">
         <name>memalign</name>
         <value>0x4c31</value>
         <object_component_ref idref="oc-2fb"/>
      </symbol>
      <symbol id="sm-6ed">
         <name>calloc</name>
         <value>0x5859</value>
         <object_component_ref idref="oc-16c"/>
      </symbol>
      <symbol id="sm-6ee">
         <name>malloc</name>
         <value>0x5b51</value>
         <object_component_ref idref="oc-21f"/>
      </symbol>
      <symbol id="sm-6ef">
         <name>aligned_alloc</name>
         <value>0x4c31</value>
         <object_component_ref idref="oc-2fb"/>
      </symbol>
      <symbol id="sm-6fe">
         <name>strcmp</name>
         <value>0x5a8f</value>
         <object_component_ref idref="oc-17f"/>
      </symbol>
      <symbol id="sm-70c">
         <name>strcpy</name>
         <value>0x5abd</value>
         <object_component_ref idref="oc-1cf"/>
      </symbol>
      <symbol id="sm-722">
         <name>__aeabi_errno_addr</name>
         <value>0x5b49</value>
         <object_component_ref idref="oc-384"/>
      </symbol>
      <symbol id="sm-723">
         <name>errno</name>
         <value>0x200022f0</value>
         <object_component_ref idref="oc-414"/>
      </symbol>
      <symbol id="sm-736">
         <name>__stack</name>
         <value>0x20000270</value>
         <object_component_ref idref="oc-27"/>
      </symbol>
      <symbol id="sm-737">
         <name>_c_int00_noargs</name>
         <value>0x58fd</value>
         <object_component_ref idref="oc-5c"/>
      </symbol>
      <symbol id="sm-763">
         <name>fmodf</name>
         <value>0x46dd</value>
         <object_component_ref idref="oc-2e9"/>
      </symbol>
      <symbol id="sm-8c8">
         <name>__TI_printfi</name>
         <value>0x197d</value>
         <object_component_ref idref="oc-2a5"/>
      </symbol>
      <symbol id="sm-8d5">
         <name>__aeabi_uldivmod</name>
         <value>0x505f</value>
         <object_component_ref idref="oc-3d1"/>
      </symbol>
      <symbol id="sm-8fd">
         <name>__TI_auto_init_nobinit_nopinit</name>
         <value>0x5719</value>
         <object_component_ref idref="oc-138"/>
      </symbol>
      <symbol id="sm-907">
         <name>_system_pre_init</name>
         <value>0x5b59</value>
         <object_component_ref idref="oc-9c"/>
      </symbol>
      <symbol id="sm-913">
         <name>C$$EXIT</name>
         <value>0x5b5d</value>
         <object_component_ref idref="oc-12c"/>
      </symbol>
      <symbol id="sm-914">
         <name>abort</name>
         <value>0x5b5d</value>
         <object_component_ref idref="oc-12c"/>
      </symbol>
      <symbol id="sm-929">
         <name>_nop</name>
         <value>0x23cb</value>
         <object_component_ref idref="oc-319"/>
      </symbol>
      <symbol id="sm-92a">
         <name>_lock</name>
         <value>0x200022c4</value>
         <object_component_ref idref="oc-255"/>
      </symbol>
      <symbol id="sm-92b">
         <name>_unlock</name>
         <value>0x200022c8</value>
         <object_component_ref idref="oc-255"/>
      </symbol>
      <symbol id="sm-93a">
         <name>__TI_ltoa</name>
         <value>0x55df</value>
         <object_component_ref idref="oc-3d7"/>
      </symbol>
      <symbol id="sm-951">
         <name>atoi</name>
         <value>0x5685</value>
         <object_component_ref idref="oc-354"/>
      </symbol>
      <symbol id="sm-95c">
         <name>_ctypes_</name>
         <value>0x5b60</value>
         <object_component_ref idref="oc-3cc"/>
      </symbol>
      <symbol id="sm-96c">
         <name>memccpy</name>
         <value>0x5a11</value>
         <object_component_ref idref="oc-378"/>
      </symbol>
      <symbol id="sm-97c">
         <name>strchr</name>
         <value>0x5aa7</value>
         <object_component_ref idref="oc-404"/>
      </symbol>
      <symbol id="sm-98a">
         <name>strlen</name>
         <value>0x5ad1</value>
         <object_component_ref idref="oc-34e"/>
      </symbol>
      <symbol id="sm-9a0">
         <name>frexpl</name>
         <value>0x5525</value>
         <object_component_ref idref="oc-3f8"/>
      </symbol>
      <symbol id="sm-9a1">
         <name>frexp</name>
         <value>0x5525</value>
         <object_component_ref idref="oc-3f8"/>
      </symbol>
      <symbol id="sm-9be">
         <name>scalbn</name>
         <value>0x4a1d</value>
         <object_component_ref idref="oc-3fe"/>
      </symbol>
      <symbol id="sm-9bf">
         <name>scalbnl</name>
         <value>0x4a1d</value>
         <object_component_ref idref="oc-3fe"/>
      </symbol>
      <symbol id="sm-9c0">
         <name>ldexpl</name>
         <value>0x4a1d</value>
         <object_component_ref idref="oc-3fe"/>
      </symbol>
      <symbol id="sm-9c1">
         <name>ldexp</name>
         <value>0x4a1d</value>
         <object_component_ref idref="oc-3fe"/>
      </symbol>
      <symbol id="sm-9cb">
         <name>copysign</name>
         <value>0x5a2d</value>
         <object_component_ref idref="oc-444"/>
      </symbol>
      <symbol id="sm-9cc">
         <name>copysignl</name>
         <value>0x5a2d</value>
         <object_component_ref idref="oc-444"/>
      </symbol>
      <symbol id="sm-9e5">
         <name>wcslen</name>
         <value>0x5ae5</value>
         <object_component_ref idref="oc-37e"/>
      </symbol>
      <symbol id="sm-9ef">
         <name>__aeabi_idiv0</name>
         <value>0x4343</value>
         <object_component_ref idref="oc-431"/>
      </symbol>
      <symbol id="sm-9f0">
         <name>__aeabi_ldiv0</name>
         <value>0x4343</value>
         <object_component_ref idref="oc-431"/>
      </symbol>
      <symbol id="sm-a1f">
         <name>IntRegister</name>
         <value>0x58c9</value>
         <object_component_ref idref="oc-185"/>
      </symbol>
      <symbol id="sm-a20">
         <name>g_pfnRAMVectors</name>
         <value>0x20000000</value>
         <object_component_ref idref="oc-281"/>
      </symbol>
      <symbol id="sm-a21">
         <name>IntMasterEnable</name>
         <value>0x5af7</value>
         <object_component_ref idref="oc-18b"/>
      </symbol>
      <symbol id="sm-a2b">
         <name>CPUcpsie</name>
         <value>0x5b25</value>
         <object_component_ref idref="oc-28b"/>
      </symbol>
      <symbol id="sm-a2c">
         <name>__TI_static_base__</name>
         <value>0x0</value>
      </symbol>
      <symbol id="sm-a2f">
         <name>__mpu_init</name>
         <value>0x0</value>
      </symbol>
      <symbol id="sm-a30">
         <name>_system_post_cinit</name>
         <value>0x0</value>
      </symbol>
   </symbol_table>
   <title>Link successful</title>
</link_info>
