******************************************************************************
                  TI ARM Linker PC v20.2.6                     
******************************************************************************
>> Linked Wed Mar 22 16:42:56 2023

OUTPUT FILE NAME:   <Lab 8.out>
ENTRY POINT SYMBOL: "_c_int00_noargs"  address: 000045f1


MEMORY CONFIGURATION

         name            origin    length      used     unused   attr    fill
----------------------  --------  ---------  --------  --------  ----  --------
  FLASH                 00000000   00040000  000049f4  0003b60c  R  X
  SRAM                  20000000   00008000  00002366  00005c9a  RW X


SEGMENT ALLOCATION MAP

run origin  load origin   length   init length attrs members
----------  ----------- ---------- ----------- ----- -------
00000000    00000000    000049f8   000049f8    r-x
  00000000    00000000    0000026c   0000026c    r-- .intvecs
  0000026c    0000026c    000045e8   000045e8    r-x .text
  00004854    00004854    00000150   00000150    r-- .const
  000049a8    000049a8    00000050   00000050    r-- .cinit
20000000    20000000    0000236d   00000000    rw-
  20000000    20000000    0000026c   00000000    rw- .vtable
  20000270    20000270    00001000   00000000    rw- .stack
  20001270    20001270    00001000   00000000    rw- .sysmem
  20002270    20002270    000000bd   00000000    rw- .bss
  20002330    20002330    0000003d   00000000    rw- .data


SECTION ALLOCATION MAP

 output                                  attributes/
section   page    origin      length       input sections
--------  ----  ----------  ----------   ----------------
.intvecs   0    00000000    0000026c     
                  00000000    0000026c     tm4c123gh6pm_startup_ccs.obj (.intvecs)

.text      0    0000026c    000045e8     
                  0000026c    00000c14     open_interface.obj (.text)
                  00000e80    00000a4e     rtsv7M4_T_le_v4SPD16_eabi.lib : _printfi.c.obj (.text:__TI_printfi)
                  000018ce    00000002                                   : _lock.c.obj (.text:_nop)
                  000018d0    00000560     main.obj (.text)
                  00001e30    00000328     lcd.obj (.text)
                  00002158    000002a8     libcybotUART.lib : uart.obj (.text)
                  00002400    00000270     rtsv7M4_T_le_v4SPD16_eabi.lib : _printfi.c.obj (.text:_pconv_a)
                  00002670    00000260     libcybotScan.lib : cyBot_Scan.obj (.text)
                  000028d0    00000248     Timer.obj (.text)
                  00002b18    000001ec     libcybotScan.lib : ping.obj (.text)
                  00002d04    000001d0     rtsv7M4_T_le_v4SPD16_eabi.lib : _printfi.c.obj (.text:_pconv_g)
                  00002ed4    000001b6                                   : fd_add_t2.asm.obj (.text)
                  0000308a    00000002                                   : div0.asm.obj (.text)
                  0000308c    000001a4     uart.obj (.text)
                  00003230    00000158     libcybotScan.lib : servo.obj (.text)
                  00003388    0000013c     rtsv7M4_T_le_v4SPD16_eabi.lib : _printfi.c.obj (.text:_pconv_e)
                  000034c4    00000136                                   : fd_div_t2.asm.obj (.text)
                  000035fa    00000002     --HOLE-- [fill = 0]
                  000035fc    00000124                                   : _printfi.c.obj (.text:fcvt)
                  00003720    00000118     libcybotScan.lib : ir.obj (.text)
                  00003838    00000110     rtsv7M4_T_le_v4SPD16_eabi.lib : s_scalbn.c.obj (.text:scalbn)
                  00003948    0000010c     adc.obj (.text)
                  00003a54    00000100     rtsv7M4_T_le_v4SPD16_eabi.lib : memory.c.obj (.text:aligned_alloc)
                  00003b54    000000fc                                   : fd_mul_t2.asm.obj (.text)
                  00003c50    000000e4                                   : memory.c.obj (.text:free)
                  00003d34    000000b1                                   : _printfi.c.obj (.text:_ltostr)
                  00003de5    00000001     --HOLE-- [fill = 0]
                  00003de6    0000009c                                   : memcpy_t2.asm.obj (.text)
                  00003e82    00000096                                   : ull_div_t2.asm.obj (.text)
                  00003f18    00000086                                   : fd_cmp_t2.asm.obj (.text:__aeabi_cdcmple)
                  00003f9e    00000086                                   : fd_cmp_t2.asm.obj (.text:__aeabi_cdrcmple)
                  00004024    0000007a                                   : memset_t2.asm.obj (.text)
                  0000409e    00000002     --HOLE-- [fill = 0]
                  000040a0    00000070                                   : memory.c.obj (.text:split)
                  00004110    0000006e                                   : _printfi.c.obj (.text:_mcpy)
                  0000417e    0000006e                                   : fd_tos_t2.asm.obj (.text)
                  000041ec    00000068                                   : copy_decompress_lzss.c.obj (.text:decompress:lzss:__TI_decompress_lzss)
                  00004254    00000064                                   : s_frexp.c.obj (.text:frexp)
                  000042b8    00000056                                   : _printfi.c.obj (.text:_pconv_f)
                  0000430e    00000054                                   : _ltoa.c.obj (.text:__TI_ltoa)
                  00004362    00000052                                   : _printfi.c.obj (.text:_ecpy)
                  000043b4    0000004c                                   : atoi.c.obj (.text:atoi)
                  00004400    00000048                                   : fd_toi_t2.asm.obj (.text)
                  00004448    00000044                                   : autoinit.c.obj (.text:__TI_auto_init_nobinit_nopinit:__TI_auto_init_nobinit_nopinit)
                  0000448c    00000040                                   : sprintf.c.obj (.text:sprintf)
                  000044cc    00000040                                   : vsnprintf.c.obj (.text:vsnprintf)
                  0000450c    0000003e                                   : _printfi.c.obj (.text:_fcpy)
                  0000454a    00000002     --HOLE-- [fill = 0]
                  0000454c    00000038                                   : memory.c.obj (.text:calloc)
                  00004584    00000038                                   : fs_tod_t2.asm.obj (.text)
                  000045bc    00000034     driverlib.lib : interrupt.obj (.text:IntRegister)
                  000045f0    00000034     rtsv7M4_T_le_v4SPD16_eabi.lib : boot_cortex_m.c.obj (.text:_c_int00_noargs:_c_int00_noargs)
                  00004624    00000030                                   : vsnprintf.c.obj (.text:_outs)
                  00004654    0000002e                                   : i_tofd_t2.asm.obj (.text)
                  00004682    00000002     --HOLE-- [fill = 0]
                  00004684    00000028                                   : memory.c.obj (.text:free_list_insert)
                  000046ac    00000020                                   : u_tofd_t2.asm.obj (.text)
                  000046cc    0000001c                                   : copy_zero_init.c.obj (.text:decompress:ZI:__TI_zero_init_nomemset:__TI_zero_init_nomemset)
                  000046e8    0000001c                                   : memory.c.obj (.text:free_list_remove)
                  00004704    0000001c                                   : memccpy.c.obj (.text:memccpy)
                  00004720    0000001a                                   : s_copysign.c.obj (.text:copysign)
                  0000473a    00000018                                   : vsnprintf.c.obj (.text:_outc)
                  00004752    00000018                                   : sprintf.c.obj (.text:_outs)
                  0000476a    00000018     open_interface.obj (.text:oi_parseInt)
                  00004782    00000018     rtsv7M4_T_le_v4SPD16_eabi.lib : strcmp.c.obj (.text:strcmp)
                  0000479a    00000016                                   : strchr.c.obj (.text:strchr)
                  000047b0    00000014                                   : strcpy.c.obj (.text:strcpy)
                  000047c4    00000014                                   : strlen.c.obj (.text:strlen)
                  000047d8    00000012                                   : wcslen.c.obj (.text:wcslen)
                  000047ea    00000010     driverlib.lib : interrupt.obj (.text:IntMasterEnable)
                  000047fa    00000010     lcd.obj (.text:lcd_clear)
                  0000480a    0000000e     rtsv7M4_T_le_v4SPD16_eabi.lib : copy_decompress_none.c.obj (.text:decompress:none:__TI_decompress_none)
                  00004818    0000000c     driverlib.lib : cpu.obj (.text:CPUcpsie)
                  00004824    0000000c     tm4c123gh6pm_startup_ccs.obj (.text)
                  00004830    0000000a     rtsv7M4_T_le_v4SPD16_eabi.lib : sprintf.c.obj (.text:_outc)
                  0000483a    00000002     --HOLE-- [fill = 0]
                  0000483c    00000008                                   : errno.c.obj (.text:__aeabi_errno_addr)
                  00004844    00000008                                   : memory.c.obj (.text:malloc)
                  0000484c    00000004                                   : pre_init.c.obj (.text:_system_pre_init)
                  00004850    00000004                                   : exit.c.obj (.text:abort:abort)

.const     0    00004854    00000150     
                  00004854    00000101     rtsv7M4_T_le_v4SPD16_eabi.lib : ctype.c.obj (.const:.string:_ctypes_)
                  00004955    00000021     main.obj (.const:.string:$P$T1$2)
                  00004976    00000017     main.obj (.const:.string:$P$T0$1)
                  0000498d    0000000f     open_interface.obj (.const:.string:$P$T0$3)
                  0000499c    00000004     lcd.obj (.const:.string:lineAddress$1)
                  000049a0    00000004     lcd.obj (.const:.string:lineAddresses$2)

.cinit     0    000049a8    00000050     
                  000049a8    00000019     (.cinit..data.load) [load image, compression = lzss]
                  000049c1    00000003     --HOLE-- [fill = 0]
                  000049c4    0000000c     (__TI_handler_table)
                  000049d0    00000008     (.cinit..bss.load) [load image, compression = zero_init]
                  000049d8    00000008     (.cinit..vtable.load) [load image, compression = zero_init]
                  000049e0    00000018     (__TI_cinit_table)

.init_array 
*          0    00000000    00000000     UNINITIALIZED

.vtable    0    20000000    0000026c     UNINITIALIZED
                  20000000    0000026c     driverlib.lib : interrupt.obj (.vtable)

.stack     0    20000270    00001000     UNINITIALIZED
                  20000270    00000004     rtsv7M4_T_le_v4SPD16_eabi.lib : boot_cortex_m.c.obj (.stack)
                  20000274    00000ffc     --HOLE--

.sysmem    0    20001270    00001000     UNINITIALIZED
                  20001270    00000010     rtsv7M4_T_le_v4SPD16_eabi.lib : memory.c.obj (.sysmem)
                  20001280    00000ff0     --HOLE--

.bss       0    20002270    000000bd     UNINITIALIZED
                  20002270    00000054     lcd.obj (.bss:lastbuffer$3)
                  200022c4    00000034     (.common:isr_char_buffer)
                  200022f8    00000018     open_interface.obj (.bss:firmware$2)
                  20002310    00000004     (.common:_timeout_ticks)
                  20002314    00000004     (.common:fallingEdge)
                  20002318    00000004     (.common:isr_int_value)
                  2000231c    00000004     (.common:left_calibration_value)
                  20002320    00000004     (.common:pulseLength)
                  20002324    00000004     (.common:right_calibration_value)
                  20002328    00000004     (.common:risingEdge)
                  2000232c    00000001     (.common:isRisingEdge)

.data      0    20002330    0000003d     UNINITIALIZED
                  20002330    00000020     open_interface.obj (.data)
                  20002350    00000008     rtsv7M4_T_le_v4SPD16_eabi.lib : _lock.c.obj (.data:$O1$$)
                  20002358    00000008                                   : memory.c.obj (.data:$O1$$)
                  20002360    00000004     libcybotScan.lib : cyBot_Scan.obj (.data)
                  20002364    00000004     libcybotUART.lib : uart.obj (.data)
                  20002368    00000004     rtsv7M4_T_le_v4SPD16_eabi.lib : errno.c.obj (.data)
                  2000236c    00000001     Timer.obj (.data)

__llvm_prf_cnts 
*          0    20000000    00000000     UNINITIALIZED

MODULE SUMMARY

       Module                         code    ro data   rw data
       ------                         ----    -------   -------
    .\
       open_interface.obj             3116    15        56     
       main.obj                       1376    56        8      
       lcd.obj                        824     8         84     
       tm4c123gh6pm_startup_ccs.obj   12      620       0      
       Timer.obj                      584     0         5      
       uart.obj                       420     0         0      
       adc.obj                        268     0         0      
    +--+------------------------------+-------+---------+---------+
       Total:                         6600    699       153    
                                                               
    ../libcybotScan.lib
       cyBot_Scan.obj                 608     0         4      
       ping.obj                       492     0         13     
       servo.obj                      344     0         0      
       ir.obj                         280     0         4      
    +--+------------------------------+-------+---------+---------+
       Total:                         1724    0         21     
                                                               
    ../libcybotUART.lib
       uart.obj                       680     0         56     
    +--+------------------------------+-------+---------+---------+
       Total:                         680     0         56     
                                                               
    C:/ti/TivaWare_C_Series-2.2.0.295/driverlib/ccs/Debug/driverlib.lib
       interrupt.obj                  68      0         620    
       cpu.obj                        12      0         0      
    +--+------------------------------+-------+---------+---------+
       Total:                         80      0         620    
                                                               
    C:\ti\ccs1200\ccs\tools\compiler\ti-cgt-arm_20.2.6.LTS\lib\rtsv7M4_T_le_v4SPD16_eabi.lib
       _printfi.c.obj                 4851    0         0      
       memory.c.obj                   728     0         8      
       fd_add_t2.asm.obj              438     0         0      
       fd_div_t2.asm.obj              310     0         0      
       s_scalbn.c.obj                 272     0         0      
       fd_cmp_t2.asm.obj              268     0         0      
       ctype.c.obj                    0       257       0      
       fd_mul_t2.asm.obj              252     0         0      
       memcpy_t2.asm.obj              156     0         0      
       ull_div_t2.asm.obj             150     0         0      
       vsnprintf.c.obj                136     0         0      
       memset_t2.asm.obj              122     0         0      
       fd_tos_t2.asm.obj              110     0         0      
       copy_decompress_lzss.c.obj     104     0         0      
       s_frexp.c.obj                  100     0         0      
       sprintf.c.obj                  98      0         0      
       _ltoa.c.obj                    84      0         0      
       atoi.c.obj                     76      0         0      
       fd_toi_t2.asm.obj              72      0         0      
       autoinit.c.obj                 68      0         0      
       fs_tod_t2.asm.obj              56      0         0      
       boot_cortex_m.c.obj            52      0         0      
       i_tofd_t2.asm.obj              46      0         0      
       u_tofd_t2.asm.obj              32      0         0      
       copy_zero_init.c.obj           28      0         0      
       memccpy.c.obj                  28      0         0      
       s_copysign.c.obj               26      0         0      
       strcmp.c.obj                   24      0         0      
       strchr.c.obj                   22      0         0      
       strcpy.c.obj                   20      0         0      
       strlen.c.obj                   20      0         0      
       wcslen.c.obj                   18      0         0      
       copy_decompress_none.c.obj     14      0         0      
       errno.c.obj                    8       0         4      
       _lock.c.obj                    2       0         8      
       exit.c.obj                     4       0         0      
       pre_init.c.obj                 4       0         0      
       div0.asm.obj                   2       0         0      
    +--+------------------------------+-------+---------+---------+
       Total:                         8801    257       20     
                                                               
       Heap:                          0       0         4096   
       Stack:                         0       0         4096   
       Linker Generated:              0       77        0      
    +--+------------------------------+-------+---------+---------+
       Grand Total:                   17885   1033      9062   


LINKER GENERATED COPY TABLES

__TI_cinit_table @ 000049e0 records: 3, size/record: 8, table size: 24
	.data: load addr=000049a8, load size=00000019 bytes, run addr=20002330, run size=0000003d bytes, compression=lzss
	.bss: load addr=000049d0, load size=00000008 bytes, run addr=20002270, run size=000000bd bytes, compression=zero_init
	.vtable: load addr=000049d8, load size=00000008 bytes, run addr=20000000, run size=0000026c bytes, compression=zero_init


LINKER GENERATED HANDLER TABLE

__TI_handler_table @ 000049c4 records: 3, size/record: 4, table size: 12
	index: 0, handler: __TI_zero_init
	index: 1, handler: __TI_decompress_lzss
	index: 2, handler: __TI_decompress_none


GLOBAL SYMBOLS: SORTED ALPHABETICALLY BY Name 

address   name                          
-------   ----                          
000037b9  ADC0SS0_Handler               
00004851  C$$EXIT                       
00004819  CPUcpsie                      
00000bb5  GPIOF_Handler                 
000047eb  IntMasterEnable               
000045bd  IntRegister                   
00004825  ResetISR                      
00002c09  TIMER3B_Handler               
20001270  __STACK_END                   
00001000  __STACK_SIZE                  
20000470  __STACK_TOP                   
00001000  __SYSMEM_SIZE                 
000049e0  __TI_CINIT_Base               
000049f8  __TI_CINIT_Limit              
000049c4  __TI_Handler_Table_Base       
000049d0  __TI_Handler_Table_Limit      
00004449  __TI_auto_init_nobinit_nopinit
000041ed  __TI_decompress_lzss          
0000480b  __TI_decompress_none          
0000430f  __TI_ltoa                     
ffffffff  __TI_pprof_out_hndl           
00000e81  __TI_printfi                  
ffffffff  __TI_prof_data_size           
ffffffff  __TI_prof_data_start          
00000000  __TI_static_base__            
000046cd  __TI_zero_init_nomemset       
00003f19  __aeabi_cdcmpeq               
00003f19  __aeabi_cdcmple               
00003f9f  __aeabi_cdrcmple              
0000417f  __aeabi_d2f                   
00004401  __aeabi_d2iz                  
00002edf  __aeabi_dadd                  
000034c5  __aeabi_ddiv                  
00003b55  __aeabi_dmul                  
00002ed5  __aeabi_dsub                  
0000483d  __aeabi_errno_addr            
00004585  __aeabi_f2d                   
00004655  __aeabi_i2d                   
0000308b  __aeabi_idiv0                 
0000308b  __aeabi_ldiv0                 
00004025  __aeabi_memclr                
00004025  __aeabi_memclr4               
00004025  __aeabi_memclr8               
00003de7  __aeabi_memcpy                
00003de7  __aeabi_memcpy4               
00003de7  __aeabi_memcpy8               
00004027  __aeabi_memset                
00004027  __aeabi_memset4               
00004027  __aeabi_memset8               
000046ad  __aeabi_ui2d                  
00003e83  __aeabi_uldivmod              
ffffffff  __binit__                     
ffffffff  __c_args__                    
UNDEFED   __mpu_init                    
20000270  __stack                       
20000000  __start___llvm_prf_cnts       
20000000  __stop___llvm_prf_cnts        
000045f1  _c_int00_noargs               
00004854  _ctypes_                      
20002350  _lock                         
000018cf  _nop                          
2000236c  _running                      
20001270  _sys_memory                   
UNDEFED   _system_post_cinit            
0000484d  _system_pre_init              
20002310  _timeout_ticks                
20002354  _unlock                       
00004851  abort                         
00003949  adc_init                      
000039e1  adc_read                      
00003a55  aligned_alloc                 
000043b5  atoi                          
ffffffff  binit                         
0000454d  calloc                        
00004721  copysign                      
00004721  copysignl                     
00002749  cyBOT_SERVO_cal               
000026d7  cyBOT_Scan                    
0000267f  cyBOT_init_Scan               
20002360  cyBOT_scan_features           
00002671  cyBOT_scan_version            
000023a5  cyBot_UART1_Handler           
00002397  cyBot_getByte_blocking        
00002377  cyBot_getByte_nonblocking     
00002159  cyBot_sendByte                
0000235d  cyBot_uart_flush              
000022c7  cyBot_uart_init               
00002267  cyBot_uart_init_PHJ_first_half
0000220f  cyBot_uart_init_clean         
00002197  cyBot_uart_init_last_half     
0000217f  cyBot_uart_sendBuffer         
00002165  cyBot_uart_sendStr            
20002368  errno                         
20002314  fallingEdge                   
00003c51  free                          
00004255  frexp                         
00004255  frexpl                        
20000000  g_pfnRAMVectors               
00000000  g_pfnVectors                  
000037cf  ir_enableInterrupt            
000037b1  ir_getDistance                
00003789  ir_getValue                   
00003721  ir_init                       
2000232c  isRisingEdge                  
200022c4  isr_char_buffer               
20002364  isr_counter                   
20002318  isr_int_value                 
000047fb  lcd_clear                     
00002005  lcd_gotoLine                  
00001e6d  lcd_init                      
0000206b  lcd_printf                    
00001f2d  lcd_putc                      
00001f65  lcd_puts                      
00001e31  lcd_reverseNibble             
00001f83  lcd_sendCommand               
00001fc1  lcd_sendNibble                
0000202d  lcd_setCursorPos              
00003839  ldexp                         
00003839  ldexpl                        
2000231c  left_calibration_value        
000018d1  main                          
00004845  malloc                        
00003a55  memalign                      
00004705  memccpy                       
00003de7  memcpy                        
0000402d  memset                        
20002330  motor_cal_factor_L            
20002334  motor_cal_factor_R            
0000026d  oi_alloc                      
00000a9b  oi_checkFirmware              
000002c7  oi_close                      
00000279  oi_free                       
00000de1  oi_getMotorCalibrationLeft    
00000df5  oi_getMotorCalibrationRight   
000002b1  oi_init                       
00000289  oi_init_noupdate              
00000915  oi_loadSong                   
0000476b  oi_parseInt                   
0000032b  oi_parsePacket                
0000096b  oi_play_song                  
0000084b  oi_setLeds                    
00000da5  oi_setMotorCalibration        
0000088f  oi_setWheels                  
00000b43  oi_shutoff_init               
0000097f  oi_uartInit                   
00000a23  oi_uartReceive                
00000a69  oi_uartSendBuff               
00000a07  oi_uartSendChar               
00000a4b  oi_uartSendStr                
000002d9  oi_update                     
00002c5b  ping_getDistance              
00002b19  ping_init                     
00002b9f  ping_trigger                  
20002320  pulseLength                   
20002324  right_calibration_value       
20002328  risingEdge                    
00003839  scalbn                        
00003839  scalbnl                       
00003231  servo_init                    
000032c1  servo_move                    
00003321  servo_setPWM                  
000032b5  servo_stop                    
0000448d  sprintf                       
0000479b  strchr                        
00004783  strcmp                        
000047b1  strcpy                        
000047c5  strlen                        
000029ef  timer_getMicros               
00002997  timer_getMillis               
000028d1  timer_init                    
00002973  timer_pause                   
00002985  timer_resume                  
00002949  timer_stop                    
00002a49  timer_waitMicros              
00002a7b  timer_waitMillis              
0000308d  uart_init                     
00003167  uart_receive                  
00003195  uart_receive_nonblocking      
00003143  uart_sendChar                 
000031bb  uart_sendStr                  
000044cd  vsnprintf                     
000047d9  wcslen                        


GLOBAL SYMBOLS: SORTED BY Symbol Address 

address   name                          
-------   ----                          
00000000  __TI_static_base__            
00000000  g_pfnVectors                  
0000026d  oi_alloc                      
00000279  oi_free                       
00000289  oi_init_noupdate              
000002b1  oi_init                       
000002c7  oi_close                      
000002d9  oi_update                     
0000032b  oi_parsePacket                
0000084b  oi_setLeds                    
0000088f  oi_setWheels                  
00000915  oi_loadSong                   
0000096b  oi_play_song                  
0000097f  oi_uartInit                   
00000a07  oi_uartSendChar               
00000a23  oi_uartReceive                
00000a4b  oi_uartSendStr                
00000a69  oi_uartSendBuff               
00000a9b  oi_checkFirmware              
00000b43  oi_shutoff_init               
00000bb5  GPIOF_Handler                 
00000da5  oi_setMotorCalibration        
00000de1  oi_getMotorCalibrationLeft    
00000df5  oi_getMotorCalibrationRight   
00000e81  __TI_printfi                  
00001000  __STACK_SIZE                  
00001000  __SYSMEM_SIZE                 
000018cf  _nop                          
000018d1  main                          
00001e31  lcd_reverseNibble             
00001e6d  lcd_init                      
00001f2d  lcd_putc                      
00001f65  lcd_puts                      
00001f83  lcd_sendCommand               
00001fc1  lcd_sendNibble                
00002005  lcd_gotoLine                  
0000202d  lcd_setCursorPos              
0000206b  lcd_printf                    
00002159  cyBot_sendByte                
00002165  cyBot_uart_sendStr            
0000217f  cyBot_uart_sendBuffer         
00002197  cyBot_uart_init_last_half     
0000220f  cyBot_uart_init_clean         
00002267  cyBot_uart_init_PHJ_first_half
000022c7  cyBot_uart_init               
0000235d  cyBot_uart_flush              
00002377  cyBot_getByte_nonblocking     
00002397  cyBot_getByte_blocking        
000023a5  cyBot_UART1_Handler           
00002671  cyBOT_scan_version            
0000267f  cyBOT_init_Scan               
000026d7  cyBOT_Scan                    
00002749  cyBOT_SERVO_cal               
000028d1  timer_init                    
00002949  timer_stop                    
00002973  timer_pause                   
00002985  timer_resume                  
00002997  timer_getMillis               
000029ef  timer_getMicros               
00002a49  timer_waitMicros              
00002a7b  timer_waitMillis              
00002b19  ping_init                     
00002b9f  ping_trigger                  
00002c09  TIMER3B_Handler               
00002c5b  ping_getDistance              
00002ed5  __aeabi_dsub                  
00002edf  __aeabi_dadd                  
0000308b  __aeabi_idiv0                 
0000308b  __aeabi_ldiv0                 
0000308d  uart_init                     
00003143  uart_sendChar                 
00003167  uart_receive                  
00003195  uart_receive_nonblocking      
000031bb  uart_sendStr                  
00003231  servo_init                    
000032b5  servo_stop                    
000032c1  servo_move                    
00003321  servo_setPWM                  
000034c5  __aeabi_ddiv                  
00003721  ir_init                       
00003789  ir_getValue                   
000037b1  ir_getDistance                
000037b9  ADC0SS0_Handler               
000037cf  ir_enableInterrupt            
00003839  ldexp                         
00003839  ldexpl                        
00003839  scalbn                        
00003839  scalbnl                       
00003949  adc_init                      
000039e1  adc_read                      
00003a55  aligned_alloc                 
00003a55  memalign                      
00003b55  __aeabi_dmul                  
00003c51  free                          
00003de7  __aeabi_memcpy                
00003de7  __aeabi_memcpy4               
00003de7  __aeabi_memcpy8               
00003de7  memcpy                        
00003e83  __aeabi_uldivmod              
00003f19  __aeabi_cdcmpeq               
00003f19  __aeabi_cdcmple               
00003f9f  __aeabi_cdrcmple              
00004025  __aeabi_memclr                
00004025  __aeabi_memclr4               
00004025  __aeabi_memclr8               
00004027  __aeabi_memset                
00004027  __aeabi_memset4               
00004027  __aeabi_memset8               
0000402d  memset                        
0000417f  __aeabi_d2f                   
000041ed  __TI_decompress_lzss          
00004255  frexp                         
00004255  frexpl                        
0000430f  __TI_ltoa                     
000043b5  atoi                          
00004401  __aeabi_d2iz                  
00004449  __TI_auto_init_nobinit_nopinit
0000448d  sprintf                       
000044cd  vsnprintf                     
0000454d  calloc                        
00004585  __aeabi_f2d                   
000045bd  IntRegister                   
000045f1  _c_int00_noargs               
00004655  __aeabi_i2d                   
000046ad  __aeabi_ui2d                  
000046cd  __TI_zero_init_nomemset       
00004705  memccpy                       
00004721  copysign                      
00004721  copysignl                     
0000476b  oi_parseInt                   
00004783  strcmp                        
0000479b  strchr                        
000047b1  strcpy                        
000047c5  strlen                        
000047d9  wcslen                        
000047eb  IntMasterEnable               
000047fb  lcd_clear                     
0000480b  __TI_decompress_none          
00004819  CPUcpsie                      
00004825  ResetISR                      
0000483d  __aeabi_errno_addr            
00004845  malloc                        
0000484d  _system_pre_init              
00004851  C$$EXIT                       
00004851  abort                         
00004854  _ctypes_                      
000049c4  __TI_Handler_Table_Base       
000049d0  __TI_Handler_Table_Limit      
000049e0  __TI_CINIT_Base               
000049f8  __TI_CINIT_Limit              
20000000  __start___llvm_prf_cnts       
20000000  __stop___llvm_prf_cnts        
20000000  g_pfnRAMVectors               
20000270  __stack                       
20000470  __STACK_TOP                   
20001270  __STACK_END                   
20001270  _sys_memory                   
200022c4  isr_char_buffer               
20002310  _timeout_ticks                
20002314  fallingEdge                   
20002318  isr_int_value                 
2000231c  left_calibration_value        
20002320  pulseLength                   
20002324  right_calibration_value       
20002328  risingEdge                    
2000232c  isRisingEdge                  
20002330  motor_cal_factor_L            
20002334  motor_cal_factor_R            
20002350  _lock                         
20002354  _unlock                       
20002360  cyBOT_scan_features           
20002364  isr_counter                   
20002368  errno                         
2000236c  _running                      
ffffffff  __TI_pprof_out_hndl           
ffffffff  __TI_prof_data_size           
ffffffff  __TI_prof_data_start          
ffffffff  __binit__                     
ffffffff  __c_args__                    
ffffffff  binit                         
UNDEFED   __mpu_init                    
UNDEFED   _system_post_cinit            

[182 symbols]
