******************************************************************************
                  TI ARM Linker PC v20.2.6                     
******************************************************************************
>> Linked Wed Mar  8 16:22:33 2023

OUTPUT FILE NAME:   <Lab 6.out>
ENTRY POINT SYMBOL: "_c_int00_noargs"  address: 00002d99


MEMORY CONFIGURATION

         name            origin    length      used     unused   attr    fill
----------------------  --------  ---------  --------  --------  ----  --------
  FLASH                 00000000   00040000  000030bf  0003cf41  R  X
  SRAM                  20000000   00008000  000022ee  00005d12  RW X


SEGMENT ALLOCATION MAP

run origin  load origin   length   init length attrs members
----------  ----------- ---------- ----------- ----- -------
00000000    00000000    000030c0   000030c0    r-x
  00000000    00000000    0000026c   0000026c    r-- .intvecs
  0000026c    0000026c    00002ce8   00002ce8    r-x .text
  00002f54    00002f54    0000012b   0000012b    r-- .const
  00003080    00003080    00000040   00000040    r-- .cinit
20000000    20000000    000022f5   00000000    rw-
  20000000    20000000    0000026c   00000000    rw- .vtable
  20000270    20000270    00001000   00000000    rw- .stack
  20001270    20001270    00001000   00000000    rw- .sysmem
  20002270    20002270    00000071   00000000    rw- .bss
  200022e4    200022e4    00000011   00000000    rw- .data


SECTION ALLOCATION MAP

 output                                  attributes/
section   page    origin      length       input sections
--------  ----  ----------  ----------   ----------------
.intvecs   0    00000000    0000026c     
                  00000000    0000026c     tm4c123gh6pm_startup_ccs.obj (.intvecs)

.text      0    0000026c    00002ce8     
                  0000026c    00000a4e     rtsv7M4_T_le_v4SPD16_eabi.lib : _printfi.c.obj (.text:__TI_printfi)
                  00000cba    00000002                                   : div0.asm.obj (.text)
                  00000cbc    00000328     lcd.obj (.text)
                  00000fe4    00000270     rtsv7M4_T_le_v4SPD16_eabi.lib : _printfi.c.obj (.text:_pconv_a)
                  00001254    00000260     libcybotScan.lib : cyBot_Scan.obj (.text)
                  000014b4    00000248     Timer.obj (.text)
                  000016fc    000001ec     libcybotScan.lib : ping.obj (.text)
                  000018e8    000001d0     rtsv7M4_T_le_v4SPD16_eabi.lib : _printfi.c.obj (.text:_pconv_g)
                  00001ab8    000001b6                                   : fd_add_t2.asm.obj (.text)
                  00001c6e    00000002     --HOLE-- [fill = 0]
                  00001c70    0000017c     uart-interrupt.obj (.text)
                  00001dec    00000158     libcybotScan.lib : servo.obj (.text)
                  00001f44    0000013c     rtsv7M4_T_le_v4SPD16_eabi.lib : _printfi.c.obj (.text:_pconv_e)
                  00002080    00000136                                   : fd_div_t2.asm.obj (.text)
                  000021b6    00000002     --HOLE-- [fill = 0]
                  000021b8    00000124                                   : _printfi.c.obj (.text:fcvt)
                  000022dc    00000118     libcybotScan.lib : ir.obj (.text)
                  000023f4    00000110     rtsv7M4_T_le_v4SPD16_eabi.lib : s_scalbn.c.obj (.text:scalbn)
                  00002504    000000fc                                   : fd_mul_t2.asm.obj (.text)
                  00002600    000000b1                                   : _printfi.c.obj (.text:_ltostr)
                  000026b1    00000001     --HOLE-- [fill = 0]
                  000026b2    0000009c                                   : memcpy_t2.asm.obj (.text)
                  0000274e    00000096                                   : ull_div_t2.asm.obj (.text)
                  000027e4    00000086                                   : fd_cmp_t2.asm.obj (.text:__aeabi_cdcmple)
                  0000286a    00000086                                   : fd_cmp_t2.asm.obj (.text:__aeabi_cdrcmple)
                  000028f0    0000007a                                   : memset_t2.asm.obj (.text)
                  0000296a    0000006e                                   : _printfi.c.obj (.text:_mcpy)
                  000029d8    0000006c     main.obj (.text)
                  00002a44    00000068     rtsv7M4_T_le_v4SPD16_eabi.lib : copy_decompress_lzss.c.obj (.text:decompress:lzss:__TI_decompress_lzss)
                  00002aac    00000064                                   : s_frexp.c.obj (.text:frexp)
                  00002b10    00000056                                   : _printfi.c.obj (.text:_pconv_f)
                  00002b66    00000054                                   : _ltoa.c.obj (.text:__TI_ltoa)
                  00002bba    00000052                                   : _printfi.c.obj (.text:_ecpy)
                  00002c0c    0000004c                                   : atoi.c.obj (.text:atoi)
                  00002c58    00000048                                   : fd_toi_t2.asm.obj (.text)
                  00002ca0    00000044                                   : autoinit.c.obj (.text:__TI_auto_init_nobinit_nopinit:__TI_auto_init_nobinit_nopinit)
                  00002ce4    00000040                                   : vsnprintf.c.obj (.text:vsnprintf)
                  00002d24    0000003e                                   : _printfi.c.obj (.text:_fcpy)
                  00002d62    00000002     --HOLE-- [fill = 0]
                  00002d64    00000034     driverlib.lib : interrupt.obj (.text:IntRegister)
                  00002d98    00000034     rtsv7M4_T_le_v4SPD16_eabi.lib : boot_cortex_m.c.obj (.text:_c_int00_noargs:_c_int00_noargs)
                  00002dcc    00000030                                   : vsnprintf.c.obj (.text:_outs)
                  00002dfc    0000002e                                   : i_tofd_t2.asm.obj (.text)
                  00002e2a    0000001c                                   : copy_zero_init.c.obj (.text:decompress:ZI:__TI_zero_init_nomemset:__TI_zero_init_nomemset)
                  00002e46    0000001c                                   : memccpy.c.obj (.text:memccpy)
                  00002e62    0000001a                                   : s_copysign.c.obj (.text:copysign)
                  00002e7c    00000018                                   : vsnprintf.c.obj (.text:_outc)
                  00002e94    00000018                                   : strcmp.c.obj (.text:strcmp)
                  00002eac    00000016                                   : strchr.c.obj (.text:strchr)
                  00002ec2    00000014                                   : strcpy.c.obj (.text:strcpy)
                  00002ed6    00000014                                   : strlen.c.obj (.text:strlen)
                  00002eea    00000012                                   : wcslen.c.obj (.text:wcslen)
                  00002efc    00000010     driverlib.lib : interrupt.obj (.text:IntMasterEnable)
                  00002f0c    00000010     lcd.obj (.text:lcd_clear)
                  00002f1c    0000000e     rtsv7M4_T_le_v4SPD16_eabi.lib : copy_decompress_none.c.obj (.text:decompress:none:__TI_decompress_none)
                  00002f2a    0000000c     driverlib.lib : cpu.obj (.text:CPUcpsie)
                  00002f36    0000000c     tm4c123gh6pm_startup_ccs.obj (.text)
                  00002f42    00000002     --HOLE-- [fill = 0]
                  00002f44    00000008     rtsv7M4_T_le_v4SPD16_eabi.lib : errno.c.obj (.text:__aeabi_errno_addr)
                  00002f4c    00000004                                   : pre_init.c.obj (.text:_system_pre_init)
                  00002f50    00000004                                   : exit.c.obj (.text:abort:abort)

.const     0    00002f54    0000012b     
                  00002f54    00000101     rtsv7M4_T_le_v4SPD16_eabi.lib : ctype.c.obj (.const:.string:_ctypes_)
                  00003055    00000022     main.obj (.const:.string:$P$T0$1)
                  00003077    00000004     lcd.obj (.const:.string:lineAddress$1)
                  0000307b    00000004     lcd.obj (.const:.string:lineAddresses$2)

.cinit     0    00003080    00000040     
                  00003080    0000000c     (__TI_handler_table)
                  0000308c    0000000b     (.cinit..data.load) [load image, compression = lzss]
                  00003097    00000001     --HOLE-- [fill = 0]
                  00003098    00000008     (.cinit..bss.load) [load image, compression = zero_init]
                  000030a0    00000008     (.cinit..vtable.load) [load image, compression = zero_init]
                  000030a8    00000018     (__TI_cinit_table)

.init_array 
*          0    00000000    00000000     UNINITIALIZED

.vtable    0    20000000    0000026c     UNINITIALIZED
                  20000000    0000026c     driverlib.lib : interrupt.obj (.vtable)

.stack     0    20000270    00001000     UNINITIALIZED
                  20000270    00000004     rtsv7M4_T_le_v4SPD16_eabi.lib : boot_cortex_m.c.obj (.stack)
                  20000274    00000ffc     --HOLE--

.sysmem    0    20001270    00001000     UNINITIALIZED
                  20001270    00000010     rtsv7M4_T_le_v4SPD16_eabi.lib : memory.c.obj (.sysmem)
                  20001280    00000ff0     --HOLE--

.bss       0    20002270    00000071     UNINITIALIZED
                  20002270    00000054     lcd.obj (.bss:lastbuffer$3)
                  200022c4    00000004     (.common:_timeout_ticks)
                  200022c8    00000004     (.common:fallingEdge)
                  200022cc    00000004     (.common:isr_int_value)
                  200022d0    00000004     (.common:left_calibration_value)
                  200022d4    00000004     (.common:pulseLength)
                  200022d8    00000004     (.common:right_calibration_value)
                  200022dc    00000004     (.common:risingEdge)
                  200022e0    00000001     (.common:isRisingEdge)

.data      0    200022e4    00000011     UNINITIALIZED
                  200022e4    00000008     uart-interrupt.obj (.data)
                  200022ec    00000004     libcybotScan.lib : cyBot_Scan.obj (.data)
                  200022f0    00000004     rtsv7M4_T_le_v4SPD16_eabi.lib : errno.c.obj (.data)
                  200022f4    00000001     Timer.obj (.data)

__llvm_prf_cnts 
*          0    20000000    00000000     UNINITIALIZED

MODULE SUMMARY

       Module                         code    ro data   rw data
       ------                         ----    -------   -------
    .\
       lcd.obj                        824     8         84     
       tm4c123gh6pm_startup_ccs.obj   12      620       0      
       Timer.obj                      584     0         5      
       uart-interrupt.obj             380     0         8      
       main.obj                       108     34        8      
    +--+------------------------------+-------+---------+---------+
       Total:                         1908    662       105    
                                                               
    ../libcybotScan.lib
       cyBot_Scan.obj                 608     0         4      
       ping.obj                       492     0         13     
       servo.obj                      344     0         0      
       ir.obj                         280     0         4      
    +--+------------------------------+-------+---------+---------+
       Total:                         1724    0         21     
                                                               
    C:/ti/TivaWare_C_Series-2.2.0.295/driverlib/ccs/Debug/driverlib.lib
       interrupt.obj                  68      0         620    
       cpu.obj                        12      0         0      
    +--+------------------------------+-------+---------+---------+
       Total:                         80      0         620    
                                                               
    C:\ti\ccs1200\ccs\tools\compiler\ti-cgt-arm_20.2.6.LTS\lib\rtsv7M4_T_le_v4SPD16_eabi.lib
       _printfi.c.obj                 4851    0         0      
       fd_add_t2.asm.obj              438     0         0      
       fd_div_t2.asm.obj              310     0         0      
       s_scalbn.c.obj                 272     0         0      
       fd_cmp_t2.asm.obj              268     0         0      
       ctype.c.obj                    0       257       0      
       fd_mul_t2.asm.obj              252     0         0      
       memcpy_t2.asm.obj              156     0         0      
       ull_div_t2.asm.obj             150     0         0      
       vsnprintf.c.obj                136     0         0      
       memset_t2.asm.obj              122     0         0      
       copy_decompress_lzss.c.obj     104     0         0      
       s_frexp.c.obj                  100     0         0      
       _ltoa.c.obj                    84      0         0      
       atoi.c.obj                     76      0         0      
       fd_toi_t2.asm.obj              72      0         0      
       autoinit.c.obj                 68      0         0      
       boot_cortex_m.c.obj            52      0         0      
       i_tofd_t2.asm.obj              46      0         0      
       copy_zero_init.c.obj           28      0         0      
       memccpy.c.obj                  28      0         0      
       s_copysign.c.obj               26      0         0      
       strcmp.c.obj                   24      0         0      
       strchr.c.obj                   22      0         0      
       strcpy.c.obj                   20      0         0      
       strlen.c.obj                   20      0         0      
       wcslen.c.obj                   18      0         0      
       copy_decompress_none.c.obj     14      0         0      
       errno.c.obj                    8       0         4      
       exit.c.obj                     4       0         0      
       pre_init.c.obj                 4       0         0      
       div0.asm.obj                   2       0         0      
    +--+------------------------------+-------+---------+---------+
       Total:                         7775    257       4      
                                                               
       Heap:                          0       0         4096   
       Stack:                         0       0         4096   
       Linker Generated:              0       63        0      
    +--+------------------------------+-------+---------+---------+
       Grand Total:                   11487   982       8942   


LINKER GENERATED COPY TABLES

__TI_cinit_table @ 000030a8 records: 3, size/record: 8, table size: 24
	.data: load addr=0000308c, load size=0000000b bytes, run addr=200022e4, run size=00000011 bytes, compression=lzss
	.bss: load addr=00003098, load size=00000008 bytes, run addr=20002270, run size=00000071 bytes, compression=zero_init
	.vtable: load addr=000030a0, load size=00000008 bytes, run addr=20000000, run size=0000026c bytes, compression=zero_init


LINKER GENERATED HANDLER TABLE

__TI_handler_table @ 00003080 records: 3, size/record: 4, table size: 12
	index: 0, handler: __TI_zero_init
	index: 1, handler: __TI_decompress_lzss
	index: 2, handler: __TI_decompress_none


GLOBAL SYMBOLS: SORTED ALPHABETICALLY BY Name 

address   name                          
-------   ----                          
00002375  ADC0SS0_Handler               
00002f51  C$$EXIT                       
00002f2b  CPUcpsie                      
00002efd  IntMasterEnable               
00002d65  IntRegister                   
00002f37  ResetISR                      
000017ed  TIMER3B_Handler               
00001d4d  UART1_Handler                 
20001270  __STACK_END                   
00001000  __STACK_SIZE                  
20000470  __STACK_TOP                   
00001000  __SYSMEM_SIZE                 
000030a8  __TI_CINIT_Base               
000030c0  __TI_CINIT_Limit              
00003080  __TI_Handler_Table_Base       
0000308c  __TI_Handler_Table_Limit      
00002ca1  __TI_auto_init_nobinit_nopinit
00002a45  __TI_decompress_lzss          
00002f1d  __TI_decompress_none          
00002b67  __TI_ltoa                     
ffffffff  __TI_pprof_out_hndl           
0000026d  __TI_printfi                  
ffffffff  __TI_prof_data_size           
ffffffff  __TI_prof_data_start          
00000000  __TI_static_base__            
00002e2b  __TI_zero_init_nomemset       
000027e5  __aeabi_cdcmpeq               
000027e5  __aeabi_cdcmple               
0000286b  __aeabi_cdrcmple              
00002c59  __aeabi_d2iz                  
00001ac3  __aeabi_dadd                  
00002081  __aeabi_ddiv                  
00002505  __aeabi_dmul                  
00001ab9  __aeabi_dsub                  
00002f45  __aeabi_errno_addr            
00002dfd  __aeabi_i2d                   
00000cbb  __aeabi_idiv0                 
00000cbb  __aeabi_ldiv0                 
000028f1  __aeabi_memclr                
000028f1  __aeabi_memclr4               
000028f1  __aeabi_memclr8               
000026b3  __aeabi_memcpy                
000026b3  __aeabi_memcpy4               
000026b3  __aeabi_memcpy8               
000028f3  __aeabi_memset                
000028f3  __aeabi_memset4               
000028f3  __aeabi_memset8               
0000274f  __aeabi_uldivmod              
ffffffff  __binit__                     
ffffffff  __c_args__                    
UNDEFED   __mpu_init                    
20000270  __stack                       
20000000  __start___llvm_prf_cnts       
20000000  __stop___llvm_prf_cnts        
00002d99  _c_int00_noargs               
00002f54  _ctypes_                      
200022f4  _running                      
20001270  _sys_memory                   
UNDEFED   _system_post_cinit            
00002f4d  _system_pre_init              
200022c4  _timeout_ticks                
00002f51  abort                         
00002c0d  atoi                          
ffffffff  binit                         
200022e4  command_byte                  
200022e8  command_flag                  
00002e63  copysign                      
00002e63  copysignl                     
0000132d  cyBOT_SERVO_cal               
000012bb  cyBOT_Scan                    
00001263  cyBOT_init_Scan               
200022ec  cyBOT_scan_features           
00001255  cyBOT_scan_version            
200022f0  errno                         
200022c8  fallingEdge                   
00002aad  frexp                         
00002aad  frexpl                        
20000000  g_pfnRAMVectors               
00000000  g_pfnVectors                  
0000238b  ir_enableInterrupt            
0000236d  ir_getDistance                
00002345  ir_getValue                   
000022dd  ir_init                       
200022e0  isRisingEdge                  
200022cc  isr_int_value                 
00002f0d  lcd_clear                     
00000e91  lcd_gotoLine                  
00000cf9  lcd_init                      
00000ef7  lcd_printf                    
00000db9  lcd_putc                      
00000df1  lcd_puts                      
00000cbd  lcd_reverseNibble             
00000e0f  lcd_sendCommand               
00000e4d  lcd_sendNibble                
00000eb9  lcd_setCursorPos              
000023f5  ldexp                         
000023f5  ldexpl                        
200022d0  left_calibration_value        
000029d9  main                          
00002e47  memccpy                       
000026b3  memcpy                        
000028f9  memset                        
0000183f  ping_getDistance              
000016fd  ping_init                     
00001783  ping_trigger                  
200022d4  pulseLength                   
200022d8  right_calibration_value       
200022dc  risingEdge                    
000023f5  scalbn                        
000023f5  scalbnl                       
00001ded  servo_init                    
00001e7d  servo_move                    
00001edd  servo_setPWM                  
00001e71  servo_stop                    
00002ead  strchr                        
00002e95  strcmp                        
00002ec3  strcpy                        
00002ed7  strlen                        
000015d3  timer_getMicros               
0000157b  timer_getMillis               
000014b5  timer_init                    
00001557  timer_pause                   
00001569  timer_resume                  
0000152d  timer_stop                    
0000162d  timer_waitMicros              
0000165f  timer_waitMillis              
00001c71  uart_interrupt_init           
00001d29  uart_sendChar                 
00002ce5  vsnprintf                     
00002eeb  wcslen                        


GLOBAL SYMBOLS: SORTED BY Symbol Address 

address   name                          
-------   ----                          
00000000  __TI_static_base__            
00000000  g_pfnVectors                  
0000026d  __TI_printfi                  
00000cbb  __aeabi_idiv0                 
00000cbb  __aeabi_ldiv0                 
00000cbd  lcd_reverseNibble             
00000cf9  lcd_init                      
00000db9  lcd_putc                      
00000df1  lcd_puts                      
00000e0f  lcd_sendCommand               
00000e4d  lcd_sendNibble                
00000e91  lcd_gotoLine                  
00000eb9  lcd_setCursorPos              
00000ef7  lcd_printf                    
00001000  __STACK_SIZE                  
00001000  __SYSMEM_SIZE                 
00001255  cyBOT_scan_version            
00001263  cyBOT_init_Scan               
000012bb  cyBOT_Scan                    
0000132d  cyBOT_SERVO_cal               
000014b5  timer_init                    
0000152d  timer_stop                    
00001557  timer_pause                   
00001569  timer_resume                  
0000157b  timer_getMillis               
000015d3  timer_getMicros               
0000162d  timer_waitMicros              
0000165f  timer_waitMillis              
000016fd  ping_init                     
00001783  ping_trigger                  
000017ed  TIMER3B_Handler               
0000183f  ping_getDistance              
00001ab9  __aeabi_dsub                  
00001ac3  __aeabi_dadd                  
00001c71  uart_interrupt_init           
00001d29  uart_sendChar                 
00001d4d  UART1_Handler                 
00001ded  servo_init                    
00001e71  servo_stop                    
00001e7d  servo_move                    
00001edd  servo_setPWM                  
00002081  __aeabi_ddiv                  
000022dd  ir_init                       
00002345  ir_getValue                   
0000236d  ir_getDistance                
00002375  ADC0SS0_Handler               
0000238b  ir_enableInterrupt            
000023f5  ldexp                         
000023f5  ldexpl                        
000023f5  scalbn                        
000023f5  scalbnl                       
00002505  __aeabi_dmul                  
000026b3  __aeabi_memcpy                
000026b3  __aeabi_memcpy4               
000026b3  __aeabi_memcpy8               
000026b3  memcpy                        
0000274f  __aeabi_uldivmod              
000027e5  __aeabi_cdcmpeq               
000027e5  __aeabi_cdcmple               
0000286b  __aeabi_cdrcmple              
000028f1  __aeabi_memclr                
000028f1  __aeabi_memclr4               
000028f1  __aeabi_memclr8               
000028f3  __aeabi_memset                
000028f3  __aeabi_memset4               
000028f3  __aeabi_memset8               
000028f9  memset                        
000029d9  main                          
00002a45  __TI_decompress_lzss          
00002aad  frexp                         
00002aad  frexpl                        
00002b67  __TI_ltoa                     
00002c0d  atoi                          
00002c59  __aeabi_d2iz                  
00002ca1  __TI_auto_init_nobinit_nopinit
00002ce5  vsnprintf                     
00002d65  IntRegister                   
00002d99  _c_int00_noargs               
00002dfd  __aeabi_i2d                   
00002e2b  __TI_zero_init_nomemset       
00002e47  memccpy                       
00002e63  copysign                      
00002e63  copysignl                     
00002e95  strcmp                        
00002ead  strchr                        
00002ec3  strcpy                        
00002ed7  strlen                        
00002eeb  wcslen                        
00002efd  IntMasterEnable               
00002f0d  lcd_clear                     
00002f1d  __TI_decompress_none          
00002f2b  CPUcpsie                      
00002f37  ResetISR                      
00002f45  __aeabi_errno_addr            
00002f4d  _system_pre_init              
00002f51  C$$EXIT                       
00002f51  abort                         
00002f54  _ctypes_                      
00003080  __TI_Handler_Table_Base       
0000308c  __TI_Handler_Table_Limit      
000030a8  __TI_CINIT_Base               
000030c0  __TI_CINIT_Limit              
20000000  __start___llvm_prf_cnts       
20000000  __stop___llvm_prf_cnts        
20000000  g_pfnRAMVectors               
20000270  __stack                       
20000470  __STACK_TOP                   
20001270  __STACK_END                   
20001270  _sys_memory                   
200022c4  _timeout_ticks                
200022c8  fallingEdge                   
200022cc  isr_int_value                 
200022d0  left_calibration_value        
200022d4  pulseLength                   
200022d8  right_calibration_value       
200022dc  risingEdge                    
200022e0  isRisingEdge                  
200022e4  command_byte                  
200022e8  command_flag                  
200022ec  cyBOT_scan_features           
200022f0  errno                         
200022f4  _running                      
ffffffff  __TI_pprof_out_hndl           
ffffffff  __TI_prof_data_size           
ffffffff  __TI_prof_data_start          
ffffffff  __binit__                     
ffffffff  __c_args__                    
ffffffff  binit                         
UNDEFED   __mpu_init                    
UNDEFED   _system_post_cinit            

[130 symbols]
