******************************************************************************
                  TI ARM Linker PC v20.2.6                     
******************************************************************************
>> Linked Wed Feb  1 17:15:12 2023

OUTPUT FILE NAME:   <Lab 1.out>
ENTRY POINT SYMBOL: "_c_int00_noargs"  address: 000026dd


MEMORY CONFIGURATION

         name            origin    length      used     unused   attr    fill
----------------------  --------  ---------  --------  --------  ----  --------
  FLASH                 00000000   00040000  00002a29  0003d5d7  R  X
  SRAM                  20000000   00008000  000012c9  00006d37  RW X


SEGMENT ALLOCATION MAP

run origin  load origin   length   init length attrs members
----------  ----------- ---------- ----------- ----- -------
00000000    00000000    00002a30   00002a30    r-x
  00000000    00000000    0000026c   0000026c    r-- .intvecs
  0000026c    0000026c    00002610   00002610    r-x .text
  0000287c    0000287c    0000016d   0000016d    r-- .const
  000029f0    000029f0    00000040   00000040    r-- .cinit
20000000    20000000    000012cd   00000000    rw-
  20000000    20000000    0000026c   00000000    rw- .vtable
  20000270    20000270    00001000   00000000    rw- .stack
  20001270    20001270    00000058   00000000    rw- .bss
  200012c8    200012c8    00000005   00000000    rw- .data


SECTION ALLOCATION MAP

 output                                  attributes/
section   page    origin      length       input sections
--------  ----  ----------  ----------   ----------------
.intvecs   0    00000000    0000026c     
                  00000000    0000026c     tm4c123gh6pm_startup_ccs.obj (.intvecs)

.text      0    0000026c    00002610     
                  0000026c    00000a4e     rtsv7M4_T_le_v4SPD16_eabi.lib : _printfi.c.obj (.text:__TI_printfi)
                  00000cba    00000002                                   : div0.asm.obj (.text)
                  00000cbc    00000328     lcd.obj (.text)
                  00000fe4    00000270     rtsv7M4_T_le_v4SPD16_eabi.lib : _printfi.c.obj (.text:_pconv_a)
                  00001254    00000248     Timer.obj (.text)
                  0000149c    000001e8     helloworld.obj (.text)
                  00001684    000001d0     rtsv7M4_T_le_v4SPD16_eabi.lib : _printfi.c.obj (.text:_pconv_g)
                  00001854    000001b6                                   : fd_add_t2.asm.obj (.text)
                  00001a0a    00000002     --HOLE-- [fill = 0]
                  00001a0c    0000013c                                   : _printfi.c.obj (.text:_pconv_e)
                  00001b48    00000136                                   : fd_div_t2.asm.obj (.text)
                  00001c7e    00000002     --HOLE-- [fill = 0]
                  00001c80    00000124                                   : _printfi.c.obj (.text:fcvt)
                  00001da4    00000110                                   : s_scalbn.c.obj (.text:scalbn)
                  00001eb4    000000fc                                   : fd_mul_t2.asm.obj (.text)
                  00001fb0    000000b1                                   : _printfi.c.obj (.text:_ltostr)
                  00002061    00000001     --HOLE-- [fill = 0]
                  00002062    0000009c                                   : memcpy_t2.asm.obj (.text)
                  000020fe    00000096                                   : ull_div_t2.asm.obj (.text)
                  00002194    00000086                                   : fd_cmp_t2.asm.obj (.text:__aeabi_cdcmple)
                  0000221a    00000086                                   : fd_cmp_t2.asm.obj (.text:__aeabi_cdrcmple)
                  000022a0    0000007a                                   : memset_t2.asm.obj (.text)
                  0000231a    0000006e                                   : _printfi.c.obj (.text:_mcpy)
                  00002388    00000068                                   : copy_decompress_lzss.c.obj (.text:decompress:lzss:__TI_decompress_lzss)
                  000023f0    00000064                                   : s_frexp.c.obj (.text:frexp)
                  00002454    00000056                                   : _printfi.c.obj (.text:_pconv_f)
                  000024aa    00000054                                   : _ltoa.c.obj (.text:__TI_ltoa)
                  000024fe    00000052                                   : _printfi.c.obj (.text:_ecpy)
                  00002550    0000004c                                   : atoi.c.obj (.text:atoi)
                  0000259c    00000048                                   : fd_toi_t2.asm.obj (.text)
                  000025e4    00000044                                   : autoinit.c.obj (.text:__TI_auto_init_nobinit_nopinit:__TI_auto_init_nobinit_nopinit)
                  00002628    00000040                                   : vsnprintf.c.obj (.text:vsnprintf)
                  00002668    0000003e                                   : _printfi.c.obj (.text:_fcpy)
                  000026a6    00000002     --HOLE-- [fill = 0]
                  000026a8    00000034     driverlib.lib : interrupt.obj (.text:IntRegister)
                  000026dc    00000034     rtsv7M4_T_le_v4SPD16_eabi.lib : boot_cortex_m.c.obj (.text:_c_int00_noargs:_c_int00_noargs)
                  00002710    00000030                                   : vsnprintf.c.obj (.text:_outs)
                  00002740    0000002e                                   : i_tofd_t2.asm.obj (.text)
                  0000276e    0000001c                                   : copy_zero_init.c.obj (.text:decompress:ZI:__TI_zero_init_nomemset:__TI_zero_init_nomemset)
                  0000278a    0000001c                                   : memccpy.c.obj (.text:memccpy)
                  000027a6    0000001a                                   : s_copysign.c.obj (.text:copysign)
                  000027c0    00000018                                   : vsnprintf.c.obj (.text:_outc)
                  000027d8    00000018                                   : strcmp.c.obj (.text:strcmp)
                  000027f0    00000016                                   : strchr.c.obj (.text:strchr)
                  00002806    00000014                                   : strcpy.c.obj (.text:strcpy)
                  0000281a    00000014                                   : strlen.c.obj (.text:strlen)
                  0000282e    00000012                                   : wcslen.c.obj (.text:wcslen)
                  00002840    00000010     lcd.obj (.text:lcd_clear)
                  00002850    0000000e     rtsv7M4_T_le_v4SPD16_eabi.lib : copy_decompress_none.c.obj (.text:decompress:none:__TI_decompress_none)
                  0000285e    0000000c     tm4c123gh6pm_startup_ccs.obj (.text)
                  0000286a    00000002     --HOLE-- [fill = 0]
                  0000286c    00000008     rtsv7M4_T_le_v4SPD16_eabi.lib : errno.c.obj (.text:__aeabi_errno_addr)
                  00002874    00000004                                   : pre_init.c.obj (.text:_system_pre_init)
                  00002878    00000004                                   : exit.c.obj (.text:abort:abort)

.const     0    0000287c    0000016d     
                  0000287c    00000101     rtsv7M4_T_le_v4SPD16_eabi.lib : ctype.c.obj (.const:.string:_ctypes_)
                  0000297d    00000064     helloworld.obj (.const:.string:$P$T0$1)
                  000029e1    00000004     lcd.obj (.const:.string:lineAddress$1)
                  000029e5    00000004     lcd.obj (.const:.string:lineAddresses$2)

.cinit     0    000029f0    00000040     
                  000029f0    0000000c     (__TI_handler_table)
                  000029fc    00000004     --HOLE-- [fill = 0]
                  00002a00    00000008     (.cinit..bss.load) [load image, compression = zero_init]
                  00002a08    00000008     (.cinit..vtable.load) [load image, compression = zero_init]
                  00002a10    00000007     (.cinit..data.load) [load image, compression = lzss]
                  00002a17    00000001     --HOLE-- [fill = 0]
                  00002a18    00000018     (__TI_cinit_table)

.init_array 
*          0    00000000    00000000     UNINITIALIZED

.vtable    0    20000000    0000026c     UNINITIALIZED
                  20000000    0000026c     driverlib.lib : interrupt.obj (.vtable)

.bss       0    20001270    00000058     UNINITIALIZED
                  20001270    00000054     lcd.obj (.bss:lastbuffer$3)
                  200012c4    00000004     (.common:_timeout_ticks)

.data      0    200012c8    00000005     UNINITIALIZED
                  200012c8    00000004     rtsv7M4_T_le_v4SPD16_eabi.lib : errno.c.obj (.data)
                  200012cc    00000001     Timer.obj (.data)

.stack     0    20000270    00001000     UNINITIALIZED
                  20000270    00000004     rtsv7M4_T_le_v4SPD16_eabi.lib : boot_cortex_m.c.obj (.stack)
                  20000274    00000ffc     --HOLE--

__llvm_prf_cnts 
*          0    20000000    00000000     UNINITIALIZED

MODULE SUMMARY

       Module                         code   ro data   rw data
       ------                         ----   -------   -------
    .\
       lcd.obj                        824    8         84     
       tm4c123gh6pm_startup_ccs.obj   12     620       0      
       Timer.obj                      584    0         5      
       helloworld.obj                 488    100       0      
    +--+------------------------------+------+---------+---------+
       Total:                         1908   728       89     
                                                              
    C:/ti/TivaWare_C_Series-2.2.0.295/driverlib/ccs/Debug/driverlib.lib
       interrupt.obj                  52     0         620    
    +--+------------------------------+------+---------+---------+
       Total:                         52     0         620    
                                                              
    C:\ti\ccs1200\ccs\tools\compiler\ti-cgt-arm_20.2.6.LTS\lib\rtsv7M4_T_le_v4SPD16_eabi.lib
       _printfi.c.obj                 4851   0         0      
       fd_add_t2.asm.obj              438    0         0      
       fd_div_t2.asm.obj              310    0         0      
       s_scalbn.c.obj                 272    0         0      
       fd_cmp_t2.asm.obj              268    0         0      
       ctype.c.obj                    0      257       0      
       fd_mul_t2.asm.obj              252    0         0      
       memcpy_t2.asm.obj              156    0         0      
       ull_div_t2.asm.obj             150    0         0      
       vsnprintf.c.obj                136    0         0      
       memset_t2.asm.obj              122    0         0      
       copy_decompress_lzss.c.obj     104    0         0      
       s_frexp.c.obj                  100    0         0      
       _ltoa.c.obj                    84     0         0      
       atoi.c.obj                     76     0         0      
       fd_toi_t2.asm.obj              72     0         0      
       autoinit.c.obj                 68     0         0      
       boot_cortex_m.c.obj            52     0         0      
       i_tofd_t2.asm.obj              46     0         0      
       copy_zero_init.c.obj           28     0         0      
       memccpy.c.obj                  28     0         0      
       s_copysign.c.obj               26     0         0      
       strcmp.c.obj                   24     0         0      
       strchr.c.obj                   22     0         0      
       strcpy.c.obj                   20     0         0      
       strlen.c.obj                   20     0         0      
       wcslen.c.obj                   18     0         0      
       copy_decompress_none.c.obj     14     0         0      
       errno.c.obj                    8      0         4      
       exit.c.obj                     4      0         0      
       pre_init.c.obj                 4      0         0      
       div0.asm.obj                   2      0         0      
    +--+------------------------------+------+---------+---------+
       Total:                         7775   257       4      
                                                              
       Stack:                         0      0         4096   
       Linker Generated:              0      59        0      
    +--+------------------------------+------+---------+---------+
       Grand Total:                   9735   1044      4809   


LINKER GENERATED COPY TABLES

__TI_cinit_table @ 00002a18 records: 3, size/record: 8, table size: 24
	.bss: load addr=00002a00, load size=00000008 bytes, run addr=20001270, run size=00000058 bytes, compression=zero_init
	.vtable: load addr=00002a08, load size=00000008 bytes, run addr=20000000, run size=0000026c bytes, compression=zero_init
	.data: load addr=00002a10, load size=00000007 bytes, run addr=200012c8, run size=00000005 bytes, compression=lzss


LINKER GENERATED HANDLER TABLE

__TI_handler_table @ 000029f0 records: 3, size/record: 4, table size: 12
	index: 0, handler: __TI_zero_init
	index: 1, handler: __TI_decompress_lzss
	index: 2, handler: __TI_decompress_none


GLOBAL SYMBOLS: SORTED ALPHABETICALLY BY Name 

address   name                          
-------   ----                          
00002879  C$$EXIT                       
000026a9  IntRegister                   
0000285f  ResetISR                      
20001270  __STACK_END                   
00001000  __STACK_SIZE                  
20000470  __STACK_TOP                   
00002a18  __TI_CINIT_Base               
00002a30  __TI_CINIT_Limit              
000029f0  __TI_Handler_Table_Base       
000029fc  __TI_Handler_Table_Limit      
000025e5  __TI_auto_init_nobinit_nopinit
00002389  __TI_decompress_lzss          
00002851  __TI_decompress_none          
000024ab  __TI_ltoa                     
ffffffff  __TI_pprof_out_hndl           
0000026d  __TI_printfi                  
ffffffff  __TI_prof_data_size           
ffffffff  __TI_prof_data_start          
00000000  __TI_static_base__            
0000276f  __TI_zero_init_nomemset       
00002195  __aeabi_cdcmpeq               
00002195  __aeabi_cdcmple               
0000221b  __aeabi_cdrcmple              
0000259d  __aeabi_d2iz                  
0000185f  __aeabi_dadd                  
00001b49  __aeabi_ddiv                  
00001eb5  __aeabi_dmul                  
00001855  __aeabi_dsub                  
0000286d  __aeabi_errno_addr            
00002741  __aeabi_i2d                   
00000cbb  __aeabi_idiv0                 
00000cbb  __aeabi_ldiv0                 
000022a1  __aeabi_memclr                
000022a1  __aeabi_memclr4               
000022a1  __aeabi_memclr8               
00002063  __aeabi_memcpy                
00002063  __aeabi_memcpy4               
00002063  __aeabi_memcpy8               
000022a3  __aeabi_memset                
000022a3  __aeabi_memset4               
000022a3  __aeabi_memset8               
000020ff  __aeabi_uldivmod              
ffffffff  __binit__                     
ffffffff  __c_args__                    
UNDEFED   __mpu_init                    
20000270  __stack                       
20000000  __start___llvm_prf_cnts       
20000000  __stop___llvm_prf_cnts        
000026dd  _c_int00_noargs               
0000287c  _ctypes_                      
200012cc  _running                      
UNDEFED   _system_post_cinit            
00002875  _system_pre_init              
200012c4  _timeout_ticks                
00002879  abort                         
00002551  atoi                          
ffffffff  binit                         
000027a7  copysign                      
000027a7  copysignl                     
200012c8  errno                         
000023f1  frexp                         
000023f1  frexpl                        
20000000  g_pfnRAMVectors               
00000000  g_pfnVectors                  
00002841  lcd_clear                     
00000e91  lcd_gotoLine                  
00000cf9  lcd_init                      
00000ef7  lcd_printf                    
00000db9  lcd_putc                      
00000df1  lcd_puts                      
00000cbd  lcd_reverseNibble             
00000e0f  lcd_sendCommand               
00000e4d  lcd_sendNibble                
00000eb9  lcd_setCursorPos              
00001da5  ldexp                         
00001da5  ldexpl                        
0000149d  main                          
0000278b  memccpy                       
00002063  memcpy                        
000022a9  memset                        
00001da5  scalbn                        
00001da5  scalbnl                       
000027f1  strchr                        
000027d9  strcmp                        
00002807  strcpy                        
0000281b  strlen                        
00001373  timer_getMicros               
0000131b  timer_getMillis               
00001255  timer_init                    
000012f7  timer_pause                   
00001309  timer_resume                  
000012cd  timer_stop                    
000013cd  timer_waitMicros              
000013ff  timer_waitMillis              
00002629  vsnprintf                     
0000282f  wcslen                        


GLOBAL SYMBOLS: SORTED BY Symbol Address 

address   name                          
-------   ----                          
00000000  __TI_static_base__            
00000000  g_pfnVectors                  
0000026d  __TI_printfi                  
00000cbb  __aeabi_idiv0                 
00000cbb  __aeabi_ldiv0                 
00000cbd  lcd_reverseNibble             
00000cf9  lcd_init                      
00000db9  lcd_putc                      
00000df1  lcd_puts                      
00000e0f  lcd_sendCommand               
00000e4d  lcd_sendNibble                
00000e91  lcd_gotoLine                  
00000eb9  lcd_setCursorPos              
00000ef7  lcd_printf                    
00001000  __STACK_SIZE                  
00001255  timer_init                    
000012cd  timer_stop                    
000012f7  timer_pause                   
00001309  timer_resume                  
0000131b  timer_getMillis               
00001373  timer_getMicros               
000013cd  timer_waitMicros              
000013ff  timer_waitMillis              
0000149d  main                          
00001855  __aeabi_dsub                  
0000185f  __aeabi_dadd                  
00001b49  __aeabi_ddiv                  
00001da5  ldexp                         
00001da5  ldexpl                        
00001da5  scalbn                        
00001da5  scalbnl                       
00001eb5  __aeabi_dmul                  
00002063  __aeabi_memcpy                
00002063  __aeabi_memcpy4               
00002063  __aeabi_memcpy8               
00002063  memcpy                        
000020ff  __aeabi_uldivmod              
00002195  __aeabi_cdcmpeq               
00002195  __aeabi_cdcmple               
0000221b  __aeabi_cdrcmple              
000022a1  __aeabi_memclr                
000022a1  __aeabi_memclr4               
000022a1  __aeabi_memclr8               
000022a3  __aeabi_memset                
000022a3  __aeabi_memset4               
000022a3  __aeabi_memset8               
000022a9  memset                        
00002389  __TI_decompress_lzss          
000023f1  frexp                         
000023f1  frexpl                        
000024ab  __TI_ltoa                     
00002551  atoi                          
0000259d  __aeabi_d2iz                  
000025e5  __TI_auto_init_nobinit_nopinit
00002629  vsnprintf                     
000026a9  IntRegister                   
000026dd  _c_int00_noargs               
00002741  __aeabi_i2d                   
0000276f  __TI_zero_init_nomemset       
0000278b  memccpy                       
000027a7  copysign                      
000027a7  copysignl                     
000027d9  strcmp                        
000027f1  strchr                        
00002807  strcpy                        
0000281b  strlen                        
0000282f  wcslen                        
00002841  lcd_clear                     
00002851  __TI_decompress_none          
0000285f  ResetISR                      
0000286d  __aeabi_errno_addr            
00002875  _system_pre_init              
00002879  C$$EXIT                       
00002879  abort                         
0000287c  _ctypes_                      
000029f0  __TI_Handler_Table_Base       
000029fc  __TI_Handler_Table_Limit      
00002a18  __TI_CINIT_Base               
00002a30  __TI_CINIT_Limit              
20000000  __start___llvm_prf_cnts       
20000000  __stop___llvm_prf_cnts        
20000000  g_pfnRAMVectors               
20000270  __stack                       
20000470  __STACK_TOP                   
20001270  __STACK_END                   
200012c4  _timeout_ticks                
200012c8  errno                         
200012cc  _running                      
ffffffff  __TI_pprof_out_hndl           
ffffffff  __TI_prof_data_size           
ffffffff  __TI_prof_data_start          
ffffffff  __binit__                     
ffffffff  __c_args__                    
ffffffff  binit                         
UNDEFED   __mpu_init                    
UNDEFED   _system_post_cinit            

[96 symbols]
