<?xml version="1.0" encoding="ISO-8859-1" ?>
<link_info>
   <banner>TI ARM Linker PC v20.2.6.LTS</banner>
   <copyright>Copyright (c) 1996-2018 Texas Instruments Incorporated</copyright>
   <link_time>0x641b7660</link_time>
   <link_errors>0x0</link_errors>
   <output_file>Lab 8.out</output_file>
   <entry_point>
      <name>_c_int00_noargs</name>
      <address>0x45f1</address>
   </entry_point>
   <input_file_list>
      <input_file id="fl-2">
         <path>.\</path>
         <kind>object</kind>
         <file>Timer.obj</file>
         <name>Timer.obj</name>
      </input_file>
      <input_file id="fl-3">
         <path>.\</path>
         <kind>object</kind>
         <file>adc.obj</file>
         <name>adc.obj</name>
      </input_file>
      <input_file id="fl-4">
         <path>.\</path>
         <kind>object</kind>
         <file>button.obj</file>
         <name>button.obj</name>
      </input_file>
      <input_file id="fl-5">
         <path>.\</path>
         <kind>object</kind>
         <file>lcd.obj</file>
         <name>lcd.obj</name>
      </input_file>
      <input_file id="fl-6">
         <path>.\</path>
         <kind>object</kind>
         <file>main.obj</file>
         <name>main.obj</name>
      </input_file>
      <input_file id="fl-7">
         <path>.\</path>
         <kind>object</kind>
         <file>movement.obj</file>
         <name>movement.obj</name>
      </input_file>
      <input_file id="fl-8">
         <path>.\</path>
         <kind>object</kind>
         <file>open_interface.obj</file>
         <name>open_interface.obj</name>
      </input_file>
      <input_file id="fl-9">
         <path>.\</path>
         <kind>object</kind>
         <file>tm4c123gh6pm_startup_ccs.obj</file>
         <name>tm4c123gh6pm_startup_ccs.obj</name>
      </input_file>
      <input_file id="fl-a">
         <path>.\</path>
         <kind>object</kind>
         <file>uart.obj</file>
         <name>uart.obj</name>
      </input_file>
      <input_file id="fl-11">
         <kind>object</kind>
         <file>&lt;internal&gt;</file>
         <name>&lt;internal&gt;</name>
      </input_file>
      <input_file id="fl-12">
         <path>..\</path>
         <kind>archive</kind>
         <file>libcybotScan.lib</file>
         <name>cyBot_Scan.obj</name>
      </input_file>
      <input_file id="fl-13">
         <path>..\</path>
         <kind>archive</kind>
         <file>libcybotScan.lib</file>
         <name>ir.obj</name>
      </input_file>
      <input_file id="fl-14">
         <path>..\</path>
         <kind>archive</kind>
         <file>libcybotScan.lib</file>
         <name>ping.obj</name>
      </input_file>
      <input_file id="fl-15">
         <path>..\</path>
         <kind>archive</kind>
         <file>libcybotScan.lib</file>
         <name>servo.obj</name>
      </input_file>
      <input_file id="fl-16">
         <path>..\</path>
         <kind>archive</kind>
         <file>libcybotUART.lib</file>
         <name>uart.obj</name>
      </input_file>
      <input_file id="fl-cc">
         <path>C:\ti\ccs1200\ccs\tools\compiler\ti-cgt-arm_20.2.6.LTS\lib\</path>
         <kind>archive</kind>
         <file>rtsv7M4_T_le_v4SPD16_eabi.lib</file>
         <name>sprintf.c.obj</name>
      </input_file>
      <input_file id="fl-cd">
         <path>C:\ti\ccs1200\ccs\tools\compiler\ti-cgt-arm_20.2.6.LTS\lib\</path>
         <kind>archive</kind>
         <file>rtsv7M4_T_le_v4SPD16_eabi.lib</file>
         <name>vsnprintf.c.obj</name>
      </input_file>
      <input_file id="fl-ce">
         <path>C:\ti\ccs1200\ccs\tools\compiler\ti-cgt-arm_20.2.6.LTS\lib\</path>
         <kind>archive</kind>
         <file>rtsv7M4_T_le_v4SPD16_eabi.lib</file>
         <name>fd_add_t2.asm.obj</name>
      </input_file>
      <input_file id="fl-cf">
         <path>C:\ti\ccs1200\ccs\tools\compiler\ti-cgt-arm_20.2.6.LTS\lib\</path>
         <kind>archive</kind>
         <file>rtsv7M4_T_le_v4SPD16_eabi.lib</file>
         <name>fd_cmp_t2.asm.obj</name>
      </input_file>
      <input_file id="fl-d0">
         <path>C:\ti\ccs1200\ccs\tools\compiler\ti-cgt-arm_20.2.6.LTS\lib\</path>
         <kind>archive</kind>
         <file>rtsv7M4_T_le_v4SPD16_eabi.lib</file>
         <name>fd_div_t2.asm.obj</name>
      </input_file>
      <input_file id="fl-d1">
         <path>C:\ti\ccs1200\ccs\tools\compiler\ti-cgt-arm_20.2.6.LTS\lib\</path>
         <kind>archive</kind>
         <file>rtsv7M4_T_le_v4SPD16_eabi.lib</file>
         <name>fd_mul_t2.asm.obj</name>
      </input_file>
      <input_file id="fl-d2">
         <path>C:\ti\ccs1200\ccs\tools\compiler\ti-cgt-arm_20.2.6.LTS\lib\</path>
         <kind>archive</kind>
         <file>rtsv7M4_T_le_v4SPD16_eabi.lib</file>
         <name>fd_toi_t2.asm.obj</name>
      </input_file>
      <input_file id="fl-d3">
         <path>C:\ti\ccs1200\ccs\tools\compiler\ti-cgt-arm_20.2.6.LTS\lib\</path>
         <kind>archive</kind>
         <file>rtsv7M4_T_le_v4SPD16_eabi.lib</file>
         <name>fd_tos_t2.asm.obj</name>
      </input_file>
      <input_file id="fl-d4">
         <path>C:\ti\ccs1200\ccs\tools\compiler\ti-cgt-arm_20.2.6.LTS\lib\</path>
         <kind>archive</kind>
         <file>rtsv7M4_T_le_v4SPD16_eabi.lib</file>
         <name>fs_tod_t2.asm.obj</name>
      </input_file>
      <input_file id="fl-d5">
         <path>C:\ti\ccs1200\ccs\tools\compiler\ti-cgt-arm_20.2.6.LTS\lib\</path>
         <kind>archive</kind>
         <file>rtsv7M4_T_le_v4SPD16_eabi.lib</file>
         <name>i_tofd_t2.asm.obj</name>
      </input_file>
      <input_file id="fl-d6">
         <path>C:\ti\ccs1200\ccs\tools\compiler\ti-cgt-arm_20.2.6.LTS\lib\</path>
         <kind>archive</kind>
         <file>rtsv7M4_T_le_v4SPD16_eabi.lib</file>
         <name>memcpy_t2.asm.obj</name>
      </input_file>
      <input_file id="fl-d7">
         <path>C:\ti\ccs1200\ccs\tools\compiler\ti-cgt-arm_20.2.6.LTS\lib\</path>
         <kind>archive</kind>
         <file>rtsv7M4_T_le_v4SPD16_eabi.lib</file>
         <name>u_tofd_t2.asm.obj</name>
      </input_file>
      <input_file id="fl-d8">
         <path>C:\ti\ccs1200\ccs\tools\compiler\ti-cgt-arm_20.2.6.LTS\lib\</path>
         <kind>archive</kind>
         <file>rtsv7M4_T_le_v4SPD16_eabi.lib</file>
         <name>copy_zero_init.c.obj</name>
      </input_file>
      <input_file id="fl-d9">
         <path>C:\ti\ccs1200\ccs\tools\compiler\ti-cgt-arm_20.2.6.LTS\lib\</path>
         <kind>archive</kind>
         <file>rtsv7M4_T_le_v4SPD16_eabi.lib</file>
         <name>copy_decompress_none.c.obj</name>
      </input_file>
      <input_file id="fl-da">
         <path>C:\ti\ccs1200\ccs\tools\compiler\ti-cgt-arm_20.2.6.LTS\lib\</path>
         <kind>archive</kind>
         <file>rtsv7M4_T_le_v4SPD16_eabi.lib</file>
         <name>copy_decompress_lzss.c.obj</name>
      </input_file>
      <input_file id="fl-db">
         <path>C:\ti\ccs1200\ccs\tools\compiler\ti-cgt-arm_20.2.6.LTS\lib\</path>
         <kind>archive</kind>
         <file>rtsv7M4_T_le_v4SPD16_eabi.lib</file>
         <name>memory.c.obj</name>
      </input_file>
      <input_file id="fl-dc">
         <path>C:\ti\ccs1200\ccs\tools\compiler\ti-cgt-arm_20.2.6.LTS\lib\</path>
         <kind>archive</kind>
         <file>rtsv7M4_T_le_v4SPD16_eabi.lib</file>
         <name>strcmp.c.obj</name>
      </input_file>
      <input_file id="fl-dd">
         <path>C:\ti\ccs1200\ccs\tools\compiler\ti-cgt-arm_20.2.6.LTS\lib\</path>
         <kind>archive</kind>
         <file>rtsv7M4_T_le_v4SPD16_eabi.lib</file>
         <name>strcpy.c.obj</name>
      </input_file>
      <input_file id="fl-de">
         <path>C:\ti\ccs1200\ccs\tools\compiler\ti-cgt-arm_20.2.6.LTS\lib\</path>
         <kind>archive</kind>
         <file>rtsv7M4_T_le_v4SPD16_eabi.lib</file>
         <name>strlen.c.obj</name>
      </input_file>
      <input_file id="fl-df">
         <path>C:\ti\ccs1200\ccs\tools\compiler\ti-cgt-arm_20.2.6.LTS\lib\</path>
         <kind>archive</kind>
         <file>rtsv7M4_T_le_v4SPD16_eabi.lib</file>
         <name>boot_cortex_m.c.obj</name>
      </input_file>
      <input_file id="fl-e0">
         <path>C:\ti\ccs1200\ccs\tools\compiler\ti-cgt-arm_20.2.6.LTS\lib\</path>
         <kind>archive</kind>
         <file>rtsv7M4_T_le_v4SPD16_eabi.lib</file>
         <name>_printfi.c.obj</name>
      </input_file>
      <input_file id="fl-e1">
         <path>C:\ti\ccs1200\ccs\tools\compiler\ti-cgt-arm_20.2.6.LTS\lib\</path>
         <kind>archive</kind>
         <file>rtsv7M4_T_le_v4SPD16_eabi.lib</file>
         <name>memset_t2.asm.obj</name>
      </input_file>
      <input_file id="fl-e2">
         <path>C:\ti\ccs1200\ccs\tools\compiler\ti-cgt-arm_20.2.6.LTS\lib\</path>
         <kind>archive</kind>
         <file>rtsv7M4_T_le_v4SPD16_eabi.lib</file>
         <name>ull_div_t2.asm.obj</name>
      </input_file>
      <input_file id="fl-e3">
         <path>C:\ti\ccs1200\ccs\tools\compiler\ti-cgt-arm_20.2.6.LTS\lib\</path>
         <kind>archive</kind>
         <file>rtsv7M4_T_le_v4SPD16_eabi.lib</file>
         <name>autoinit.c.obj</name>
      </input_file>
      <input_file id="fl-e4">
         <path>C:\ti\ccs1200\ccs\tools\compiler\ti-cgt-arm_20.2.6.LTS\lib\</path>
         <kind>archive</kind>
         <file>rtsv7M4_T_le_v4SPD16_eabi.lib</file>
         <name>pre_init.c.obj</name>
      </input_file>
      <input_file id="fl-e5">
         <path>C:\ti\ccs1200\ccs\tools\compiler\ti-cgt-arm_20.2.6.LTS\lib\</path>
         <kind>archive</kind>
         <file>rtsv7M4_T_le_v4SPD16_eabi.lib</file>
         <name>cpy_tbl.c.obj</name>
      </input_file>
      <input_file id="fl-e6">
         <path>C:\ti\ccs1200\ccs\tools\compiler\ti-cgt-arm_20.2.6.LTS\lib\</path>
         <kind>archive</kind>
         <file>rtsv7M4_T_le_v4SPD16_eabi.lib</file>
         <name>exit.c.obj</name>
      </input_file>
      <input_file id="fl-e7">
         <path>C:\ti\ccs1200\ccs\tools\compiler\ti-cgt-arm_20.2.6.LTS\lib\</path>
         <kind>archive</kind>
         <file>rtsv7M4_T_le_v4SPD16_eabi.lib</file>
         <name>_lock.c.obj</name>
      </input_file>
      <input_file id="fl-e8">
         <path>C:\ti\ccs1200\ccs\tools\compiler\ti-cgt-arm_20.2.6.LTS\lib\</path>
         <kind>archive</kind>
         <file>rtsv7M4_T_le_v4SPD16_eabi.lib</file>
         <name>_ltoa.c.obj</name>
      </input_file>
      <input_file id="fl-e9">
         <path>C:\ti\ccs1200\ccs\tools\compiler\ti-cgt-arm_20.2.6.LTS\lib\</path>
         <kind>archive</kind>
         <file>rtsv7M4_T_le_v4SPD16_eabi.lib</file>
         <name>args_main.c.obj</name>
      </input_file>
      <input_file id="fl-ea">
         <path>C:\ti\ccs1200\ccs\tools\compiler\ti-cgt-arm_20.2.6.LTS\lib\</path>
         <kind>archive</kind>
         <file>rtsv7M4_T_le_v4SPD16_eabi.lib</file>
         <name>atoi.c.obj</name>
      </input_file>
      <input_file id="fl-eb">
         <path>C:\ti\ccs1200\ccs\tools\compiler\ti-cgt-arm_20.2.6.LTS\lib\</path>
         <kind>archive</kind>
         <file>rtsv7M4_T_le_v4SPD16_eabi.lib</file>
         <name>ctype.c.obj</name>
      </input_file>
      <input_file id="fl-ec">
         <path>C:\ti\ccs1200\ccs\tools\compiler\ti-cgt-arm_20.2.6.LTS\lib\</path>
         <kind>archive</kind>
         <file>rtsv7M4_T_le_v4SPD16_eabi.lib</file>
         <name>memccpy.c.obj</name>
      </input_file>
      <input_file id="fl-ed">
         <path>C:\ti\ccs1200\ccs\tools\compiler\ti-cgt-arm_20.2.6.LTS\lib\</path>
         <kind>archive</kind>
         <file>rtsv7M4_T_le_v4SPD16_eabi.lib</file>
         <name>strchr.c.obj</name>
      </input_file>
      <input_file id="fl-ee">
         <path>C:\ti\ccs1200\ccs\tools\compiler\ti-cgt-arm_20.2.6.LTS\lib\</path>
         <kind>archive</kind>
         <file>rtsv7M4_T_le_v4SPD16_eabi.lib</file>
         <name>errno.c.obj</name>
      </input_file>
      <input_file id="fl-ef">
         <path>C:\ti\ccs1200\ccs\tools\compiler\ti-cgt-arm_20.2.6.LTS\lib\</path>
         <kind>archive</kind>
         <file>rtsv7M4_T_le_v4SPD16_eabi.lib</file>
         <name>s_frexp.c.obj</name>
      </input_file>
      <input_file id="fl-f0">
         <path>C:\ti\ccs1200\ccs\tools\compiler\ti-cgt-arm_20.2.6.LTS\lib\</path>
         <kind>archive</kind>
         <file>rtsv7M4_T_le_v4SPD16_eabi.lib</file>
         <name>s_scalbn.c.obj</name>
      </input_file>
      <input_file id="fl-f1">
         <path>C:\ti\ccs1200\ccs\tools\compiler\ti-cgt-arm_20.2.6.LTS\lib\</path>
         <kind>archive</kind>
         <file>rtsv7M4_T_le_v4SPD16_eabi.lib</file>
         <name>s_copysign.c.obj</name>
      </input_file>
      <input_file id="fl-f2">
         <path>C:\ti\ccs1200\ccs\tools\compiler\ti-cgt-arm_20.2.6.LTS\lib\</path>
         <kind>archive</kind>
         <file>rtsv7M4_T_le_v4SPD16_eabi.lib</file>
         <name>wcslen.c.obj</name>
      </input_file>
      <input_file id="fl-f3">
         <path>C:\ti\ccs1200\ccs\tools\compiler\ti-cgt-arm_20.2.6.LTS\lib\</path>
         <kind>archive</kind>
         <file>rtsv7M4_T_le_v4SPD16_eabi.lib</file>
         <name>div0.asm.obj</name>
      </input_file>
      <input_file id="fl-f4">
         <path>C:\ti\TivaWare_C_Series-2.2.0.295\driverlib\ccs\Debug\</path>
         <kind>archive</kind>
         <file>driverlib.lib</file>
         <name>interrupt.obj</name>
      </input_file>
      <input_file id="fl-f5">
         <path>C:\ti\TivaWare_C_Series-2.2.0.295\driverlib\ccs\Debug\</path>
         <kind>archive</kind>
         <file>driverlib.lib</file>
         <name>cpu.obj</name>
      </input_file>
   </input_file_list>
   <object_component_list>
      <object_component id="oc-12">
         <name>.intvecs</name>
         <load_address>0x0</load_address>
         <run_address>0x0</run_address>
         <size>0x26c</size>
         <input_file_ref idref="fl-9"/>
      </object_component>
      <object_component id="oc-d7">
         <name>.text</name>
         <load_address>0x26c</load_address>
         <run_address>0x26c</run_address>
         <size>0xc14</size>
         <input_file_ref idref="fl-8"/>
      </object_component>
      <object_component id="oc-209">
         <name>.text:__TI_printfi</name>
         <load_address>0xe80</load_address>
         <run_address>0xe80</run_address>
         <size>0xa4e</size>
         <input_file_ref idref="fl-e0"/>
      </object_component>
      <object_component id="oc-313">
         <name>.text:_nop</name>
         <load_address>0x18ce</load_address>
         <run_address>0x18ce</run_address>
         <size>0x2</size>
         <input_file_ref idref="fl-e7"/>
      </object_component>
      <object_component id="oc-a2">
         <name>.text</name>
         <load_address>0x18d0</load_address>
         <run_address>0x18d0</run_address>
         <size>0x560</size>
         <input_file_ref idref="fl-6"/>
      </object_component>
      <object_component id="oc-e3">
         <name>.text</name>
         <load_address>0x1e30</load_address>
         <run_address>0x1e30</run_address>
         <size>0x328</size>
         <input_file_ref idref="fl-5"/>
      </object_component>
      <object_component id="oc-102">
         <name>.text</name>
         <load_address>0x2158</load_address>
         <run_address>0x2158</run_address>
         <size>0x2a8</size>
         <input_file_ref idref="fl-16"/>
      </object_component>
      <object_component id="oc-2e9">
         <name>.text:_pconv_a</name>
         <load_address>0x2400</load_address>
         <run_address>0x2400</run_address>
         <size>0x270</size>
         <input_file_ref idref="fl-e0"/>
      </object_component>
      <object_component id="oc-f0">
         <name>.text</name>
         <load_address>0x2670</load_address>
         <run_address>0x2670</run_address>
         <size>0x260</size>
         <input_file_ref idref="fl-12"/>
      </object_component>
      <object_component id="oc-dd">
         <name>.text</name>
         <load_address>0x28d0</load_address>
         <run_address>0x28d0</run_address>
         <size>0x248</size>
         <input_file_ref idref="fl-2"/>
      </object_component>
      <object_component id="oc-1dd">
         <name>.text</name>
         <load_address>0x2b18</load_address>
         <run_address>0x2b18</run_address>
         <size>0x1ec</size>
         <input_file_ref idref="fl-14"/>
      </object_component>
      <object_component id="oc-2d7">
         <name>.text:_pconv_g</name>
         <load_address>0x2d04</load_address>
         <run_address>0x2d04</run_address>
         <size>0x1d0</size>
         <input_file_ref idref="fl-e0"/>
      </object_component>
      <object_component id="oc-1b1">
         <name>.text</name>
         <load_address>0x2ed4</load_address>
         <run_address>0x2ed4</run_address>
         <size>0x1b6</size>
         <input_file_ref idref="fl-ce"/>
      </object_component>
      <object_component id="oc-3da">
         <name>.text</name>
         <load_address>0x308a</load_address>
         <run_address>0x308a</run_address>
         <size>0x2</size>
         <input_file_ref idref="fl-f3"/>
      </object_component>
      <object_component id="oc-f6">
         <name>.text</name>
         <load_address>0x308c</load_address>
         <run_address>0x308c</run_address>
         <size>0x1a4</size>
         <input_file_ref idref="fl-a"/>
      </object_component>
      <object_component id="oc-1d7">
         <name>.text</name>
         <load_address>0x3230</load_address>
         <run_address>0x3230</run_address>
         <size>0x158</size>
         <input_file_ref idref="fl-15"/>
      </object_component>
      <object_component id="oc-2e3">
         <name>.text:_pconv_e</name>
         <load_address>0x3388</load_address>
         <run_address>0x3388</run_address>
         <size>0x13c</size>
         <input_file_ref idref="fl-e0"/>
      </object_component>
      <object_component id="oc-12c">
         <name>.text</name>
         <load_address>0x34c4</load_address>
         <run_address>0x34c4</run_address>
         <size>0x136</size>
         <input_file_ref idref="fl-d0"/>
      </object_component>
      <object_component id="oc-382">
         <name>.text:fcvt</name>
         <load_address>0x35fc</load_address>
         <run_address>0x35fc</run_address>
         <size>0x124</size>
         <input_file_ref idref="fl-e0"/>
      </object_component>
      <object_component id="oc-1e3">
         <name>.text</name>
         <load_address>0x3720</load_address>
         <run_address>0x3720</run_address>
         <size>0x118</size>
         <input_file_ref idref="fl-13"/>
      </object_component>
      <object_component id="oc-396">
         <name>.text:scalbn</name>
         <load_address>0x3838</load_address>
         <run_address>0x3838</run_address>
         <size>0x110</size>
         <input_file_ref idref="fl-f0"/>
      </object_component>
      <object_component id="oc-fc">
         <name>.text</name>
         <load_address>0x3948</load_address>
         <run_address>0x3948</run_address>
         <size>0x10c</size>
         <input_file_ref idref="fl-3"/>
      </object_component>
      <object_component id="oc-332">
         <name>.text:aligned_alloc</name>
         <load_address>0x3a54</load_address>
         <run_address>0x3a54</run_address>
         <size>0x100</size>
         <input_file_ref idref="fl-db"/>
      </object_component>
      <object_component id="oc-122">
         <name>.text</name>
         <load_address>0x3b54</load_address>
         <run_address>0x3b54</run_address>
         <size>0xfc</size>
         <input_file_ref idref="fl-d1"/>
      </object_component>
      <object_component id="oc-18f">
         <name>.text:free</name>
         <load_address>0x3c50</load_address>
         <run_address>0x3c50</run_address>
         <size>0xe4</size>
         <input_file_ref idref="fl-db"/>
      </object_component>
      <object_component id="oc-2cc">
         <name>.text:_ltostr</name>
         <load_address>0x3d34</load_address>
         <run_address>0x3d34</run_address>
         <size>0xb1</size>
         <input_file_ref idref="fl-e0"/>
      </object_component>
      <object_component id="oc-3e">
         <name>.text</name>
         <load_address>0x3de6</load_address>
         <run_address>0x3de6</run_address>
         <size>0x9c</size>
         <input_file_ref idref="fl-d6"/>
      </object_component>
      <object_component id="oc-363">
         <name>.text</name>
         <load_address>0x3e82</load_address>
         <run_address>0x3e82</run_address>
         <size>0x96</size>
         <input_file_ref idref="fl-e2"/>
      </object_component>
      <object_component id="oc-2d2">
         <name>.text:__aeabi_cdcmple</name>
         <load_address>0x3f18</load_address>
         <run_address>0x3f18</run_address>
         <size>0x86</size>
         <input_file_ref idref="fl-cf"/>
      </object_component>
      <object_component id="oc-36a">
         <name>.text:__aeabi_cdrcmple</name>
         <load_address>0x3f9e</load_address>
         <run_address>0x3f9e</run_address>
         <size>0x86</size>
         <input_file_ref idref="fl-cf"/>
      </object_component>
      <object_component id="oc-96">
         <name>.text</name>
         <load_address>0x4024</load_address>
         <run_address>0x4024</run_address>
         <size>0x7a</size>
         <input_file_ref idref="fl-e1"/>
      </object_component>
      <object_component id="oc-3cc">
         <name>.text:split</name>
         <load_address>0x40a0</load_address>
         <run_address>0x40a0</run_address>
         <size>0x70</size>
         <input_file_ref idref="fl-db"/>
      </object_component>
      <object_component id="oc-37b">
         <name>.text:_mcpy</name>
         <load_address>0x4110</load_address>
         <run_address>0x4110</run_address>
         <size>0x6e</size>
         <input_file_ref idref="fl-e0"/>
      </object_component>
      <object_component id="oc-131">
         <name>.text</name>
         <load_address>0x417e</load_address>
         <run_address>0x417e</run_address>
         <size>0x6e</size>
         <input_file_ref idref="fl-d3"/>
      </object_component>
      <object_component id="oc-15">
         <name>.text:decompress:lzss:__TI_decompress_lzss</name>
         <load_address>0x41ec</load_address>
         <run_address>0x41ec</run_address>
         <size>0x68</size>
         <input_file_ref idref="fl-da"/>
      </object_component>
      <object_component id="oc-390">
         <name>.text:frexp</name>
         <load_address>0x4254</load_address>
         <run_address>0x4254</run_address>
         <size>0x64</size>
         <input_file_ref idref="fl-ef"/>
      </object_component>
      <object_component id="oc-2dd">
         <name>.text:_pconv_f</name>
         <load_address>0x42b8</load_address>
         <run_address>0x42b8</run_address>
         <size>0x56</size>
         <input_file_ref idref="fl-e0"/>
      </object_component>
      <object_component id="oc-36f">
         <name>.text:__TI_ltoa</name>
         <load_address>0x430e</load_address>
         <run_address>0x430e</run_address>
         <size>0x54</size>
         <input_file_ref idref="fl-e8"/>
      </object_component>
      <object_component id="oc-375">
         <name>.text:_ecpy</name>
         <load_address>0x4362</load_address>
         <run_address>0x4362</run_address>
         <size>0x52</size>
         <input_file_ref idref="fl-e0"/>
      </object_component>
      <object_component id="oc-2c6">
         <name>.text:atoi</name>
         <load_address>0x43b4</load_address>
         <run_address>0x43b4</run_address>
         <size>0x4c</size>
         <input_file_ref idref="fl-ea"/>
      </object_component>
      <object_component id="oc-1f7">
         <name>.text</name>
         <load_address>0x4400</load_address>
         <run_address>0x4400</run_address>
         <size>0x48</size>
         <input_file_ref idref="fl-d2"/>
      </object_component>
      <object_component id="oc-155">
         <name>.text:__TI_auto_init_nobinit_nopinit:__TI_auto_init_nobinit_nopinit</name>
         <load_address>0x4448</load_address>
         <run_address>0x4448</run_address>
         <size>0x44</size>
         <input_file_ref idref="fl-e3"/>
      </object_component>
      <object_component id="oc-113">
         <name>.text:sprintf</name>
         <load_address>0x448c</load_address>
         <run_address>0x448c</run_address>
         <size>0x40</size>
         <input_file_ref idref="fl-cc"/>
      </object_component>
      <object_component id="oc-1c1">
         <name>.text:vsnprintf</name>
         <load_address>0x44cc</load_address>
         <run_address>0x44cc</run_address>
         <size>0x40</size>
         <input_file_ref idref="fl-cd"/>
      </object_component>
      <object_component id="oc-388">
         <name>.text:_fcpy</name>
         <load_address>0x450c</load_address>
         <run_address>0x450c</run_address>
         <size>0x3e</size>
         <input_file_ref idref="fl-e0"/>
      </object_component>
      <object_component id="oc-189">
         <name>.text:calloc</name>
         <load_address>0x454c</load_address>
         <run_address>0x454c</run_address>
         <size>0x38</size>
         <input_file_ref idref="fl-db"/>
      </object_component>
      <object_component id="oc-10e">
         <name>.text</name>
         <load_address>0x4584</load_address>
         <run_address>0x4584</run_address>
         <size>0x38</size>
         <input_file_ref idref="fl-d4"/>
      </object_component>
      <object_component id="oc-1a2">
         <name>.text:IntRegister</name>
         <load_address>0x45bc</load_address>
         <run_address>0x45bc</run_address>
         <size>0x34</size>
         <input_file_ref idref="fl-f4"/>
      </object_component>
      <object_component id="oc-5c">
         <name>.text:_c_int00_noargs:_c_int00_noargs</name>
         <load_address>0x45f0</load_address>
         <run_address>0x45f0</run_address>
         <size>0x34</size>
         <input_file_ref idref="fl-df"/>
      </object_component>
      <object_component id="oc-288">
         <name>.text:_outs</name>
         <load_address>0x4624</load_address>
         <run_address>0x4624</run_address>
         <size>0x30</size>
         <input_file_ref idref="fl-cd"/>
      </object_component>
      <object_component id="oc-127">
         <name>.text</name>
         <load_address>0x4654</load_address>
         <run_address>0x4654</run_address>
         <size>0x2e</size>
         <input_file_ref idref="fl-d5"/>
      </object_component>
      <object_component id="oc-260">
         <name>.text:free_list_insert</name>
         <load_address>0x4684</load_address>
         <run_address>0x4684</run_address>
         <size>0x28</size>
         <input_file_ref idref="fl-db"/>
      </object_component>
      <object_component id="oc-1f2">
         <name>.text</name>
         <load_address>0x46ac</load_address>
         <run_address>0x46ac</run_address>
         <size>0x20</size>
         <input_file_ref idref="fl-d7"/>
      </object_component>
      <object_component id="oc-4a">
         <name>.text:decompress:ZI:__TI_zero_init_nomemset:__TI_zero_init_nomemset</name>
         <load_address>0x46cc</load_address>
         <run_address>0x46cc</run_address>
         <size>0x1c</size>
         <input_file_ref idref="fl-d8"/>
      </object_component>
      <object_component id="oc-25a">
         <name>.text:free_list_remove</name>
         <load_address>0x46e8</load_address>
         <run_address>0x46e8</run_address>
         <size>0x1c</size>
         <input_file_ref idref="fl-db"/>
      </object_component>
      <object_component id="oc-2ef">
         <name>.text:memccpy</name>
         <load_address>0x4704</load_address>
         <run_address>0x4704</run_address>
         <size>0x1c</size>
         <input_file_ref idref="fl-ec"/>
      </object_component>
      <object_component id="oc-3ee">
         <name>.text:copysign</name>
         <load_address>0x4720</load_address>
         <run_address>0x4720</run_address>
         <size>0x1a</size>
         <input_file_ref idref="fl-f1"/>
      </object_component>
      <object_component id="oc-28e">
         <name>.text:_outc</name>
         <load_address>0x473a</load_address>
         <run_address>0x473a</run_address>
         <size>0x18</size>
         <input_file_ref idref="fl-cd"/>
      </object_component>
      <object_component id="oc-20f">
         <name>.text:_outs</name>
         <load_address>0x4752</load_address>
         <run_address>0x4752</run_address>
         <size>0x18</size>
         <input_file_ref idref="fl-cc"/>
      </object_component>
      <object_component id="oc-195">
         <name>.text:oi_parseInt</name>
         <load_address>0x476a</load_address>
         <run_address>0x476a</run_address>
         <size>0x18</size>
         <input_file_ref idref="fl-8"/>
      </object_component>
      <object_component id="oc-19c">
         <name>.text:strcmp</name>
         <load_address>0x4782</load_address>
         <run_address>0x4782</run_address>
         <size>0x18</size>
         <input_file_ref idref="fl-dc"/>
      </object_component>
      <object_component id="oc-39c">
         <name>.text:strchr</name>
         <load_address>0x479a</load_address>
         <run_address>0x479a</run_address>
         <size>0x16</size>
         <input_file_ref idref="fl-ed"/>
      </object_component>
      <object_component id="oc-1c7">
         <name>.text:strcpy</name>
         <load_address>0x47b0</load_address>
         <run_address>0x47b0</run_address>
         <size>0x14</size>
         <input_file_ref idref="fl-dd"/>
      </object_component>
      <object_component id="oc-108">
         <name>.text:strlen</name>
         <load_address>0x47c4</load_address>
         <run_address>0x47c4</run_address>
         <size>0x14</size>
         <input_file_ref idref="fl-de"/>
      </object_component>
      <object_component id="oc-2f5">
         <name>.text:wcslen</name>
         <load_address>0x47d8</load_address>
         <run_address>0x47d8</run_address>
         <size>0x12</size>
         <input_file_ref idref="fl-f2"/>
      </object_component>
      <object_component id="oc-1a8">
         <name>.text:IntMasterEnable</name>
         <load_address>0x47ea</load_address>
         <run_address>0x47ea</run_address>
         <size>0x10</size>
         <input_file_ref idref="fl-f4"/>
      </object_component>
      <object_component id="oc-e9">
         <name>.text:lcd_clear</name>
         <load_address>0x47fa</load_address>
         <run_address>0x47fa</run_address>
         <size>0x10</size>
         <input_file_ref idref="fl-5"/>
      </object_component>
      <object_component id="oc-1b">
         <name>.text:decompress:none:__TI_decompress_none</name>
         <load_address>0x480a</load_address>
         <run_address>0x480a</run_address>
         <size>0xe</size>
         <input_file_ref idref="fl-d9"/>
      </object_component>
      <object_component id="oc-273">
         <name>.text:CPUcpsie</name>
         <load_address>0x4818</load_address>
         <run_address>0x4818</run_address>
         <size>0xc</size>
         <input_file_ref idref="fl-f5"/>
      </object_component>
      <object_component id="oc-2a">
         <name>.text</name>
         <load_address>0x4824</load_address>
         <run_address>0x4824</run_address>
         <size>0xc</size>
         <input_file_ref idref="fl-9"/>
      </object_component>
      <object_component id="oc-215">
         <name>.text:_outc</name>
         <load_address>0x4830</load_address>
         <run_address>0x4830</run_address>
         <size>0xa</size>
         <input_file_ref idref="fl-cc"/>
      </object_component>
      <object_component id="oc-2fb">
         <name>.text:__aeabi_errno_addr</name>
         <load_address>0x483c</load_address>
         <run_address>0x483c</run_address>
         <size>0x8</size>
         <input_file_ref idref="fl-ee"/>
      </object_component>
      <object_component id="oc-253">
         <name>.text:malloc</name>
         <load_address>0x4844</load_address>
         <run_address>0x4844</run_address>
         <size>0x8</size>
         <input_file_ref idref="fl-db"/>
      </object_component>
      <object_component id="oc-9c">
         <name>.text:_system_pre_init</name>
         <load_address>0x484c</load_address>
         <run_address>0x484c</run_address>
         <size>0x4</size>
         <input_file_ref idref="fl-e4"/>
      </object_component>
      <object_component id="oc-149">
         <name>.text:abort:abort</name>
         <load_address>0x4850</load_address>
         <run_address>0x4850</run_address>
         <size>0x4</size>
         <input_file_ref idref="fl-e6"/>
      </object_component>
      <object_component id="oc-35e">
         <name>.const:.string:_ctypes_</name>
         <load_address>0x4854</load_address>
         <run_address>0x4854</run_address>
         <size>0x101</size>
         <input_file_ref idref="fl-eb"/>
      </object_component>
      <object_component id="oc-136">
         <name>.const:.string:$P$T1$2</name>
         <load_address>0x4955</load_address>
         <run_address>0x4955</run_address>
         <size>0x21</size>
         <input_file_ref idref="fl-6"/>
      </object_component>
      <object_component id="oc-11f">
         <name>.const:.string:$P$T0$1</name>
         <load_address>0x4976</load_address>
         <run_address>0x4976</run_address>
         <size>0x17</size>
         <input_file_ref idref="fl-6"/>
      </object_component>
      <object_component id="oc-1b6">
         <name>.const:.string:$P$T0$3</name>
         <load_address>0x498d</load_address>
         <run_address>0x498d</run_address>
         <size>0xf</size>
         <input_file_ref idref="fl-8"/>
      </object_component>
      <object_component id="oc-1cd">
         <name>.const:.string:lineAddress$1</name>
         <load_address>0x499c</load_address>
         <run_address>0x499c</run_address>
         <size>0x4</size>
         <input_file_ref idref="fl-5"/>
      </object_component>
      <object_component id="oc-1ce">
         <name>.const:.string:lineAddresses$2</name>
         <load_address>0x49a0</load_address>
         <run_address>0x49a0</run_address>
         <size>0x4</size>
         <input_file_ref idref="fl-5"/>
      </object_component>
      <object_component id="oc-448">
         <name>.cinit..data.load</name>
         <load_address>0x49a8</load_address>
         <run_address>0x49a8</run_address>
         <size>0x19</size>
      </object_component>
      <object_component id="oc-445">
         <name>__TI_handler_table</name>
         <load_address>0x49c4</load_address>
         <run_address>0x49c4</run_address>
         <size>0xc</size>
      </object_component>
      <object_component id="oc-449">
         <name>.cinit..bss.load</name>
         <load_address>0x49d0</load_address>
         <run_address>0x49d0</run_address>
         <size>0x8</size>
      </object_component>
      <object_component id="oc-447">
         <name>.cinit..vtable.load</name>
         <load_address>0x49d8</load_address>
         <run_address>0x49d8</run_address>
         <size>0x8</size>
      </object_component>
      <object_component id="oc-446">
         <name>__TI_cinit_table</name>
         <load_address>0x49e0</load_address>
         <run_address>0x49e0</run_address>
         <size>0x18</size>
      </object_component>
      <object_component id="oc-269">
         <name>.vtable</name>
         <uninitialized>true</uninitialized>
         <run_address>0x20000000</run_address>
         <size>0x26c</size>
         <input_file_ref idref="fl-f4"/>
      </object_component>
      <object_component id="oc-1bc">
         <name>.data</name>
         <load_address>0x2000236c</load_address>
         <run_address>0x2000236c</run_address>
         <size>0x1</size>
         <input_file_ref idref="fl-2"/>
      </object_component>
      <object_component id="oc-1ae">
         <name>.data</name>
         <load_address>0x20002330</load_address>
         <run_address>0x20002330</run_address>
         <size>0x20</size>
         <input_file_ref idref="fl-8"/>
      </object_component>
      <object_component id="oc-1e9">
         <name>.data</name>
         <load_address>0x20002360</load_address>
         <run_address>0x20002360</run_address>
         <size>0x4</size>
         <input_file_ref idref="fl-12"/>
      </object_component>
      <object_component id="oc-202">
         <name>.data</name>
         <load_address>0x20002364</load_address>
         <run_address>0x20002364</run_address>
         <size>0x4</size>
         <input_file_ref idref="fl-16"/>
      </object_component>
      <object_component id="oc-339">
         <name>.data:$O1$$</name>
         <load_address>0x20002358</load_address>
         <run_address>0x20002358</run_address>
         <size>0x8</size>
         <input_file_ref idref="fl-db"/>
      </object_component>
      <object_component id="oc-237">
         <name>.data:$O1$$</name>
         <load_address>0x20002350</load_address>
         <run_address>0x20002350</run_address>
         <size>0x8</size>
         <input_file_ref idref="fl-e7"/>
      </object_component>
      <object_component id="oc-3ac">
         <name>.data</name>
         <load_address>0x20002368</load_address>
         <run_address>0x20002368</run_address>
         <size>0x4</size>
         <input_file_ref idref="fl-ee"/>
      </object_component>
      <object_component id="oc-1cf">
         <name>.bss:lastbuffer$3</name>
         <uninitialized>true</uninitialized>
         <run_address>0x20002270</run_address>
         <size>0x54</size>
         <input_file_ref idref="fl-5"/>
      </object_component>
      <object_component id="oc-1b9">
         <name>.bss:firmware$2</name>
         <uninitialized>true</uninitialized>
         <run_address>0x200022f8</run_address>
         <size>0x18</size>
         <input_file_ref idref="fl-8"/>
      </object_component>
      <object_component id="oc-1bf">
         <name>.common:_timeout_ticks</name>
         <uninitialized>true</uninitialized>
         <run_address>0x20002310</run_address>
         <size>0x4</size>
      </object_component>
      <object_component id="oc-119">
         <name>.common:right_calibration_value</name>
         <uninitialized>true</uninitialized>
         <run_address>0x20002324</run_address>
         <size>0x4</size>
      </object_component>
      <object_component id="oc-11e">
         <name>.common:left_calibration_value</name>
         <uninitialized>true</uninitialized>
         <run_address>0x2000231c</run_address>
         <size>0x4</size>
      </object_component>
      <object_component id="oc-2ac">
         <name>.common:isr_int_value</name>
         <uninitialized>true</uninitialized>
         <run_address>0x20002318</run_address>
         <size>0x4</size>
      </object_component>
      <object_component id="oc-2a8">
         <name>.common:risingEdge</name>
         <uninitialized>true</uninitialized>
         <run_address>0x20002328</run_address>
         <size>0x4</size>
      </object_component>
      <object_component id="oc-2a9">
         <name>.common:fallingEdge</name>
         <uninitialized>true</uninitialized>
         <run_address>0x20002314</run_address>
         <size>0x4</size>
      </object_component>
      <object_component id="oc-2aa">
         <name>.common:pulseLength</name>
         <uninitialized>true</uninitialized>
         <run_address>0x20002320</run_address>
         <size>0x4</size>
      </object_component>
      <object_component id="oc-2a5">
         <name>.common:isRisingEdge</name>
         <uninitialized>true</uninitialized>
         <run_address>0x2000232c</run_address>
         <size>0x1</size>
      </object_component>
      <object_component id="oc-1ff">
         <name>.common:isr_char_buffer</name>
         <uninitialized>true</uninitialized>
         <run_address>0x200022c4</run_address>
         <size>0x34</size>
      </object_component>
      <object_component id="oc-24">
         <name>.sysmem</name>
         <uninitialized>true</uninitialized>
         <run_address>0x20001270</run_address>
         <size>0x10</size>
         <input_file_ref idref="fl-db"/>
      </object_component>
      <object_component id="oc-44c">
         <name>.sysmem</name>
         <uninitialized>true</uninitialized>
         <run_address>0x20001270</run_address>
         <size>0x0</size>
      </object_component>
      <object_component id="oc-27">
         <name>.stack</name>
         <uninitialized>true</uninitialized>
         <run_address>0x20000270</run_address>
         <size>0x4</size>
         <input_file_ref idref="fl-df"/>
      </object_component>
      <object_component id="oc-44b">
         <name>.stack</name>
         <uninitialized>true</uninitialized>
         <run_address>0x20000270</run_address>
         <size>0x0</size>
      </object_component>
      <object_component id="oc-c5">
         <name>.debug_info</name>
         <load_address>0x0</load_address>
         <run_address>0x0</run_address>
         <size>0x2a9</size>
         <input_file_ref idref="fl-2"/>
      </object_component>
      <object_component id="oc-1bd">
         <name>.debug_info</name>
         <load_address>0x2a9</load_address>
         <run_address>0x2a9</run_address>
         <size>0xb7</size>
         <input_file_ref idref="fl-2"/>
      </object_component>
      <object_component id="oc-e1">
         <name>.debug_info</name>
         <load_address>0x360</load_address>
         <run_address>0x360</run_address>
         <size>0x4ff</size>
         <input_file_ref idref="fl-2"/>
      </object_component>
      <object_component id="oc-77">
         <name>.debug_info</name>
         <load_address>0x85f</load_address>
         <run_address>0x85f</run_address>
         <size>0x26b</size>
         <input_file_ref idref="fl-2"/>
      </object_component>
      <object_component id="oc-39">
         <name>.debug_info</name>
         <load_address>0xaca</load_address>
         <run_address>0xaca</run_address>
         <size>0x84</size>
         <input_file_ref idref="fl-2"/>
      </object_component>
      <object_component id="oc-c0">
         <name>.debug_info</name>
         <load_address>0xb4e</load_address>
         <run_address>0xb4e</run_address>
         <size>0x2a4</size>
         <input_file_ref idref="fl-2"/>
      </object_component>
      <object_component id="oc-7c">
         <name>.debug_info</name>
         <load_address>0xdf2</load_address>
         <run_address>0xdf2</run_address>
         <size>0xbb</size>
         <input_file_ref idref="fl-2"/>
      </object_component>
      <object_component id="oc-ff">
         <name>.debug_info</name>
         <load_address>0xead</load_address>
         <run_address>0xead</run_address>
         <size>0x138</size>
         <input_file_ref idref="fl-3"/>
      </object_component>
      <object_component id="oc-1d1">
         <name>.debug_info</name>
         <load_address>0xfe5</load_address>
         <run_address>0xfe5</run_address>
         <size>0x377</size>
         <input_file_ref idref="fl-5"/>
      </object_component>
      <object_component id="oc-ea">
         <name>.debug_info</name>
         <load_address>0x135c</load_address>
         <run_address>0x135c</run_address>
         <size>0x10c</size>
         <input_file_ref idref="fl-5"/>
      </object_component>
      <object_component id="oc-e4">
         <name>.debug_info</name>
         <load_address>0x1468</load_address>
         <run_address>0x1468</run_address>
         <size>0x898</size>
         <input_file_ref idref="fl-5"/>
      </object_component>
      <object_component id="oc-281">
         <name>.debug_info</name>
         <load_address>0x1d00</load_address>
         <run_address>0x1d00</run_address>
         <size>0xcc</size>
         <input_file_ref idref="fl-5"/>
      </object_component>
      <object_component id="oc-1d2">
         <name>.debug_info</name>
         <load_address>0x1dcc</load_address>
         <run_address>0x1dcc</run_address>
         <size>0x2c</size>
         <input_file_ref idref="fl-5"/>
      </object_component>
      <object_component id="oc-21f">
         <name>.debug_info</name>
         <load_address>0x1df8</load_address>
         <run_address>0x1df8</run_address>
         <size>0x35</size>
         <input_file_ref idref="fl-5"/>
      </object_component>
      <object_component id="oc-11c">
         <name>.debug_info</name>
         <load_address>0x1e2d</load_address>
         <run_address>0x1e2d</run_address>
         <size>0x572</size>
         <input_file_ref idref="fl-6"/>
      </object_component>
      <object_component id="oc-120">
         <name>.debug_info</name>
         <load_address>0x239f</load_address>
         <run_address>0x239f</run_address>
         <size>0xb3</size>
         <input_file_ref idref="fl-6"/>
      </object_component>
      <object_component id="oc-137">
         <name>.debug_info</name>
         <load_address>0x2452</load_address>
         <run_address>0x2452</run_address>
         <size>0xb3</size>
         <input_file_ref idref="fl-6"/>
      </object_component>
      <object_component id="oc-a3">
         <name>.debug_info</name>
         <load_address>0x2505</load_address>
         <run_address>0x2505</run_address>
         <size>0x6de</size>
         <input_file_ref idref="fl-6"/>
      </object_component>
      <object_component id="oc-13f">
         <name>.debug_info</name>
         <load_address>0x2be3</load_address>
         <run_address>0x2be3</run_address>
         <size>0x9d</size>
         <input_file_ref idref="fl-6"/>
      </object_component>
      <object_component id="oc-226">
         <name>.debug_info</name>
         <load_address>0x2c80</load_address>
         <run_address>0x2c80</run_address>
         <size>0x5aa</size>
         <input_file_ref idref="fl-6"/>
      </object_component>
      <object_component id="oc-13a">
         <name>.debug_info</name>
         <load_address>0x322a</load_address>
         <run_address>0x322a</run_address>
         <size>0x8b</size>
         <input_file_ref idref="fl-6"/>
      </object_component>
      <object_component id="oc-ce">
         <name>.debug_info</name>
         <load_address>0x32b5</load_address>
         <run_address>0x32b5</run_address>
         <size>0x2c</size>
         <input_file_ref idref="fl-6"/>
      </object_component>
      <object_component id="oc-144">
         <name>.debug_info</name>
         <load_address>0x32e1</load_address>
         <run_address>0x32e1</run_address>
         <size>0xcd</size>
         <input_file_ref idref="fl-6"/>
      </object_component>
      <object_component id="oc-1bb">
         <name>.debug_info</name>
         <load_address>0x33ae</load_address>
         <run_address>0x33ae</run_address>
         <size>0x3f4</size>
         <input_file_ref idref="fl-8"/>
      </object_component>
      <object_component id="oc-1af">
         <name>.debug_info</name>
         <load_address>0x37a2</load_address>
         <run_address>0x37a2</run_address>
         <size>0x109</size>
         <input_file_ref idref="fl-8"/>
      </object_component>
      <object_component id="oc-1b7">
         <name>.debug_info</name>
         <load_address>0x38ab</load_address>
         <run_address>0x38ab</run_address>
         <size>0xbe</size>
         <input_file_ref idref="fl-8"/>
      </object_component>
      <object_component id="oc-197">
         <name>.debug_info</name>
         <load_address>0x3969</load_address>
         <run_address>0x3969</run_address>
         <size>0x136</size>
         <input_file_ref idref="fl-8"/>
      </object_component>
      <object_component id="oc-d9">
         <name>.debug_info</name>
         <load_address>0x3a9f</load_address>
         <run_address>0x3a9f</run_address>
         <size>0x18fe</size>
         <input_file_ref idref="fl-8"/>
      </object_component>
      <object_component id="oc-32">
         <name>.debug_info</name>
         <load_address>0x539d</load_address>
         <run_address>0x539d</run_address>
         <size>0x293</size>
         <input_file_ref idref="fl-9"/>
      </object_component>
      <object_component id="oc-13">
         <name>.debug_info</name>
         <load_address>0x5630</load_address>
         <run_address>0x5630</run_address>
         <size>0xd2</size>
         <input_file_ref idref="fl-9"/>
      </object_component>
      <object_component id="oc-2c">
         <name>.debug_info</name>
         <load_address>0x5702</load_address>
         <run_address>0x5702</run_address>
         <size>0x24e</size>
         <input_file_ref idref="fl-9"/>
      </object_component>
      <object_component id="oc-1fd">
         <name>.debug_info</name>
         <load_address>0x5950</load_address>
         <run_address>0x5950</run_address>
         <size>0x24c</size>
         <input_file_ref idref="fl-a"/>
      </object_component>
      <object_component id="oc-f7">
         <name>.debug_info</name>
         <load_address>0x5b9c</load_address>
         <run_address>0x5b9c</run_address>
         <size>0x33d</size>
         <input_file_ref idref="fl-a"/>
      </object_component>
      <object_component id="oc-11a">
         <name>.debug_info</name>
         <load_address>0x5ed9</load_address>
         <run_address>0x5ed9</run_address>
         <size>0x485</size>
         <input_file_ref idref="fl-12"/>
      </object_component>
      <object_component id="oc-1ea">
         <name>.debug_info</name>
         <load_address>0x635e</load_address>
         <run_address>0x635e</run_address>
         <size>0x114</size>
         <input_file_ref idref="fl-12"/>
      </object_component>
      <object_component id="oc-f1">
         <name>.debug_info</name>
         <load_address>0x6472</load_address>
         <run_address>0x6472</run_address>
         <size>0x4ce</size>
         <input_file_ref idref="fl-12"/>
      </object_component>
      <object_component id="oc-1ed">
         <name>.debug_info</name>
         <load_address>0x6940</load_address>
         <run_address>0x6940</run_address>
         <size>0x9d</size>
         <input_file_ref idref="fl-12"/>
      </object_component>
      <object_component id="oc-2ad">
         <name>.debug_info</name>
         <load_address>0x69dd</load_address>
         <run_address>0x69dd</run_address>
         <size>0x2b7</size>
         <input_file_ref idref="fl-13"/>
      </object_component>
      <object_component id="oc-1e5">
         <name>.debug_info</name>
         <load_address>0x6c94</load_address>
         <run_address>0x6c94</run_address>
         <size>0x266</size>
         <input_file_ref idref="fl-13"/>
      </object_component>
      <object_component id="oc-2a6">
         <name>.debug_info</name>
         <load_address>0x6efa</load_address>
         <run_address>0x6efa</run_address>
         <size>0x3ba</size>
         <input_file_ref idref="fl-14"/>
      </object_component>
      <object_component id="oc-1de">
         <name>.debug_info</name>
         <load_address>0x72b4</load_address>
         <run_address>0x72b4</run_address>
         <size>0x270</size>
         <input_file_ref idref="fl-14"/>
      </object_component>
      <object_component id="oc-1d8">
         <name>.debug_info</name>
         <load_address>0x7524</load_address>
         <run_address>0x7524</run_address>
         <size>0x296</size>
         <input_file_ref idref="fl-15"/>
      </object_component>
      <object_component id="oc-200">
         <name>.debug_info</name>
         <load_address>0x77ba</load_address>
         <run_address>0x77ba</run_address>
         <size>0x32b</size>
         <input_file_ref idref="fl-16"/>
      </object_component>
      <object_component id="oc-203">
         <name>.debug_info</name>
         <load_address>0x7ae5</load_address>
         <run_address>0x7ae5</run_address>
         <size>0xee</size>
         <input_file_ref idref="fl-16"/>
      </object_component>
      <object_component id="oc-103">
         <name>.debug_info</name>
         <load_address>0x7bd3</load_address>
         <run_address>0x7bd3</run_address>
         <size>0x608</size>
         <input_file_ref idref="fl-16"/>
      </object_component>
      <object_component id="oc-2bd">
         <name>.debug_info</name>
         <load_address>0x81db</load_address>
         <run_address>0x81db</run_address>
         <size>0x26b</size>
         <input_file_ref idref="fl-16"/>
      </object_component>
      <object_component id="oc-359">
         <name>.debug_info</name>
         <load_address>0x8446</load_address>
         <run_address>0x8446</run_address>
         <size>0x297</size>
         <input_file_ref idref="fl-16"/>
      </object_component>
      <object_component id="oc-2b8">
         <name>.debug_info</name>
         <load_address>0x86dd</load_address>
         <run_address>0x86dd</run_address>
         <size>0xbb</size>
         <input_file_ref idref="fl-16"/>
      </object_component>
      <object_component id="oc-21c">
         <name>.debug_info</name>
         <load_address>0x8798</load_address>
         <run_address>0x8798</run_address>
         <size>0x333</size>
         <input_file_ref idref="fl-cc"/>
      </object_component>
      <object_component id="oc-115">
         <name>.debug_info</name>
         <load_address>0x8acb</load_address>
         <run_address>0x8acb</run_address>
         <size>0x1d1</size>
         <input_file_ref idref="fl-cc"/>
      </object_component>
      <object_component id="oc-211">
         <name>.debug_info</name>
         <load_address>0x8c9c</load_address>
         <run_address>0x8c9c</run_address>
         <size>0x18d</size>
         <input_file_ref idref="fl-cc"/>
      </object_component>
      <object_component id="oc-218">
         <name>.debug_info</name>
         <load_address>0x8e29</load_address>
         <run_address>0x8e29</run_address>
         <size>0x16d</size>
         <input_file_ref idref="fl-cc"/>
      </object_component>
      <object_component id="oc-296">
         <name>.debug_info</name>
         <load_address>0x8f96</load_address>
         <run_address>0x8f96</run_address>
         <size>0x2c</size>
         <input_file_ref idref="fl-cc"/>
      </object_component>
      <object_component id="oc-295">
         <name>.debug_info</name>
         <load_address>0x8fc2</load_address>
         <run_address>0x8fc2</run_address>
         <size>0x340</size>
         <input_file_ref idref="fl-cd"/>
      </object_component>
      <object_component id="oc-1c2">
         <name>.debug_info</name>
         <load_address>0x9302</load_address>
         <run_address>0x9302</run_address>
         <size>0x208</size>
         <input_file_ref idref="fl-cd"/>
      </object_component>
      <object_component id="oc-289">
         <name>.debug_info</name>
         <load_address>0x950a</load_address>
         <run_address>0x950a</run_address>
         <size>0x1c6</size>
         <input_file_ref idref="fl-cd"/>
      </object_component>
      <object_component id="oc-28f">
         <name>.debug_info</name>
         <load_address>0x96d0</load_address>
         <run_address>0x96d0</run_address>
         <size>0x179</size>
         <input_file_ref idref="fl-cd"/>
      </object_component>
      <object_component id="oc-29b">
         <name>.debug_info</name>
         <load_address>0x9849</load_address>
         <run_address>0x9849</run_address>
         <size>0x69</size>
         <input_file_ref idref="fl-cd"/>
      </object_component>
      <object_component id="oc-1b2">
         <name>.debug_info</name>
         <load_address>0x98b2</load_address>
         <run_address>0x98b2</run_address>
         <size>0x14c</size>
         <input_file_ref idref="fl-ce"/>
      </object_component>
      <object_component id="oc-2d3">
         <name>.debug_info</name>
         <load_address>0x99fe</load_address>
         <run_address>0x99fe</run_address>
         <size>0x128</size>
         <input_file_ref idref="fl-cf"/>
      </object_component>
      <object_component id="oc-36c">
         <name>.debug_info</name>
         <load_address>0x9b26</load_address>
         <run_address>0x9b26</run_address>
         <size>0x12a</size>
         <input_file_ref idref="fl-cf"/>
      </object_component>
      <object_component id="oc-12d">
         <name>.debug_info</name>
         <load_address>0x9c50</load_address>
         <run_address>0x9c50</run_address>
         <size>0x13a</size>
         <input_file_ref idref="fl-d0"/>
      </object_component>
      <object_component id="oc-125">
         <name>.debug_info</name>
         <load_address>0x9d8a</load_address>
         <run_address>0x9d8a</run_address>
         <size>0x13a</size>
         <input_file_ref idref="fl-d1"/>
      </object_component>
      <object_component id="oc-1f9">
         <name>.debug_info</name>
         <load_address>0x9ec4</load_address>
         <run_address>0x9ec4</run_address>
         <size>0x12e</size>
         <input_file_ref idref="fl-d2"/>
      </object_component>
      <object_component id="oc-134">
         <name>.debug_info</name>
         <load_address>0x9ff2</load_address>
         <run_address>0x9ff2</run_address>
         <size>0x13e</size>
         <input_file_ref idref="fl-d3"/>
      </object_component>
      <object_component id="oc-110">
         <name>.debug_info</name>
         <load_address>0xa130</load_address>
         <run_address>0xa130</run_address>
         <size>0x12c</size>
         <input_file_ref idref="fl-d4"/>
      </object_component>
      <object_component id="oc-128">
         <name>.debug_info</name>
         <load_address>0xa25c</load_address>
         <run_address>0xa25c</run_address>
         <size>0x12c</size>
         <input_file_ref idref="fl-d5"/>
      </object_component>
      <object_component id="oc-41">
         <name>.debug_info</name>
         <load_address>0xa388</load_address>
         <run_address>0xa388</run_address>
         <size>0x119</size>
         <input_file_ref idref="fl-d6"/>
      </object_component>
      <object_component id="oc-1f4">
         <name>.debug_info</name>
         <load_address>0xa4a1</load_address>
         <run_address>0xa4a1</run_address>
         <size>0x12e</size>
         <input_file_ref idref="fl-d7"/>
      </object_component>
      <object_component id="oc-95">
         <name>.debug_info</name>
         <load_address>0xa5cf</load_address>
         <run_address>0xa5cf</run_address>
         <size>0x2d4</size>
         <input_file_ref idref="fl-d8"/>
      </object_component>
      <object_component id="oc-4c">
         <name>.debug_info</name>
         <load_address>0xa8a3</load_address>
         <run_address>0xa8a3</run_address>
         <size>0x1d2</size>
         <input_file_ref idref="fl-d8"/>
      </object_component>
      <object_component id="oc-90">
         <name>.debug_info</name>
         <load_address>0xaa75</load_address>
         <run_address>0xaa75</run_address>
         <size>0x46</size>
         <input_file_ref idref="fl-d8"/>
      </object_component>
      <object_component id="oc-49">
         <name>.debug_info</name>
         <load_address>0xaabb</load_address>
         <run_address>0xaabb</run_address>
         <size>0x2a8</size>
         <input_file_ref idref="fl-d9"/>
      </object_component>
      <object_component id="oc-1d">
         <name>.debug_info</name>
         <load_address>0xad63</load_address>
         <run_address>0xad63</run_address>
         <size>0x1ea</size>
         <input_file_ref idref="fl-d9"/>
      </object_component>
      <object_component id="oc-44">
         <name>.debug_info</name>
         <load_address>0xaf4d</load_address>
         <run_address>0xaf4d</run_address>
         <size>0x46</size>
         <input_file_ref idref="fl-d9"/>
      </object_component>
      <object_component id="oc-88">
         <name>.debug_info</name>
         <load_address>0xaf93</load_address>
         <run_address>0xaf93</run_address>
         <size>0x2c</size>
         <input_file_ref idref="fl-d9"/>
      </object_component>
      <object_component id="oc-86">
         <name>.debug_info</name>
         <load_address>0xafbf</load_address>
         <run_address>0xafbf</run_address>
         <size>0x29e</size>
         <input_file_ref idref="fl-da"/>
      </object_component>
      <object_component id="oc-19">
         <name>.debug_info</name>
         <load_address>0xb25d</load_address>
         <run_address>0xb25d</run_address>
         <size>0x250</size>
         <input_file_ref idref="fl-da"/>
      </object_component>
      <object_component id="oc-34">
         <name>.debug_info</name>
         <load_address>0xb4ad</load_address>
         <run_address>0xb4ad</run_address>
         <size>0x60</size>
         <input_file_ref idref="fl-da"/>
      </object_component>
      <object_component id="oc-c7">
         <name>.debug_info</name>
         <load_address>0xb50d</load_address>
         <run_address>0xb50d</run_address>
         <size>0x46</size>
         <input_file_ref idref="fl-da"/>
      </object_component>
      <object_component id="oc-81">
         <name>.debug_info</name>
         <load_address>0xb553</load_address>
         <run_address>0xb553</run_address>
         <size>0x39</size>
         <input_file_ref idref="fl-da"/>
      </object_component>
      <object_component id="oc-70">
         <name>.debug_info</name>
         <load_address>0xb58c</load_address>
         <run_address>0xb58c</run_address>
         <size>0x3b2</size>
         <input_file_ref idref="fl-db"/>
      </object_component>
      <object_component id="oc-25">
         <name>.debug_info</name>
         <load_address>0xb93e</load_address>
         <run_address>0xb93e</run_address>
         <size>0x10c</size>
         <input_file_ref idref="fl-db"/>
      </object_component>
      <object_component id="oc-33a">
         <name>.debug_info</name>
         <load_address>0xba4a</load_address>
         <run_address>0xba4a</run_address>
         <size>0x13f</size>
         <input_file_ref idref="fl-db"/>
      </object_component>
      <object_component id="oc-254">
         <name>.debug_info</name>
         <load_address>0xbb89</load_address>
         <run_address>0xbb89</run_address>
         <size>0x168</size>
         <input_file_ref idref="fl-db"/>
      </object_component>
      <object_component id="oc-25b">
         <name>.debug_info</name>
         <load_address>0xbcf1</load_address>
         <run_address>0xbcf1</run_address>
         <size>0x18e</size>
         <input_file_ref idref="fl-db"/>
      </object_component>
      <object_component id="oc-261">
         <name>.debug_info</name>
         <load_address>0xbe7f</load_address>
         <run_address>0xbe7f</run_address>
         <size>0x19f</size>
         <input_file_ref idref="fl-db"/>
      </object_component>
      <object_component id="oc-190">
         <name>.debug_info</name>
         <load_address>0xc01e</load_address>
         <run_address>0xc01e</run_address>
         <size>0x203</size>
         <input_file_ref idref="fl-db"/>
      </object_component>
      <object_component id="oc-3cd">
         <name>.debug_info</name>
         <load_address>0xc221</load_address>
         <run_address>0xc221</run_address>
         <size>0x1db</size>
         <input_file_ref idref="fl-db"/>
      </object_component>
      <object_component id="oc-18a">
         <name>.debug_info</name>
         <load_address>0xc3fc</load_address>
         <run_address>0xc3fc</run_address>
         <size>0x1a5</size>
         <input_file_ref idref="fl-db"/>
      </object_component>
      <object_component id="oc-333">
         <name>.debug_info</name>
         <load_address>0xc5a1</load_address>
         <run_address>0xc5a1</run_address>
         <size>0x299</size>
         <input_file_ref idref="fl-db"/>
      </object_component>
      <object_component id="oc-bb">
         <name>.debug_info</name>
         <load_address>0xc83a</load_address>
         <run_address>0xc83a</run_address>
         <size>0xb2</size>
         <input_file_ref idref="fl-db"/>
      </object_component>
      <object_component id="oc-b6">
         <name>.debug_info</name>
         <load_address>0xc8ec</load_address>
         <run_address>0xc8ec</run_address>
         <size>0x2c</size>
         <input_file_ref idref="fl-db"/>
      </object_component>
      <object_component id="oc-268">
         <name>.debug_info</name>
         <load_address>0xc918</load_address>
         <run_address>0xc918</run_address>
         <size>0x28a</size>
         <input_file_ref idref="fl-dc"/>
      </object_component>
      <object_component id="oc-19f">
         <name>.debug_info</name>
         <load_address>0xcba2</load_address>
         <run_address>0xcba2</run_address>
         <size>0x273</size>
         <input_file_ref idref="fl-dc"/>
      </object_component>
      <object_component id="oc-2a1">
         <name>.debug_info</name>
         <load_address>0xce15</load_address>
         <run_address>0xce15</run_address>
         <size>0x2a4</size>
         <input_file_ref idref="fl-dd"/>
      </object_component>
      <object_component id="oc-1cb">
         <name>.debug_info</name>
         <load_address>0xd0b9</load_address>
         <run_address>0xd0b9</run_address>
         <size>0x24d</size>
         <input_file_ref idref="fl-dd"/>
      </object_component>
      <object_component id="oc-207">
         <name>.debug_info</name>
         <load_address>0xd306</load_address>
         <run_address>0xd306</run_address>
         <size>0x28f</size>
         <input_file_ref idref="fl-de"/>
      </object_component>
      <object_component id="oc-10c">
         <name>.debug_info</name>
         <load_address>0xd595</load_address>
         <run_address>0xd595</run_address>
         <size>0x245</size>
         <input_file_ref idref="fl-de"/>
      </object_component>
      <object_component id="oc-28">
         <name>.debug_info</name>
         <load_address>0xd7da</load_address>
         <run_address>0xd7da</run_address>
         <size>0x10b</size>
         <input_file_ref idref="fl-df"/>
      </object_component>
      <object_component id="oc-5e">
         <name>.debug_info</name>
         <load_address>0xd8e5</load_address>
         <run_address>0xd8e5</run_address>
         <size>0x1a9</size>
         <input_file_ref idref="fl-df"/>
      </object_component>
      <object_component id="oc-302">
         <name>.debug_info</name>
         <load_address>0xda8e</load_address>
         <run_address>0xda8e</run_address>
         <size>0x590</size>
         <input_file_ref idref="fl-e0"/>
      </object_component>
      <object_component id="oc-2cd">
         <name>.debug_info</name>
         <load_address>0xe01e</load_address>
         <run_address>0xe01e</run_address>
         <size>0x21e</size>
         <input_file_ref idref="fl-e0"/>
      </object_component>
      <object_component id="oc-376">
         <name>.debug_info</name>
         <load_address>0xe23c</load_address>
         <run_address>0xe23c</run_address>
         <size>0x1b3</size>
         <input_file_ref idref="fl-e0"/>
      </object_component>
      <object_component id="oc-37c">
         <name>.debug_info</name>
         <load_address>0xe3ef</load_address>
         <run_address>0xe3ef</run_address>
         <size>0x21b</size>
         <input_file_ref idref="fl-e0"/>
      </object_component>
      <object_component id="oc-2d8">
         <name>.debug_info</name>
         <load_address>0xe60a</load_address>
         <run_address>0xe60a</run_address>
         <size>0x3c0</size>
         <input_file_ref idref="fl-e0"/>
      </object_component>
      <object_component id="oc-383">
         <name>.debug_info</name>
         <load_address>0xe9ca</load_address>
         <run_address>0xe9ca</run_address>
         <size>0x30a</size>
         <input_file_ref idref="fl-e0"/>
      </object_component>
      <object_component id="oc-389">
         <name>.debug_info</name>
         <load_address>0xecd4</load_address>
         <run_address>0xecd4</run_address>
         <size>0x215</size>
         <input_file_ref idref="fl-e0"/>
      </object_component>
      <object_component id="oc-2de">
         <name>.debug_info</name>
         <load_address>0xeee9</load_address>
         <run_address>0xeee9</run_address>
         <size>0x215</size>
         <input_file_ref idref="fl-e0"/>
      </object_component>
      <object_component id="oc-2e4">
         <name>.debug_info</name>
         <load_address>0xf0fe</load_address>
         <run_address>0xf0fe</run_address>
         <size>0x304</size>
         <input_file_ref idref="fl-e0"/>
      </object_component>
      <object_component id="oc-2ea">
         <name>.debug_info</name>
         <load_address>0xf402</load_address>
         <run_address>0xf402</run_address>
         <size>0x4b5</size>
         <input_file_ref idref="fl-e0"/>
      </object_component>
      <object_component id="oc-20a">
         <name>.debug_info</name>
         <load_address>0xf8b7</load_address>
         <run_address>0xf8b7</run_address>
         <size>0x5f4</size>
         <input_file_ref idref="fl-e0"/>
      </object_component>
      <object_component id="oc-303">
         <name>.debug_info</name>
         <load_address>0xfeab</load_address>
         <run_address>0xfeab</run_address>
         <size>0x86</size>
         <input_file_ref idref="fl-e0"/>
      </object_component>
      <object_component id="oc-3b3">
         <name>.debug_info</name>
         <load_address>0xff31</load_address>
         <run_address>0xff31</run_address>
         <size>0x39</size>
         <input_file_ref idref="fl-e0"/>
      </object_component>
      <object_component id="oc-405">
         <name>.debug_info</name>
         <load_address>0xff6a</load_address>
         <run_address>0xff6a</run_address>
         <size>0xb6</size>
         <input_file_ref idref="fl-e0"/>
      </object_component>
      <object_component id="oc-3b8">
         <name>.debug_info</name>
         <load_address>0x10020</load_address>
         <run_address>0x10020</run_address>
         <size>0x46</size>
         <input_file_ref idref="fl-e0"/>
      </object_component>
      <object_component id="oc-308">
         <name>.debug_info</name>
         <load_address>0x10066</load_address>
         <run_address>0x10066</run_address>
         <size>0x46</size>
         <input_file_ref idref="fl-e0"/>
      </object_component>
      <object_component id="oc-98">
         <name>.debug_info</name>
         <load_address>0x100ac</load_address>
         <run_address>0x100ac</run_address>
         <size>0x147</size>
         <input_file_ref idref="fl-e1"/>
      </object_component>
      <object_component id="oc-364">
         <name>.debug_info</name>
         <load_address>0x101f3</load_address>
         <run_address>0x101f3</run_address>
         <size>0x134</size>
         <input_file_ref idref="fl-e2"/>
      </object_component>
      <object_component id="oc-23e">
         <name>.debug_info</name>
         <load_address>0x10327</load_address>
         <run_address>0x10327</run_address>
         <size>0x4b3</size>
         <input_file_ref idref="fl-e3"/>
      </object_component>
      <object_component id="oc-158">
         <name>.debug_info</name>
         <load_address>0x107da</load_address>
         <run_address>0x107da</run_address>
         <size>0x1a6</size>
         <input_file_ref idref="fl-e3"/>
      </object_component>
      <object_component id="oc-321">
         <name>.debug_info</name>
         <load_address>0x10980</load_address>
         <run_address>0x10980</run_address>
         <size>0x39</size>
         <input_file_ref idref="fl-e3"/>
      </object_component>
      <object_component id="oc-3c0">
         <name>.debug_info</name>
         <load_address>0x109b9</load_address>
         <run_address>0x109b9</run_address>
         <size>0x39</size>
         <input_file_ref idref="fl-e3"/>
      </object_component>
      <object_component id="oc-326">
         <name>.debug_info</name>
         <load_address>0x109f2</load_address>
         <run_address>0x109f2</run_address>
         <size>0x39</size>
         <input_file_ref idref="fl-e3"/>
      </object_component>
      <object_component id="oc-32b">
         <name>.debug_info</name>
         <load_address>0x10a2b</load_address>
         <run_address>0x10a2b</run_address>
         <size>0xcd</size>
         <input_file_ref idref="fl-e3"/>
      </object_component>
      <object_component id="oc-9f">
         <name>.debug_info</name>
         <load_address>0x10af8</load_address>
         <run_address>0x10af8</run_address>
         <size>0x153</size>
         <input_file_ref idref="fl-e4"/>
      </object_component>
      <object_component id="oc-14b">
         <name>.debug_info</name>
         <load_address>0x10c4b</load_address>
         <run_address>0x10c4b</run_address>
         <size>0x122</size>
         <input_file_ref idref="fl-e6"/>
      </object_component>
      <object_component id="oc-31b">
         <name>.debug_info</name>
         <load_address>0x10d6d</load_address>
         <run_address>0x10d6d</run_address>
         <size>0x2c9</size>
         <input_file_ref idref="fl-e7"/>
      </object_component>
      <object_component id="oc-238">
         <name>.debug_info</name>
         <load_address>0x11036</load_address>
         <run_address>0x11036</run_address>
         <size>0x11e</size>
         <input_file_ref idref="fl-e7"/>
      </object_component>
      <object_component id="oc-316">
         <name>.debug_info</name>
         <load_address>0x11154</load_address>
         <run_address>0x11154</run_address>
         <size>0x12e</size>
         <input_file_ref idref="fl-e7"/>
      </object_component>
      <object_component id="oc-3e2">
         <name>.debug_info</name>
         <load_address>0x11282</load_address>
         <run_address>0x11282</run_address>
         <size>0x29c</size>
         <input_file_ref idref="fl-e8"/>
      </object_component>
      <object_component id="oc-371">
         <name>.debug_info</name>
         <load_address>0x1151e</load_address>
         <run_address>0x1151e</run_address>
         <size>0x1da</size>
         <input_file_ref idref="fl-e8"/>
      </object_component>
      <object_component id="oc-362">
         <name>.debug_info</name>
         <load_address>0x116f8</load_address>
         <run_address>0x116f8</run_address>
         <size>0x2b9</size>
         <input_file_ref idref="fl-ea"/>
      </object_component>
      <object_component id="oc-2c7">
         <name>.debug_info</name>
         <load_address>0x119b1</load_address>
         <run_address>0x119b1</run_address>
         <size>0x17c</size>
         <input_file_ref idref="fl-ea"/>
      </object_component>
      <object_component id="oc-3d7">
         <name>.debug_info</name>
         <load_address>0x11b2d</load_address>
         <run_address>0x11b2d</run_address>
         <size>0xf9</size>
         <input_file_ref idref="fl-eb"/>
      </object_component>
      <object_component id="oc-35f">
         <name>.debug_info</name>
         <load_address>0x11c26</load_address>
         <run_address>0x11c26</run_address>
         <size>0x105</size>
         <input_file_ref idref="fl-eb"/>
      </object_component>
      <object_component id="oc-3a4">
         <name>.debug_info</name>
         <load_address>0x11d2b</load_address>
         <run_address>0x11d2b</run_address>
         <size>0x2a7</size>
         <input_file_ref idref="fl-ec"/>
      </object_component>
      <object_component id="oc-2f2">
         <name>.debug_info</name>
         <load_address>0x11fd2</load_address>
         <run_address>0x11fd2</run_address>
         <size>0x1b8</size>
         <input_file_ref idref="fl-ec"/>
      </object_component>
      <object_component id="oc-3f7">
         <name>.debug_info</name>
         <load_address>0x1218a</load_address>
         <run_address>0x1218a</run_address>
         <size>0x29a</size>
         <input_file_ref idref="fl-ed"/>
      </object_component>
      <object_component id="oc-39f">
         <name>.debug_info</name>
         <load_address>0x12424</load_address>
         <run_address>0x12424</run_address>
         <size>0x262</size>
         <input_file_ref idref="fl-ed"/>
      </object_component>
      <object_component id="oc-3b0">
         <name>.debug_info</name>
         <load_address>0x12686</load_address>
         <run_address>0x12686</run_address>
         <size>0x289</size>
         <input_file_ref idref="fl-ee"/>
      </object_component>
      <object_component id="oc-3ad">
         <name>.debug_info</name>
         <load_address>0x1290f</load_address>
         <run_address>0x1290f</run_address>
         <size>0x10e</size>
         <input_file_ref idref="fl-ee"/>
      </object_component>
      <object_component id="oc-2fc">
         <name>.debug_info</name>
         <load_address>0x12a1d</load_address>
         <run_address>0x12a1d</run_address>
         <size>0x14e</size>
         <input_file_ref idref="fl-ee"/>
      </object_component>
      <object_component id="oc-3e8">
         <name>.debug_info</name>
         <load_address>0x12b6b</load_address>
         <run_address>0x12b6b</run_address>
         <size>0x295</size>
         <input_file_ref idref="fl-ef"/>
      </object_component>
      <object_component id="oc-391">
         <name>.debug_info</name>
         <load_address>0x12e00</load_address>
         <run_address>0x12e00</run_address>
         <size>0x195</size>
         <input_file_ref idref="fl-ef"/>
      </object_component>
      <object_component id="oc-412">
         <name>.debug_info</name>
         <load_address>0x12f95</load_address>
         <run_address>0x12f95</run_address>
         <size>0x39</size>
         <input_file_ref idref="fl-ef"/>
      </object_component>
      <object_component id="oc-3e9">
         <name>.debug_info</name>
         <load_address>0x12fce</load_address>
         <run_address>0x12fce</run_address>
         <size>0x2c</size>
         <input_file_ref idref="fl-ef"/>
      </object_component>
      <object_component id="oc-3f5">
         <name>.debug_info</name>
         <load_address>0x12ffa</load_address>
         <run_address>0x12ffa</run_address>
         <size>0x2f8</size>
         <input_file_ref idref="fl-f0"/>
      </object_component>
      <object_component id="oc-397">
         <name>.debug_info</name>
         <load_address>0x132f2</load_address>
         <run_address>0x132f2</run_address>
         <size>0x225</size>
         <input_file_ref idref="fl-f0"/>
      </object_component>
      <object_component id="oc-3f1">
         <name>.debug_info</name>
         <load_address>0x13517</load_address>
         <run_address>0x13517</run_address>
         <size>0x161</size>
         <input_file_ref idref="fl-f1"/>
      </object_component>
      <object_component id="oc-3ab">
         <name>.debug_info</name>
         <load_address>0x13678</load_address>
         <run_address>0x13678</run_address>
         <size>0x28f</size>
         <input_file_ref idref="fl-f2"/>
      </object_component>
      <object_component id="oc-2f7">
         <name>.debug_info</name>
         <load_address>0x13907</load_address>
         <run_address>0x13907</run_address>
         <size>0x15a</size>
         <input_file_ref idref="fl-f2"/>
      </object_component>
      <object_component id="oc-3fa">
         <name>.debug_info</name>
         <load_address>0x13a61</load_address>
         <run_address>0x13a61</run_address>
         <size>0x46</size>
         <input_file_ref idref="fl-f2"/>
      </object_component>
      <object_component id="oc-3a6">
         <name>.debug_info</name>
         <load_address>0x13aa7</load_address>
         <run_address>0x13aa7</run_address>
         <size>0x39</size>
         <input_file_ref idref="fl-f2"/>
[...]
         <object_component_ref idref="oc-d7"/>
      </symbol>
      <symbol id="sm-236">
         <name>oi_uartSendBuff</name>
         <value>0xa69</value>
         <object_component_ref idref="oc-d7"/>
      </symbol>
      <symbol id="sm-237">
         <name>oi_checkFirmware</name>
         <value>0xa9b</value>
         <object_component_ref idref="oc-d7"/>
      </symbol>
      <symbol id="sm-238">
         <name>oi_init_noupdate</name>
         <value>0x289</value>
         <object_component_ref idref="oc-d7"/>
      </symbol>
      <symbol id="sm-239">
         <name>oi_uartSendChar</name>
         <value>0xa07</value>
         <object_component_ref idref="oc-d7"/>
      </symbol>
      <symbol id="sm-23a">
         <name>oi_alloc</name>
         <value>0x26d</value>
         <object_component_ref idref="oc-d7"/>
      </symbol>
      <symbol id="sm-23b">
         <name>oi_getMotorCalibrationLeft</name>
         <value>0xde1</value>
         <object_component_ref idref="oc-d7"/>
      </symbol>
      <symbol id="sm-23c">
         <name>oi_loadSong</name>
         <value>0x915</value>
         <object_component_ref idref="oc-d7"/>
      </symbol>
      <symbol id="sm-23d">
         <name>oi_play_song</name>
         <value>0x96b</value>
         <object_component_ref idref="oc-d7"/>
      </symbol>
      <symbol id="sm-23e">
         <name>oi_parsePacket</name>
         <value>0x32b</value>
         <object_component_ref idref="oc-d7"/>
      </symbol>
      <symbol id="sm-23f">
         <name>oi_setLeds</name>
         <value>0x84b</value>
         <object_component_ref idref="oc-d7"/>
      </symbol>
      <symbol id="sm-240">
         <name>oi_init</name>
         <value>0x2b1</value>
         <object_component_ref idref="oc-d7"/>
      </symbol>
      <symbol id="sm-241">
         <name>oi_update</name>
         <value>0x2d9</value>
         <object_component_ref idref="oc-d7"/>
      </symbol>
      <symbol id="sm-242">
         <name>oi_uartInit</name>
         <value>0x97f</value>
         <object_component_ref idref="oc-d7"/>
      </symbol>
      <symbol id="sm-25e">
         <name>ResetISR</name>
         <value>0x4825</value>
         <object_component_ref idref="oc-2a"/>
      </symbol>
      <symbol id="sm-25f">
         <name>g_pfnVectors</name>
         <value>0x0</value>
         <object_component_ref idref="oc-12"/>
      </symbol>
      <symbol id="sm-28e">
         <name>uart_sendChar</name>
         <value>0x3143</value>
         <object_component_ref idref="oc-f6"/>
      </symbol>
      <symbol id="sm-28f">
         <name>uart_init</name>
         <value>0x308d</value>
         <object_component_ref idref="oc-f6"/>
      </symbol>
      <symbol id="sm-290">
         <name>uart_receive_nonblocking</name>
         <value>0x3195</value>
         <object_component_ref idref="oc-f6"/>
      </symbol>
      <symbol id="sm-291">
         <name>uart_receive</name>
         <value>0x3167</value>
         <object_component_ref idref="oc-f6"/>
      </symbol>
      <symbol id="sm-292">
         <name>uart_sendStr</name>
         <value>0x31bb</value>
         <object_component_ref idref="oc-f6"/>
      </symbol>
      <symbol id="sm-2ce">
         <name>cyBOT_SERVO_cal</name>
         <value>0x2749</value>
         <object_component_ref idref="oc-f0"/>
      </symbol>
      <symbol id="sm-2cf">
         <name>cyBOT_Scan</name>
         <value>0x26d7</value>
         <object_component_ref idref="oc-f0"/>
      </symbol>
      <symbol id="sm-2d0">
         <name>cyBOT_scan_features</name>
         <value>0x20002360</value>
         <object_component_ref idref="oc-1e9"/>
      </symbol>
      <symbol id="sm-2d1">
         <name>cyBOT_scan_version</name>
         <value>0x2671</value>
         <object_component_ref idref="oc-f0"/>
      </symbol>
      <symbol id="sm-2d2">
         <name>cyBOT_init_Scan</name>
         <value>0x267f</value>
         <object_component_ref idref="oc-f0"/>
      </symbol>
      <symbol id="sm-2f9">
         <name>isr_int_value</name>
         <value>0x20002318</value>
      </symbol>
      <symbol id="sm-2fa">
         <name>ir_enableInterrupt</name>
         <value>0x37cf</value>
         <object_component_ref idref="oc-1e3"/>
      </symbol>
      <symbol id="sm-2fb">
         <name>ir_getDistance</name>
         <value>0x37b1</value>
         <object_component_ref idref="oc-1e3"/>
      </symbol>
      <symbol id="sm-2fc">
         <name>ir_init</name>
         <value>0x3721</value>
         <object_component_ref idref="oc-1e3"/>
      </symbol>
      <symbol id="sm-2fd">
         <name>ADC0SS0_Handler</name>
         <value>0x37b9</value>
         <object_component_ref idref="oc-1e3"/>
      </symbol>
      <symbol id="sm-2fe">
         <name>ir_getValue</name>
         <value>0x3789</value>
         <object_component_ref idref="oc-1e3"/>
      </symbol>
      <symbol id="sm-32d">
         <name>risingEdge</name>
         <value>0x20002328</value>
      </symbol>
      <symbol id="sm-32e">
         <name>fallingEdge</name>
         <value>0x20002314</value>
      </symbol>
      <symbol id="sm-32f">
         <name>pulseLength</name>
         <value>0x20002320</value>
      </symbol>
      <symbol id="sm-330">
         <name>isRisingEdge</name>
         <value>0x2000232c</value>
      </symbol>
      <symbol id="sm-331">
         <name>TIMER3B_Handler</name>
         <value>0x2c09</value>
         <object_component_ref idref="oc-1dd"/>
      </symbol>
      <symbol id="sm-332">
         <name>ping_init</name>
         <value>0x2b19</value>
         <object_component_ref idref="oc-1dd"/>
      </symbol>
      <symbol id="sm-333">
         <name>ping_getDistance</name>
         <value>0x2c5b</value>
         <object_component_ref idref="oc-1dd"/>
      </symbol>
      <symbol id="sm-334">
         <name>ping_trigger</name>
         <value>0x2b9f</value>
         <object_component_ref idref="oc-1dd"/>
      </symbol>
      <symbol id="sm-356">
         <name>servo_move</name>
         <value>0x32c1</value>
         <object_component_ref idref="oc-1d7"/>
      </symbol>
      <symbol id="sm-357">
         <name>servo_init</name>
         <value>0x3231</value>
         <object_component_ref idref="oc-1d7"/>
      </symbol>
      <symbol id="sm-358">
         <name>servo_stop</name>
         <value>0x32b5</value>
         <object_component_ref idref="oc-1d7"/>
      </symbol>
      <symbol id="sm-359">
         <name>servo_setPWM</name>
         <value>0x3321</value>
         <object_component_ref idref="oc-1d7"/>
      </symbol>
      <symbol id="sm-39d">
         <name>isr_char_buffer</name>
         <value>0x200022c4</value>
      </symbol>
      <symbol id="sm-39e">
         <name>cyBot_uart_init_clean</name>
         <value>0x220f</value>
         <object_component_ref idref="oc-102"/>
      </symbol>
      <symbol id="sm-39f">
         <name>cyBot_sendByte</name>
         <value>0x2159</value>
         <object_component_ref idref="oc-102"/>
      </symbol>
      <symbol id="sm-3a0">
         <name>cyBot_uart_sendStr</name>
         <value>0x2165</value>
         <object_component_ref idref="oc-102"/>
      </symbol>
      <symbol id="sm-3a1">
         <name>cyBot_getByte_blocking</name>
         <value>0x2397</value>
         <object_component_ref idref="oc-102"/>
      </symbol>
      <symbol id="sm-3a2">
         <name>cyBot_getByte_nonblocking</name>
         <value>0x2377</value>
         <object_component_ref idref="oc-102"/>
      </symbol>
      <symbol id="sm-3a3">
         <name>isr_counter</name>
         <value>0x20002364</value>
         <object_component_ref idref="oc-202"/>
      </symbol>
      <symbol id="sm-3a4">
         <name>cyBot_uart_sendBuffer</name>
         <value>0x217f</value>
         <object_component_ref idref="oc-102"/>
      </symbol>
      <symbol id="sm-3a5">
         <name>cyBot_uart_init_PHJ_first_half</name>
         <value>0x2267</value>
         <object_component_ref idref="oc-102"/>
      </symbol>
      <symbol id="sm-3a6">
         <name>cyBot_uart_init_last_half</name>
         <value>0x2197</value>
         <object_component_ref idref="oc-102"/>
      </symbol>
      <symbol id="sm-3a7">
         <name>cyBot_uart_flush</name>
         <value>0x235d</value>
         <object_component_ref idref="oc-102"/>
      </symbol>
      <symbol id="sm-3a8">
         <name>cyBot_UART1_Handler</name>
         <value>0x23a5</value>
         <object_component_ref idref="oc-102"/>
      </symbol>
      <symbol id="sm-3a9">
         <name>cyBot_uart_init</name>
         <value>0x22c7</value>
         <object_component_ref idref="oc-102"/>
      </symbol>
      <symbol id="sm-3d0">
         <name>sprintf</name>
         <value>0x448d</value>
         <object_component_ref idref="oc-113"/>
      </symbol>
      <symbol id="sm-3fa">
         <name>vsnprintf</name>
         <value>0x44cd</value>
         <object_component_ref idref="oc-1c1"/>
      </symbol>
      <symbol id="sm-411">
         <name>__aeabi_dsub</name>
         <value>0x2ed5</value>
         <object_component_ref idref="oc-1b1"/>
      </symbol>
      <symbol id="sm-412">
         <name>__aeabi_dadd</name>
         <value>0x2edf</value>
         <object_component_ref idref="oc-1b1"/>
      </symbol>
      <symbol id="sm-434">
         <name>__aeabi_cdcmpeq</name>
         <value>0x3f19</value>
         <object_component_ref idref="oc-2d2"/>
      </symbol>
      <symbol id="sm-435">
         <name>__aeabi_cdcmple</name>
         <value>0x3f19</value>
         <object_component_ref idref="oc-2d2"/>
      </symbol>
      <symbol id="sm-436">
         <name>__aeabi_cdrcmple</name>
         <value>0x3f9f</value>
         <object_component_ref idref="oc-36a"/>
      </symbol>
      <symbol id="sm-44a">
         <name>__aeabi_ddiv</name>
         <value>0x34c5</value>
         <object_component_ref idref="oc-12c"/>
      </symbol>
      <symbol id="sm-455">
         <name>__aeabi_dmul</name>
         <value>0x3b55</value>
         <object_component_ref idref="oc-122"/>
      </symbol>
      <symbol id="sm-45f">
         <name>__aeabi_d2iz</name>
         <value>0x4401</value>
         <object_component_ref idref="oc-1f7"/>
      </symbol>
      <symbol id="sm-46b">
         <name>__aeabi_d2f</name>
         <value>0x417f</value>
         <object_component_ref idref="oc-131"/>
      </symbol>
      <symbol id="sm-476">
         <name>__aeabi_f2d</name>
         <value>0x4585</value>
         <object_component_ref idref="oc-10e"/>
      </symbol>
      <symbol id="sm-480">
         <name>__aeabi_i2d</name>
         <value>0x4655</value>
         <object_component_ref idref="oc-127"/>
      </symbol>
      <symbol id="sm-49b">
         <name>memcpy</name>
         <value>0x3de7</value>
         <object_component_ref idref="oc-3e"/>
      </symbol>
      <symbol id="sm-49c">
         <name>__aeabi_memcpy</name>
         <value>0x3de7</value>
         <object_component_ref idref="oc-3e"/>
      </symbol>
      <symbol id="sm-49d">
         <name>__aeabi_memcpy8</name>
         <value>0x3de7</value>
         <object_component_ref idref="oc-3e"/>
      </symbol>
      <symbol id="sm-49e">
         <name>__aeabi_memcpy4</name>
         <value>0x3de7</value>
         <object_component_ref idref="oc-3e"/>
      </symbol>
      <symbol id="sm-4a8">
         <name>__aeabi_ui2d</name>
         <value>0x46ad</value>
         <object_component_ref idref="oc-1f2"/>
      </symbol>
      <symbol id="sm-4bc">
         <name>__TI_zero_init_nomemset</name>
         <value>0x46cd</value>
         <object_component_ref idref="oc-4a"/>
      </symbol>
      <symbol id="sm-4d3">
         <name>__TI_decompress_none</name>
         <value>0x480b</value>
         <object_component_ref idref="oc-1b"/>
      </symbol>
      <symbol id="sm-4f6">
         <name>__TI_decompress_lzss</name>
         <value>0x41ed</value>
         <object_component_ref idref="oc-15"/>
      </symbol>
      <symbol id="sm-58b">
         <name>_sys_memory</name>
         <value>0x20001270</value>
         <object_component_ref idref="oc-24"/>
      </symbol>
      <symbol id="sm-58c">
         <name>free</name>
         <value>0x3c51</value>
         <object_component_ref idref="oc-18f"/>
      </symbol>
      <symbol id="sm-58d">
         <name>memalign</name>
         <value>0x3a55</value>
         <object_component_ref idref="oc-332"/>
      </symbol>
      <symbol id="sm-58e">
         <name>calloc</name>
         <value>0x454d</value>
         <object_component_ref idref="oc-189"/>
      </symbol>
      <symbol id="sm-58f">
         <name>malloc</name>
         <value>0x4845</value>
         <object_component_ref idref="oc-253"/>
      </symbol>
      <symbol id="sm-590">
         <name>aligned_alloc</name>
         <value>0x3a55</value>
         <object_component_ref idref="oc-332"/>
      </symbol>
      <symbol id="sm-59f">
         <name>strcmp</name>
         <value>0x4783</value>
         <object_component_ref idref="oc-19c"/>
      </symbol>
      <symbol id="sm-5ad">
         <name>strcpy</name>
         <value>0x47b1</value>
         <object_component_ref idref="oc-1c7"/>
      </symbol>
      <symbol id="sm-5bb">
         <name>strlen</name>
         <value>0x47c5</value>
         <object_component_ref idref="oc-108"/>
      </symbol>
      <symbol id="sm-5ce">
         <name>__stack</name>
         <value>0x20000270</value>
         <object_component_ref idref="oc-27"/>
      </symbol>
      <symbol id="sm-5cf">
         <name>_c_int00_noargs</name>
         <value>0x45f1</value>
         <object_component_ref idref="oc-5c"/>
      </symbol>
      <symbol id="sm-734">
         <name>__TI_printfi</name>
         <value>0xe81</value>
         <object_component_ref idref="oc-209"/>
      </symbol>
      <symbol id="sm-743">
         <name>__aeabi_memset</name>
         <value>0x4027</value>
         <object_component_ref idref="oc-96"/>
      </symbol>
      <symbol id="sm-744">
         <name>memset</name>
         <value>0x402d</value>
         <object_component_ref idref="oc-96"/>
      </symbol>
      <symbol id="sm-745">
         <name>__aeabi_memset8</name>
         <value>0x4027</value>
         <object_component_ref idref="oc-96"/>
      </symbol>
      <symbol id="sm-746">
         <name>__aeabi_memset4</name>
         <value>0x4027</value>
         <object_component_ref idref="oc-96"/>
      </symbol>
      <symbol id="sm-747">
         <name>__aeabi_memclr8</name>
         <value>0x4025</value>
         <object_component_ref idref="oc-96"/>
      </symbol>
      <symbol id="sm-748">
         <name>__aeabi_memclr4</name>
         <value>0x4025</value>
         <object_component_ref idref="oc-96"/>
      </symbol>
      <symbol id="sm-749">
         <name>__aeabi_memclr</name>
         <value>0x4025</value>
         <object_component_ref idref="oc-96"/>
      </symbol>
      <symbol id="sm-756">
         <name>__aeabi_uldivmod</name>
         <value>0x3e83</value>
         <object_component_ref idref="oc-363"/>
      </symbol>
      <symbol id="sm-77e">
         <name>__TI_auto_init_nobinit_nopinit</name>
         <value>0x4449</value>
         <object_component_ref idref="oc-155"/>
      </symbol>
      <symbol id="sm-788">
         <name>_system_pre_init</name>
         <value>0x484d</value>
         <object_component_ref idref="oc-9c"/>
      </symbol>
      <symbol id="sm-794">
         <name>C$$EXIT</name>
         <value>0x4851</value>
         <object_component_ref idref="oc-149"/>
      </symbol>
      <symbol id="sm-795">
         <name>abort</name>
         <value>0x4851</value>
         <object_component_ref idref="oc-149"/>
      </symbol>
      <symbol id="sm-7aa">
         <name>_nop</name>
         <value>0x18cf</value>
         <object_component_ref idref="oc-313"/>
      </symbol>
      <symbol id="sm-7ab">
         <name>_lock</name>
         <value>0x20002350</value>
         <object_component_ref idref="oc-237"/>
      </symbol>
      <symbol id="sm-7ac">
         <name>_unlock</name>
         <value>0x20002354</value>
         <object_component_ref idref="oc-237"/>
      </symbol>
      <symbol id="sm-7bb">
         <name>__TI_ltoa</name>
         <value>0x430f</value>
         <object_component_ref idref="oc-36f"/>
      </symbol>
      <symbol id="sm-7d2">
         <name>atoi</name>
         <value>0x43b5</value>
         <object_component_ref idref="oc-2c6"/>
      </symbol>
      <symbol id="sm-7dd">
         <name>_ctypes_</name>
         <value>0x4854</value>
         <object_component_ref idref="oc-35e"/>
      </symbol>
      <symbol id="sm-7ed">
         <name>memccpy</name>
         <value>0x4705</value>
         <object_component_ref idref="oc-2ef"/>
      </symbol>
      <symbol id="sm-7fd">
         <name>strchr</name>
         <value>0x479b</value>
         <object_component_ref idref="oc-39c"/>
      </symbol>
      <symbol id="sm-813">
         <name>__aeabi_errno_addr</name>
         <value>0x483d</value>
         <object_component_ref idref="oc-2fb"/>
      </symbol>
      <symbol id="sm-814">
         <name>errno</name>
         <value>0x20002368</value>
         <object_component_ref idref="oc-3ac"/>
      </symbol>
      <symbol id="sm-834">
         <name>frexpl</name>
         <value>0x4255</value>
         <object_component_ref idref="oc-390"/>
      </symbol>
      <symbol id="sm-835">
         <name>frexp</name>
         <value>0x4255</value>
         <object_component_ref idref="oc-390"/>
      </symbol>
      <symbol id="sm-852">
         <name>scalbn</name>
         <value>0x3839</value>
         <object_component_ref idref="oc-396"/>
      </symbol>
      <symbol id="sm-853">
         <name>scalbnl</name>
         <value>0x3839</value>
         <object_component_ref idref="oc-396"/>
      </symbol>
      <symbol id="sm-854">
         <name>ldexpl</name>
         <value>0x3839</value>
         <object_component_ref idref="oc-396"/>
      </symbol>
      <symbol id="sm-855">
         <name>ldexp</name>
         <value>0x3839</value>
         <object_component_ref idref="oc-396"/>
      </symbol>
      <symbol id="sm-85f">
         <name>copysign</name>
         <value>0x4721</value>
         <object_component_ref idref="oc-3ee"/>
      </symbol>
      <symbol id="sm-860">
         <name>copysignl</name>
         <value>0x4721</value>
         <object_component_ref idref="oc-3ee"/>
      </symbol>
      <symbol id="sm-879">
         <name>wcslen</name>
         <value>0x47d9</value>
         <object_component_ref idref="oc-2f5"/>
      </symbol>
      <symbol id="sm-883">
         <name>__aeabi_idiv0</name>
         <value>0x308b</value>
         <object_component_ref idref="oc-3da"/>
      </symbol>
      <symbol id="sm-884">
         <name>__aeabi_ldiv0</name>
         <value>0x308b</value>
         <object_component_ref idref="oc-3da"/>
      </symbol>
      <symbol id="sm-8b3">
         <name>IntRegister</name>
         <value>0x45bd</value>
         <object_component_ref idref="oc-1a2"/>
      </symbol>
      <symbol id="sm-8b4">
         <name>g_pfnRAMVectors</name>
         <value>0x20000000</value>
         <object_component_ref idref="oc-269"/>
      </symbol>
      <symbol id="sm-8b5">
         <name>IntMasterEnable</name>
         <value>0x47eb</value>
         <object_component_ref idref="oc-1a8"/>
      </symbol>
      <symbol id="sm-8bf">
         <name>CPUcpsie</name>
         <value>0x4819</value>
         <object_component_ref idref="oc-273"/>
      </symbol>
      <symbol id="sm-8c0">
         <name>__TI_static_base__</name>
         <value>0x0</value>
      </symbol>
      <symbol id="sm-8c3">
         <name>__mpu_init</name>
         <value>0x0</value>
      </symbol>
      <symbol id="sm-8c4">
         <name>_system_post_cinit</name>
         <value>0x0</value>
      </symbol>
   </symbol_table>
   <title>Link successful</title>
</link_info>
