******************************************************************************
                  TI ARM Linker PC v20.2.6                     
******************************************************************************
>> Linked Wed Mar 29 17:25:23 2023

OUTPUT FILE NAME:   <Lab 9.out>
ENTRY POINT SYMBOL: "_c_int00_noargs"  address: 00002a45


MEMORY CONFIGURATION

         name            origin    length      used     unused   attr    fill
----------------------  --------  ---------  --------  --------  ----  --------
  FLASH                 00000000   00040000  00002d89  0003d277  R  X
  SRAM                  20000000   00008000  000022d4  00005d2c  RW X


SEGMENT ALLOCATION MAP

run origin  load origin   length   init length attrs members
----------  ----------- ---------- ----------- ----- -------
00000000    00000000    00002d90   00002d90    r-x
  00000000    00000000    0000026c   0000026c    r-- .intvecs
  0000026c    0000026c    000029d4   000029d4    r-x .text
  00002c40    00002c40    00000109   00000109    r-- .const
  00002d50    00002d50    00000040   00000040    r-- .cinit
20000000    20000000    000022d8   00000000    rw-
  20000000    20000000    0000026c   00000000    rw- .vtable
  20000270    20000270    00001000   00000000    rw- .stack
  20001270    20001270    00001000   00000000    rw- .sysmem
  20002270    20002270    00000058   00000000    rw- .bss
  200022c8    200022c8    00000010   00000000    rw- .data


SECTION ALLOCATION MAP

 output                                  attributes/
section   page    origin      length       input sections
--------  ----  ----------  ----------   ----------------
.intvecs   0    00000000    0000026c     
                  00000000    0000026c     tm4c123gh6pm_startup_ccs.obj (.intvecs)

.text      0    0000026c    000029d4     
                  0000026c    00000a4e     rtsv7M4_T_le_v4SPD16_eabi.lib : _printfi.c.obj (.text:__TI_printfi)
                  00000cba    00000002                                   : div0.asm.obj (.text)
                  00000cbc    00000328     lcd.obj (.text)
                  00000fe4    000002cc     ping.obj (.text)
                  000012b0    00000270     rtsv7M4_T_le_v4SPD16_eabi.lib : _printfi.c.obj (.text:_pconv_a)
                  00001520    00000248     Timer.obj (.text)
                  00001768    000001d0     rtsv7M4_T_le_v4SPD16_eabi.lib : _printfi.c.obj (.text:_pconv_g)
                  00001938    000001b6                                   : fd_add_t2.asm.obj (.text)
                  00001aee    00000002     --HOLE-- [fill = 0]
                  00001af0    000001a4     uart.obj (.text)
                  00001c94    0000013c     rtsv7M4_T_le_v4SPD16_eabi.lib : _printfi.c.obj (.text:_pconv_e)
                  00001dd0    00000136                                   : fd_div_t2.asm.obj (.text)
                  00001f06    00000002     --HOLE-- [fill = 0]
                  00001f08    00000124                                   : _printfi.c.obj (.text:fcvt)
                  0000202c    00000110                                   : s_scalbn.c.obj (.text:scalbn)
                  0000213c    000000fc                                   : fd_mul_t2.asm.obj (.text)
                  00002238    000000b1                                   : _printfi.c.obj (.text:_ltostr)
                  000022e9    00000001     --HOLE-- [fill = 0]
                  000022ea    0000009c                                   : memcpy_t2.asm.obj (.text)
                  00002386    00000096                                   : ull_div_t2.asm.obj (.text)
                  0000241c    00000086                                   : fd_cmp_t2.asm.obj (.text:__aeabi_cdcmple)
                  000024a2    00000086                                   : fd_cmp_t2.asm.obj (.text:__aeabi_cdrcmple)
                  00002528    0000007a                                   : memset_t2.asm.obj (.text)
                  000025a2    0000006e                                   : _printfi.c.obj (.text:_mcpy)
                  00002610    00000068                                   : copy_decompress_lzss.c.obj (.text:decompress:lzss:__TI_decompress_lzss)
                  00002678    00000068     main.obj (.text)
                  000026e0    00000064     rtsv7M4_T_le_v4SPD16_eabi.lib : s_frexp.c.obj (.text:frexp)
                  00002744    00000056                                   : _printfi.c.obj (.text:_pconv_f)
                  0000279a    00000054                                   : _ltoa.c.obj (.text:__TI_ltoa)
                  000027ee    00000052                                   : _printfi.c.obj (.text:_ecpy)
                  00002840    0000004c                                   : atoi.c.obj (.text:atoi)
                  0000288c    00000048                                   : fd_toi_t2.asm.obj (.text)
                  000028d4    00000044                                   : autoinit.c.obj (.text:__TI_auto_init_nobinit_nopinit:__TI_auto_init_nobinit_nopinit)
                  00002918    00000040                                   : sprintf.c.obj (.text:sprintf)
                  00002958    00000040                                   : vsnprintf.c.obj (.text:vsnprintf)
                  00002998    0000003e                                   : _printfi.c.obj (.text:_fcpy)
                  000029d6    00000038                                   : fs_tod_t2.asm.obj (.text)
                  00002a0e    00000002     --HOLE-- [fill = 0]
                  00002a10    00000034     driverlib.lib : interrupt.obj (.text:IntRegister)
                  00002a44    00000034     rtsv7M4_T_le_v4SPD16_eabi.lib : boot_cortex_m.c.obj (.text:_c_int00_noargs:_c_int00_noargs)
                  00002a78    00000030                                   : vsnprintf.c.obj (.text:_outs)
                  00002aa8    0000002e                                   : i_tofd_t2.asm.obj (.text)
                  00002ad6    00000020                                   : u_tofd_t2.asm.obj (.text)
                  00002af6    0000001c                                   : copy_zero_init.c.obj (.text:decompress:ZI:__TI_zero_init_nomemset:__TI_zero_init_nomemset)
                  00002b12    0000001c                                   : memccpy.c.obj (.text:memccpy)
                  00002b2e    0000001a                                   : s_copysign.c.obj (.text:copysign)
                  00002b48    00000018                                   : vsnprintf.c.obj (.text:_outc)
                  00002b60    00000018                                   : sprintf.c.obj (.text:_outs)
                  00002b78    00000018                                   : strcmp.c.obj (.text:strcmp)
                  00002b90    00000016                                   : strchr.c.obj (.text:strchr)
                  00002ba6    00000014                                   : strcpy.c.obj (.text:strcpy)
                  00002bba    00000014                                   : strlen.c.obj (.text:strlen)
                  00002bce    00000012                                   : wcslen.c.obj (.text:wcslen)
                  00002be0    00000010     driverlib.lib : interrupt.obj (.text:IntMasterEnable)
                  00002bf0    00000010     lcd.obj (.text:lcd_clear)
                  00002c00    0000000e     rtsv7M4_T_le_v4SPD16_eabi.lib : copy_decompress_none.c.obj (.text:decompress:none:__TI_decompress_none)
                  00002c0e    0000000c     driverlib.lib : cpu.obj (.text:CPUcpsie)
                  00002c1a    0000000c     tm4c123gh6pm_startup_ccs.obj (.text)
                  00002c26    0000000a     rtsv7M4_T_le_v4SPD16_eabi.lib : sprintf.c.obj (.text:_outc)
                  00002c30    00000008                                   : errno.c.obj (.text:__aeabi_errno_addr)
                  00002c38    00000004                                   : pre_init.c.obj (.text:_system_pre_init)
                  00002c3c    00000004                                   : exit.c.obj (.text:abort:abort)

.const     0    00002c40    00000109     
                  00002c40    00000101     rtsv7M4_T_le_v4SPD16_eabi.lib : ctype.c.obj (.const:.string:_ctypes_)
                  00002d41    00000004     lcd.obj (.const:.string:lineAddress$1)
                  00002d45    00000004     lcd.obj (.const:.string:lineAddresses$2)

.cinit     0    00002d50    00000040     
                  00002d50    0000000c     (__TI_handler_table)
                  00002d5c    00000004     --HOLE-- [fill = 0]
                  00002d60    00000008     (.cinit..bss.load) [load image, compression = zero_init]
                  00002d68    00000008     (.cinit..vtable.load) [load image, compression = zero_init]
                  00002d70    00000007     (.cinit..data.load) [load image, compression = lzss]
                  00002d77    00000001     --HOLE-- [fill = 0]
                  00002d78    00000018     (__TI_cinit_table)

.init_array 
*          0    00000000    00000000     UNINITIALIZED

.vtable    0    20000000    0000026c     UNINITIALIZED
                  20000000    0000026c     driverlib.lib : interrupt.obj (.vtable)

.stack     0    20000270    00001000     UNINITIALIZED
                  20000270    00000004     rtsv7M4_T_le_v4SPD16_eabi.lib : boot_cortex_m.c.obj (.stack)
                  20000274    00000ffc     --HOLE--

.sysmem    0    20001270    00001000     UNINITIALIZED
                  20001270    00000010     rtsv7M4_T_le_v4SPD16_eabi.lib : memory.c.obj (.sysmem)
                  20001280    00000ff0     --HOLE--

.bss       0    20002270    00000058     UNINITIALIZED
                  20002270    00000054     lcd.obj (.bss:lastbuffer$3)
                  200022c4    00000004     (.common:_timeout_ticks)

.data      0    200022c8    00000010     UNINITIALIZED
                  200022c8    00000009     ping.obj (.data)
                  200022d1    00000001     Timer.obj (.data)
                  200022d2    00000002     --HOLE--
                  200022d4    00000004     rtsv7M4_T_le_v4SPD16_eabi.lib : errno.c.obj (.data)

__llvm_prf_cnts 
*          0    20000000    00000000     UNINITIALIZED

MODULE SUMMARY

       Module                         code    ro data   rw data
       ------                         ----    -------   -------
    .\
       lcd.obj                        824     8         84     
       ping.obj                       716     0         9      
       tm4c123gh6pm_startup_ccs.obj   12      620       0      
       Timer.obj                      584     0         5      
       uart.obj                       420     0         0      
       main.obj                       104     0         0      
    +--+------------------------------+-------+---------+---------+
       Total:                         2660    628       98     
                                                               
    C:/ti/TivaWare_C_Series-2.2.0.295/driverlib/ccs/Debug/driverlib.lib
       interrupt.obj                  68      0         620    
       cpu.obj                        12      0         0      
    +--+------------------------------+-------+---------+---------+
       Total:                         80      0         620    
                                                               
    C:\ti\ccs1200\ccs\tools\compiler\ti-cgt-arm_20.2.6.LTS\lib\rtsv7M4_T_le_v4SPD16_eabi.lib
       _printfi.c.obj                 4851    0         0      
       fd_add_t2.asm.obj              438     0         0      
       fd_div_t2.asm.obj              310     0         0      
       s_scalbn.c.obj                 272     0         0      
       fd_cmp_t2.asm.obj              268     0         0      
       ctype.c.obj                    0       257       0      
       fd_mul_t2.asm.obj              252     0         0      
       memcpy_t2.asm.obj              156     0         0      
       ull_div_t2.asm.obj             150     0         0      
       vsnprintf.c.obj                136     0         0      
       memset_t2.asm.obj              122     0         0      
       copy_decompress_lzss.c.obj     104     0         0      
       s_frexp.c.obj                  100     0         0      
       sprintf.c.obj                  98      0         0      
       _ltoa.c.obj                    84      0         0      
       atoi.c.obj                     76      0         0      
       fd_toi_t2.asm.obj              72      0         0      
       autoinit.c.obj                 68      0         0      
       fs_tod_t2.asm.obj              56      0         0      
       boot_cortex_m.c.obj            52      0         0      
       i_tofd_t2.asm.obj              46      0         0      
       u_tofd_t2.asm.obj              32      0         0      
       copy_zero_init.c.obj           28      0         0      
       memccpy.c.obj                  28      0         0      
       s_copysign.c.obj               26      0         0      
       strcmp.c.obj                   24      0         0      
       strchr.c.obj                   22      0         0      
       strcpy.c.obj                   20      0         0      
       strlen.c.obj                   20      0         0      
       wcslen.c.obj                   18      0         0      
       copy_decompress_none.c.obj     14      0         0      
       errno.c.obj                    8       0         4      
       exit.c.obj                     4       0         0      
       pre_init.c.obj                 4       0         0      
       div0.asm.obj                   2       0         0      
    +--+------------------------------+-------+---------+---------+
       Total:                         7961    257       4      
                                                               
       Heap:                          0       0         4096   
       Stack:                         0       0         4096   
       Linker Generated:              0       59        0      
    +--+------------------------------+-------+---------+---------+
       Grand Total:                   10701   944       8914   


LINKER GENERATED COPY TABLES

__TI_cinit_table @ 00002d78 records: 3, size/record: 8, table size: 24
	.bss: load addr=00002d60, load size=00000008 bytes, run addr=20002270, run size=00000058 bytes, compression=zero_init
	.vtable: load addr=00002d68, load size=00000008 bytes, run addr=20000000, run size=0000026c bytes, compression=zero_init
	.data: load addr=00002d70, load size=00000007 bytes, run addr=200022c8, run size=00000010 bytes, compression=lzss


LINKER GENERATED HANDLER TABLE

__TI_handler_table @ 00002d50 records: 3, size/record: 4, table size: 12
	index: 0, handler: __TI_zero_init
	index: 1, handler: __TI_decompress_lzss
	index: 2, handler: __TI_decompress_none


GLOBAL SYMBOLS: SORTED ALPHABETICALLY BY Name 

address   name                          
-------   ----                          
00002c3d  C$$EXIT                       
00002c0f  CPUcpsie                      
200022cc  END_TIME                      
00002be1  IntMasterEnable               
00002a11  IntRegister                   
00002c1b  ResetISR                      
200022c8  START_TIME                    
200022d0  STATE                         
00001127  TIMER3B_Handler               
20001270  __STACK_END                   
00001000  __STACK_SIZE                  
20000470  __STACK_TOP                   
00001000  __SYSMEM_SIZE                 
00002d78  __TI_CINIT_Base               
00002d90  __TI_CINIT_Limit              
00002d50  __TI_Handler_Table_Base       
00002d5c  __TI_Handler_Table_Limit      
000028d5  __TI_auto_init_nobinit_nopinit
00002611  __TI_decompress_lzss          
00002c01  __TI_decompress_none          
0000279b  __TI_ltoa                     
ffffffff  __TI_pprof_out_hndl           
0000026d  __TI_printfi                  
ffffffff  __TI_prof_data_size           
ffffffff  __TI_prof_data_start          
00000000  __TI_static_base__            
00002af7  __TI_zero_init_nomemset       
0000241d  __aeabi_cdcmpeq               
0000241d  __aeabi_cdcmple               
000024a3  __aeabi_cdrcmple              
0000288d  __aeabi_d2iz                  
00001943  __aeabi_dadd                  
00001dd1  __aeabi_ddiv                  
0000213d  __aeabi_dmul                  
00001939  __aeabi_dsub                  
00002c31  __aeabi_errno_addr            
000029d7  __aeabi_f2d                   
00002aa9  __aeabi_i2d                   
00000cbb  __aeabi_idiv0                 
00000cbb  __aeabi_ldiv0                 
00002529  __aeabi_memclr                
00002529  __aeabi_memclr4               
00002529  __aeabi_memclr8               
000022eb  __aeabi_memcpy                
000022eb  __aeabi_memcpy4               
000022eb  __aeabi_memcpy8               
0000252b  __aeabi_memset                
0000252b  __aeabi_memset4               
0000252b  __aeabi_memset8               
00002ad7  __aeabi_ui2d                  
00002387  __aeabi_uldivmod              
ffffffff  __binit__                     
ffffffff  __c_args__                    
UNDEFED   __mpu_init                    
20000270  __stack                       
20000000  __start___llvm_prf_cnts       
20000000  __stop___llvm_prf_cnts        
00002a45  _c_int00_noargs               
00002c40  _ctypes_                      
200022d1  _running                      
20001270  _sys_memory                   
UNDEFED   _system_post_cinit            
00002c39  _system_pre_init              
200022c4  _timeout_ticks                
00002c3d  abort                         
00002841  atoi                          
ffffffff  binit                         
00002b2f  copysign                      
00002b2f  copysignl                     
200022d4  errno                         
000026e1  frexp                         
000026e1  frexpl                        
20000000  g_pfnRAMVectors               
00000000  g_pfnVectors                  
00002bf1  lcd_clear                     
00000e91  lcd_gotoLine                  
00000cf9  lcd_init                      
00000ef7  lcd_printf                    
00000db9  lcd_putc                      
00000df1  lcd_puts                      
00000cbd  lcd_reverseNibble             
00000e0f  lcd_sendCommand               
00000e4d  lcd_sendNibble                
00000eb9  lcd_setCursorPos              
0000202d  ldexp                         
0000202d  ldexpl                        
00002679  main                          
00002b13  memccpy                       
000022eb  memcpy                        
00002531  memset                        
00001167  ping_getDistance              
00000fe5  ping_init                     
0000109b  ping_trigger                  
0000202d  scalbn                        
0000202d  scalbnl                       
00002919  sprintf                       
00002b91  strchr                        
00002b79  strcmp                        
00002ba7  strcpy                        
00002bbb  strlen                        
0000163f  timer_getMicros               
000015e7  timer_getMillis               
00001521  timer_init                    
000015c3  timer_pause                   
000015d5  timer_resume                  
00001599  timer_stop                    
00001699  timer_waitMicros              
000016cb  timer_waitMillis              
00001af1  uart_init                     
00001bcb  uart_receive                  
00001bf9  uart_receive_nonblocking      
00001ba7  uart_sendChar                 
00001c1f  uart_sendStr                  
00002959  vsnprintf                     
00002bcf  wcslen                        


GLOBAL SYMBOLS: SORTED BY Symbol Address 

address   name                          
-------   ----                          
00000000  __TI_static_base__            
00000000  g_pfnVectors                  
0000026d  __TI_printfi                  
00000cbb  __aeabi_idiv0                 
00000cbb  __aeabi_ldiv0                 
00000cbd  lcd_reverseNibble             
00000cf9  lcd_init                      
00000db9  lcd_putc                      
00000df1  lcd_puts                      
00000e0f  lcd_sendCommand               
00000e4d  lcd_sendNibble                
00000e91  lcd_gotoLine                  
00000eb9  lcd_setCursorPos              
00000ef7  lcd_printf                    
00000fe5  ping_init                     
00001000  __STACK_SIZE                  
00001000  __SYSMEM_SIZE                 
0000109b  ping_trigger                  
00001127  TIMER3B_Handler               
00001167  ping_getDistance              
00001521  timer_init                    
00001599  timer_stop                    
000015c3  timer_pause                   
000015d5  timer_resume                  
000015e7  timer_getMillis               
0000163f  timer_getMicros               
00001699  timer_waitMicros              
000016cb  timer_waitMillis              
00001939  __aeabi_dsub                  
00001943  __aeabi_dadd                  
00001af1  uart_init                     
00001ba7  uart_sendChar                 
00001bcb  uart_receive                  
00001bf9  uart_receive_nonblocking      
00001c1f  uart_sendStr                  
00001dd1  __aeabi_ddiv                  
0000202d  ldexp                         
0000202d  ldexpl                        
0000202d  scalbn                        
0000202d  scalbnl                       
0000213d  __aeabi_dmul                  
000022eb  __aeabi_memcpy                
000022eb  __aeabi_memcpy4               
000022eb  __aeabi_memcpy8               
000022eb  memcpy                        
00002387  __aeabi_uldivmod              
0000241d  __aeabi_cdcmpeq               
0000241d  __aeabi_cdcmple               
000024a3  __aeabi_cdrcmple              
00002529  __aeabi_memclr                
00002529  __aeabi_memclr4               
00002529  __aeabi_memclr8               
0000252b  __aeabi_memset                
0000252b  __aeabi_memset4               
0000252b  __aeabi_memset8               
00002531  memset                        
00002611  __TI_decompress_lzss          
00002679  main                          
000026e1  frexp                         
000026e1  frexpl                        
0000279b  __TI_ltoa                     
00002841  atoi                          
0000288d  __aeabi_d2iz                  
000028d5  __TI_auto_init_nobinit_nopinit
00002919  sprintf                       
00002959  vsnprintf                     
000029d7  __aeabi_f2d                   
00002a11  IntRegister                   
00002a45  _c_int00_noargs               
00002aa9  __aeabi_i2d                   
00002ad7  __aeabi_ui2d                  
00002af7  __TI_zero_init_nomemset       
00002b13  memccpy                       
00002b2f  copysign                      
00002b2f  copysignl                     
00002b79  strcmp                        
00002b91  strchr                        
00002ba7  strcpy                        
00002bbb  strlen                        
00002bcf  wcslen                        
00002be1  IntMasterEnable               
00002bf1  lcd_clear                     
00002c01  __TI_decompress_none          
00002c0f  CPUcpsie                      
00002c1b  ResetISR                      
00002c31  __aeabi_errno_addr            
00002c39  _system_pre_init              
00002c3d  C$$EXIT                       
00002c3d  abort                         
00002c40  _ctypes_                      
00002d50  __TI_Handler_Table_Base       
00002d5c  __TI_Handler_Table_Limit      
00002d78  __TI_CINIT_Base               
00002d90  __TI_CINIT_Limit              
20000000  __start___llvm_prf_cnts       
20000000  __stop___llvm_prf_cnts        
20000000  g_pfnRAMVectors               
20000270  __stack                       
20000470  __STACK_TOP                   
20001270  __STACK_END                   
20001270  _sys_memory                   
200022c4  _timeout_ticks                
200022c8  START_TIME                    
200022cc  END_TIME                      
200022d0  STATE                         
200022d1  _running                      
200022d4  errno                         
ffffffff  __TI_pprof_out_hndl           
ffffffff  __TI_prof_data_size           
ffffffff  __TI_prof_data_start          
ffffffff  __binit__                     
ffffffff  __c_args__                    
ffffffff  binit                         
UNDEFED   __mpu_init                    
UNDEFED   _system_post_cinit            

[115 symbols]
