<?xml version="1.0" encoding="ISO-8859-1" ?>
<link_info>
   <banner>TI ARM Linker PC v20.2.6.LTS</banner>
   <copyright>Copyright (c) 1996-2018 Texas Instruments Incorporated</copyright>
   <link_time>0x641b7503</link_time>
   <link_errors>0x0</link_errors>
   <output_file>Lab 7.out</output_file>
   <entry_point>
      <name>_c_int00_noargs</name>
      <address>0x49d1</address>
   </entry_point>
   <input_file_list>
      <input_file id="fl-2">
         <path>.\</path>
         <kind>object</kind>
         <file>Timer.obj</file>
         <name>Timer.obj</name>
      </input_file>
      <input_file id="fl-3">
         <path>.\</path>
         <kind>object</kind>
         <file>adc.obj</file>
         <name>adc.obj</name>
      </input_file>
      <input_file id="fl-4">
         <path>.\</path>
         <kind>object</kind>
         <file>button.obj</file>
         <name>button.obj</name>
      </input_file>
      <input_file id="fl-5">
         <path>.\</path>
         <kind>object</kind>
         <file>lcd.obj</file>
         <name>lcd.obj</name>
      </input_file>
      <input_file id="fl-6">
         <path>.\</path>
         <kind>object</kind>
         <file>main.obj</file>
         <name>main.obj</name>
      </input_file>
      <input_file id="fl-7">
         <path>.\</path>
         <kind>object</kind>
         <file>movement.obj</file>
         <name>movement.obj</name>
      </input_file>
      <input_file id="fl-8">
         <path>.\</path>
         <kind>object</kind>
         <file>open_interface.obj</file>
         <name>open_interface.obj</name>
      </input_file>
      <input_file id="fl-9">
         <path>.\</path>
         <kind>object</kind>
         <file>tm4c123gh6pm_startup_ccs.obj</file>
         <name>tm4c123gh6pm_startup_ccs.obj</name>
      </input_file>
      <input_file id="fl-a">
         <path>.\</path>
         <kind>object</kind>
         <file>uart.obj</file>
         <name>uart.obj</name>
      </input_file>
      <input_file id="fl-11">
         <kind>object</kind>
         <file>&lt;internal&gt;</file>
         <name>&lt;internal&gt;</name>
      </input_file>
      <input_file id="fl-12">
         <path>..\</path>
         <kind>archive</kind>
         <file>libcybotScan.lib</file>
         <name>cyBot_Scan.obj</name>
      </input_file>
      <input_file id="fl-13">
         <path>..\</path>
         <kind>archive</kind>
         <file>libcybotScan.lib</file>
         <name>ir.obj</name>
      </input_file>
      <input_file id="fl-14">
         <path>..\</path>
         <kind>archive</kind>
         <file>libcybotScan.lib</file>
         <name>ping.obj</name>
      </input_file>
      <input_file id="fl-15">
         <path>..\</path>
         <kind>archive</kind>
         <file>libcybotScan.lib</file>
         <name>servo.obj</name>
      </input_file>
      <input_file id="fl-16">
         <path>..\</path>
         <kind>archive</kind>
         <file>libcybotUART.lib</file>
         <name>uart.obj</name>
      </input_file>
      <input_file id="fl-cc">
         <path>C:\ti\ccs1200\ccs\tools\compiler\ti-cgt-arm_20.2.6.LTS\lib\</path>
         <kind>archive</kind>
         <file>rtsv7M4_T_le_v4SPD16_eabi.lib</file>
         <name>sprintf.c.obj</name>
      </input_file>
      <input_file id="fl-cd">
         <path>C:\ti\ccs1200\ccs\tools\compiler\ti-cgt-arm_20.2.6.LTS\lib\</path>
         <kind>archive</kind>
         <file>rtsv7M4_T_le_v4SPD16_eabi.lib</file>
         <name>vsnprintf.c.obj</name>
      </input_file>
      <input_file id="fl-ce">
         <path>C:\ti\ccs1200\ccs\tools\compiler\ti-cgt-arm_20.2.6.LTS\lib\</path>
         <kind>archive</kind>
         <file>rtsv7M4_T_le_v4SPD16_eabi.lib</file>
         <name>fd_add_t2.asm.obj</name>
      </input_file>
      <input_file id="fl-cf">
         <path>C:\ti\ccs1200\ccs\tools\compiler\ti-cgt-arm_20.2.6.LTS\lib\</path>
         <kind>archive</kind>
         <file>rtsv7M4_T_le_v4SPD16_eabi.lib</file>
         <name>fd_cmp_t2.asm.obj</name>
      </input_file>
      <input_file id="fl-d0">
         <path>C:\ti\ccs1200\ccs\tools\compiler\ti-cgt-arm_20.2.6.LTS\lib\</path>
         <kind>archive</kind>
         <file>rtsv7M4_T_le_v4SPD16_eabi.lib</file>
         <name>fd_div_t2.asm.obj</name>
      </input_file>
      <input_file id="fl-d1">
         <path>C:\ti\ccs1200\ccs\tools\compiler\ti-cgt-arm_20.2.6.LTS\lib\</path>
         <kind>archive</kind>
         <file>rtsv7M4_T_le_v4SPD16_eabi.lib</file>
         <name>fd_mul_t2.asm.obj</name>
      </input_file>
      <input_file id="fl-d2">
         <path>C:\ti\ccs1200\ccs\tools\compiler\ti-cgt-arm_20.2.6.LTS\lib\</path>
         <kind>archive</kind>
         <file>rtsv7M4_T_le_v4SPD16_eabi.lib</file>
         <name>fd_toi_t2.asm.obj</name>
      </input_file>
      <input_file id="fl-d3">
         <path>C:\ti\ccs1200\ccs\tools\compiler\ti-cgt-arm_20.2.6.LTS\lib\</path>
         <kind>archive</kind>
         <file>rtsv7M4_T_le_v4SPD16_eabi.lib</file>
         <name>fd_tos_t2.asm.obj</name>
      </input_file>
      <input_file id="fl-d4">
         <path>C:\ti\ccs1200\ccs\tools\compiler\ti-cgt-arm_20.2.6.LTS\lib\</path>
         <kind>archive</kind>
         <file>rtsv7M4_T_le_v4SPD16_eabi.lib</file>
         <name>fs_tod_t2.asm.obj</name>
      </input_file>
      <input_file id="fl-d5">
         <path>C:\ti\ccs1200\ccs\tools\compiler\ti-cgt-arm_20.2.6.LTS\lib\</path>
         <kind>archive</kind>
         <file>rtsv7M4_T_le_v4SPD16_eabi.lib</file>
         <name>i_tofd_t2.asm.obj</name>
      </input_file>
      <input_file id="fl-d6">
         <path>C:\ti\ccs1200\ccs\tools\compiler\ti-cgt-arm_20.2.6.LTS\lib\</path>
         <kind>archive</kind>
         <file>rtsv7M4_T_le_v4SPD16_eabi.lib</file>
         <name>memcpy_t2.asm.obj</name>
      </input_file>
      <input_file id="fl-d7">
         <path>C:\ti\ccs1200\ccs\tools\compiler\ti-cgt-arm_20.2.6.LTS\lib\</path>
         <kind>archive</kind>
         <file>rtsv7M4_T_le_v4SPD16_eabi.lib</file>
         <name>u_tofd_t2.asm.obj</name>
      </input_file>
      <input_file id="fl-d8">
         <path>C:\ti\ccs1200\ccs\tools\compiler\ti-cgt-arm_20.2.6.LTS\lib\</path>
         <kind>archive</kind>
         <file>rtsv7M4_T_le_v4SPD16_eabi.lib</file>
         <name>copy_zero_init.c.obj</name>
      </input_file>
      <input_file id="fl-d9">
         <path>C:\ti\ccs1200\ccs\tools\compiler\ti-cgt-arm_20.2.6.LTS\lib\</path>
         <kind>archive</kind>
         <file>rtsv7M4_T_le_v4SPD16_eabi.lib</file>
         <name>copy_decompress_none.c.obj</name>
      </input_file>
      <input_file id="fl-da">
         <path>C:\ti\ccs1200\ccs\tools\compiler\ti-cgt-arm_20.2.6.LTS\lib\</path>
         <kind>archive</kind>
         <file>rtsv7M4_T_le_v4SPD16_eabi.lib</file>
         <name>copy_decompress_lzss.c.obj</name>
      </input_file>
      <input_file id="fl-db">
         <path>C:\ti\ccs1200\ccs\tools\compiler\ti-cgt-arm_20.2.6.LTS\lib\</path>
         <kind>archive</kind>
         <file>rtsv7M4_T_le_v4SPD16_eabi.lib</file>
         <name>memory.c.obj</name>
      </input_file>
      <input_file id="fl-dc">
         <path>C:\ti\ccs1200\ccs\tools\compiler\ti-cgt-arm_20.2.6.LTS\lib\</path>
         <kind>archive</kind>
         <file>rtsv7M4_T_le_v4SPD16_eabi.lib</file>
         <name>strcmp.c.obj</name>
      </input_file>
      <input_file id="fl-dd">
         <path>C:\ti\ccs1200\ccs\tools\compiler\ti-cgt-arm_20.2.6.LTS\lib\</path>
         <kind>archive</kind>
         <file>rtsv7M4_T_le_v4SPD16_eabi.lib</file>
         <name>strcpy.c.obj</name>
      </input_file>
      <input_file id="fl-de">
         <path>C:\ti\ccs1200\ccs\tools\compiler\ti-cgt-arm_20.2.6.LTS\lib\</path>
         <kind>archive</kind>
         <file>rtsv7M4_T_le_v4SPD16_eabi.lib</file>
         <name>strlen.c.obj</name>
      </input_file>
      <input_file id="fl-df">
         <path>C:\ti\ccs1200\ccs\tools\compiler\ti-cgt-arm_20.2.6.LTS\lib\</path>
         <kind>archive</kind>
         <file>rtsv7M4_T_le_v4SPD16_eabi.lib</file>
         <name>boot_cortex_m.c.obj</name>
      </input_file>
      <input_file id="fl-e0">
         <path>C:\ti\ccs1200\ccs\tools\compiler\ti-cgt-arm_20.2.6.LTS\lib\</path>
         <kind>archive</kind>
         <file>rtsv7M4_T_le_v4SPD16_eabi.lib</file>
         <name>_printfi.c.obj</name>
      </input_file>
      <input_file id="fl-e1">
         <path>C:\ti\ccs1200\ccs\tools\compiler\ti-cgt-arm_20.2.6.LTS\lib\</path>
         <kind>archive</kind>
         <file>rtsv7M4_T_le_v4SPD16_eabi.lib</file>
         <name>memset_t2.asm.obj</name>
      </input_file>
      <input_file id="fl-e2">
         <path>C:\ti\ccs1200\ccs\tools\compiler\ti-cgt-arm_20.2.6.LTS\lib\</path>
         <kind>archive</kind>
         <file>rtsv7M4_T_le_v4SPD16_eabi.lib</file>
         <name>ull_div_t2.asm.obj</name>
      </input_file>
      <input_file id="fl-e3">
         <path>C:\ti\ccs1200\ccs\tools\compiler\ti-cgt-arm_20.2.6.LTS\lib\</path>
         <kind>archive</kind>
         <file>rtsv7M4_T_le_v4SPD16_eabi.lib</file>
         <name>autoinit.c.obj</name>
      </input_file>
      <input_file id="fl-e4">
         <path>C:\ti\ccs1200\ccs\tools\compiler\ti-cgt-arm_20.2.6.LTS\lib\</path>
         <kind>archive</kind>
         <file>rtsv7M4_T_le_v4SPD16_eabi.lib</file>
         <name>pre_init.c.obj</name>
      </input_file>
      <input_file id="fl-e5">
         <path>C:\ti\ccs1200\ccs\tools\compiler\ti-cgt-arm_20.2.6.LTS\lib\</path>
         <kind>archive</kind>
         <file>rtsv7M4_T_le_v4SPD16_eabi.lib</file>
         <name>cpy_tbl.c.obj</name>
      </input_file>
      <input_file id="fl-e6">
         <path>C:\ti\ccs1200\ccs\tools\compiler\ti-cgt-arm_20.2.6.LTS\lib\</path>
         <kind>archive</kind>
         <file>rtsv7M4_T_le_v4SPD16_eabi.lib</file>
         <name>exit.c.obj</name>
      </input_file>
      <input_file id="fl-e7">
         <path>C:\ti\ccs1200\ccs\tools\compiler\ti-cgt-arm_20.2.6.LTS\lib\</path>
         <kind>archive</kind>
         <file>rtsv7M4_T_le_v4SPD16_eabi.lib</file>
         <name>_lock.c.obj</name>
      </input_file>
      <input_file id="fl-e8">
         <path>C:\ti\ccs1200\ccs\tools\compiler\ti-cgt-arm_20.2.6.LTS\lib\</path>
         <kind>archive</kind>
         <file>rtsv7M4_T_le_v4SPD16_eabi.lib</file>
         <name>_ltoa.c.obj</name>
      </input_file>
      <input_file id="fl-e9">
         <path>C:\ti\ccs1200\ccs\tools\compiler\ti-cgt-arm_20.2.6.LTS\lib\</path>
         <kind>archive</kind>
         <file>rtsv7M4_T_le_v4SPD16_eabi.lib</file>
         <name>args_main.c.obj</name>
      </input_file>
      <input_file id="fl-ea">
         <path>C:\ti\ccs1200\ccs\tools\compiler\ti-cgt-arm_20.2.6.LTS\lib\</path>
         <kind>archive</kind>
         <file>rtsv7M4_T_le_v4SPD16_eabi.lib</file>
         <name>atoi.c.obj</name>
      </input_file>
      <input_file id="fl-eb">
         <path>C:\ti\ccs1200\ccs\tools\compiler\ti-cgt-arm_20.2.6.LTS\lib\</path>
         <kind>archive</kind>
         <file>rtsv7M4_T_le_v4SPD16_eabi.lib</file>
         <name>ctype.c.obj</name>
      </input_file>
      <input_file id="fl-ec">
         <path>C:\ti\ccs1200\ccs\tools\compiler\ti-cgt-arm_20.2.6.LTS\lib\</path>
         <kind>archive</kind>
         <file>rtsv7M4_T_le_v4SPD16_eabi.lib</file>
         <name>memccpy.c.obj</name>
      </input_file>
      <input_file id="fl-ed">
         <path>C:\ti\ccs1200\ccs\tools\compiler\ti-cgt-arm_20.2.6.LTS\lib\</path>
         <kind>archive</kind>
         <file>rtsv7M4_T_le_v4SPD16_eabi.lib</file>
         <name>strchr.c.obj</name>
      </input_file>
      <input_file id="fl-ee">
         <path>C:\ti\ccs1200\ccs\tools\compiler\ti-cgt-arm_20.2.6.LTS\lib\</path>
         <kind>archive</kind>
         <file>rtsv7M4_T_le_v4SPD16_eabi.lib</file>
         <name>errno.c.obj</name>
      </input_file>
      <input_file id="fl-ef">
         <path>C:\ti\ccs1200\ccs\tools\compiler\ti-cgt-arm_20.2.6.LTS\lib\</path>
         <kind>archive</kind>
         <file>rtsv7M4_T_le_v4SPD16_eabi.lib</file>
         <name>s_frexp.c.obj</name>
      </input_file>
      <input_file id="fl-f0">
         <path>C:\ti\ccs1200\ccs\tools\compiler\ti-cgt-arm_20.2.6.LTS\lib\</path>
         <kind>archive</kind>
         <file>rtsv7M4_T_le_v4SPD16_eabi.lib</file>
         <name>s_scalbn.c.obj</name>
      </input_file>
      <input_file id="fl-f1">
         <path>C:\ti\ccs1200\ccs\tools\compiler\ti-cgt-arm_20.2.6.LTS\lib\</path>
         <kind>archive</kind>
         <file>rtsv7M4_T_le_v4SPD16_eabi.lib</file>
         <name>s_copysign.c.obj</name>
      </input_file>
      <input_file id="fl-f2">
         <path>C:\ti\ccs1200\ccs\tools\compiler\ti-cgt-arm_20.2.6.LTS\lib\</path>
         <kind>archive</kind>
         <file>rtsv7M4_T_le_v4SPD16_eabi.lib</file>
         <name>wcslen.c.obj</name>
      </input_file>
      <input_file id="fl-f3">
         <path>C:\ti\ccs1200\ccs\tools\compiler\ti-cgt-arm_20.2.6.LTS\lib\</path>
         <kind>archive</kind>
         <file>rtsv7M4_T_le_v4SPD16_eabi.lib</file>
         <name>div0.asm.obj</name>
      </input_file>
      <input_file id="fl-f4">
         <path>C:\ti\TivaWare_C_Series-2.2.0.295\driverlib\ccs\Debug\</path>
         <kind>archive</kind>
         <file>driverlib.lib</file>
         <name>interrupt.obj</name>
      </input_file>
      <input_file id="fl-f5">
         <path>C:\ti\TivaWare_C_Series-2.2.0.295\driverlib\ccs\Debug\</path>
         <kind>archive</kind>
         <file>driverlib.lib</file>
         <name>cpu.obj</name>
      </input_file>
   </input_file_list>
   <object_component_list>
      <object_component id="oc-12">
         <name>.intvecs</name>
         <load_address>0x0</load_address>
         <run_address>0x0</run_address>
         <size>0x26c</size>
         <input_file_ref idref="fl-9"/>
      </object_component>
      <object_component id="oc-d7">
         <name>.text</name>
         <load_address>0x26c</load_address>
         <run_address>0x26c</run_address>
         <size>0xc20</size>
         <input_file_ref idref="fl-8"/>
      </object_component>
      <object_component id="oc-20f">
         <name>.text:__TI_printfi</name>
         <load_address>0xe8c</load_address>
         <run_address>0xe8c</run_address>
         <size>0xa4e</size>
         <input_file_ref idref="fl-e0"/>
      </object_component>
      <object_component id="oc-324">
         <name>.text:_nop</name>
         <load_address>0x18da</load_address>
         <run_address>0x18da</run_address>
         <size>0x2</size>
         <input_file_ref idref="fl-e7"/>
      </object_component>
      <object_component id="oc-a2">
         <name>.text</name>
         <load_address>0x18dc</load_address>
         <run_address>0x18dc</run_address>
         <size>0x5d4</size>
         <input_file_ref idref="fl-6"/>
      </object_component>
      <object_component id="oc-136">
         <name>.text</name>
         <load_address>0x1eb0</load_address>
         <run_address>0x1eb0</run_address>
         <size>0x360</size>
         <input_file_ref idref="fl-7"/>
      </object_component>
      <object_component id="oc-e3">
         <name>.text</name>
         <load_address>0x2210</load_address>
         <run_address>0x2210</run_address>
         <size>0x328</size>
         <input_file_ref idref="fl-5"/>
      </object_component>
      <object_component id="oc-102">
         <name>.text</name>
         <load_address>0x2538</load_address>
         <run_address>0x2538</run_address>
         <size>0x2a8</size>
         <input_file_ref idref="fl-16"/>
      </object_component>
      <object_component id="oc-2f6">
         <name>.text:_pconv_a</name>
         <load_address>0x27e0</load_address>
         <run_address>0x27e0</run_address>
         <size>0x270</size>
         <input_file_ref idref="fl-e0"/>
      </object_component>
      <object_component id="oc-f0">
         <name>.text</name>
         <load_address>0x2a50</load_address>
         <run_address>0x2a50</run_address>
         <size>0x260</size>
         <input_file_ref idref="fl-12"/>
      </object_component>
      <object_component id="oc-dd">
         <name>.text</name>
         <load_address>0x2cb0</load_address>
         <run_address>0x2cb0</run_address>
         <size>0x248</size>
         <input_file_ref idref="fl-2"/>
      </object_component>
      <object_component id="oc-1e3">
         <name>.text</name>
         <load_address>0x2ef8</load_address>
         <run_address>0x2ef8</run_address>
         <size>0x1ec</size>
         <input_file_ref idref="fl-14"/>
      </object_component>
      <object_component id="oc-2e4">
         <name>.text:_pconv_g</name>
         <load_address>0x30e4</load_address>
         <run_address>0x30e4</run_address>
         <size>0x1d0</size>
         <input_file_ref idref="fl-e0"/>
      </object_component>
      <object_component id="oc-1b7">
         <name>.text</name>
         <load_address>0x32b4</load_address>
         <run_address>0x32b4</run_address>
         <size>0x1b6</size>
         <input_file_ref idref="fl-ce"/>
      </object_component>
      <object_component id="oc-3e5">
         <name>.text</name>
         <load_address>0x346a</load_address>
         <run_address>0x346a</run_address>
         <size>0x2</size>
         <input_file_ref idref="fl-f3"/>
      </object_component>
      <object_component id="oc-f6">
         <name>.text</name>
         <load_address>0x346c</load_address>
         <run_address>0x346c</run_address>
         <size>0x1a4</size>
         <input_file_ref idref="fl-a"/>
      </object_component>
      <object_component id="oc-1dd">
         <name>.text</name>
         <load_address>0x3610</load_address>
         <run_address>0x3610</run_address>
         <size>0x158</size>
         <input_file_ref idref="fl-15"/>
      </object_component>
      <object_component id="oc-2f0">
         <name>.text:_pconv_e</name>
         <load_address>0x3768</load_address>
         <run_address>0x3768</run_address>
         <size>0x13c</size>
         <input_file_ref idref="fl-e0"/>
      </object_component>
      <object_component id="oc-12c">
         <name>.text</name>
         <load_address>0x38a4</load_address>
         <run_address>0x38a4</run_address>
         <size>0x136</size>
         <input_file_ref idref="fl-d0"/>
      </object_component>
      <object_component id="oc-38d">
         <name>.text:fcvt</name>
         <load_address>0x39dc</load_address>
         <run_address>0x39dc</run_address>
         <size>0x124</size>
         <input_file_ref idref="fl-e0"/>
      </object_component>
      <object_component id="oc-1e9">
         <name>.text</name>
         <load_address>0x3b00</load_address>
         <run_address>0x3b00</run_address>
         <size>0x118</size>
         <input_file_ref idref="fl-13"/>
      </object_component>
      <object_component id="oc-3a1">
         <name>.text:scalbn</name>
         <load_address>0x3c18</load_address>
         <run_address>0x3c18</run_address>
         <size>0x110</size>
         <input_file_ref idref="fl-f0"/>
      </object_component>
      <object_component id="oc-fc">
         <name>.text</name>
         <load_address>0x3d28</load_address>
         <run_address>0x3d28</run_address>
         <size>0x10c</size>
         <input_file_ref idref="fl-3"/>
      </object_component>
      <object_component id="oc-343">
         <name>.text:aligned_alloc</name>
         <load_address>0x3e34</load_address>
         <run_address>0x3e34</run_address>
         <size>0x100</size>
         <input_file_ref idref="fl-db"/>
      </object_component>
      <object_component id="oc-122">
         <name>.text</name>
         <load_address>0x3f34</load_address>
         <run_address>0x3f34</run_address>
         <size>0xfc</size>
         <input_file_ref idref="fl-d1"/>
      </object_component>
      <object_component id="oc-195">
         <name>.text:free</name>
         <load_address>0x4030</load_address>
         <run_address>0x4030</run_address>
         <size>0xe4</size>
         <input_file_ref idref="fl-db"/>
      </object_component>
      <object_component id="oc-2de">
         <name>.text:_ltostr</name>
         <load_address>0x4114</load_address>
         <run_address>0x4114</run_address>
         <size>0xb1</size>
         <input_file_ref idref="fl-e0"/>
      </object_component>
      <object_component id="oc-3e">
         <name>.text</name>
         <load_address>0x41c6</load_address>
         <run_address>0x41c6</run_address>
         <size>0x9c</size>
         <input_file_ref idref="fl-d6"/>
      </object_component>
      <object_component id="oc-374">
         <name>.text</name>
         <load_address>0x4262</load_address>
         <run_address>0x4262</run_address>
         <size>0x96</size>
         <input_file_ref idref="fl-e2"/>
      </object_component>
      <object_component id="oc-23c">
         <name>.text:__aeabi_cdcmple</name>
         <load_address>0x42f8</load_address>
         <run_address>0x42f8</run_address>
         <size>0x86</size>
         <input_file_ref idref="fl-cf"/>
      </object_component>
      <object_component id="oc-237">
         <name>.text:__aeabi_cdrcmple</name>
         <load_address>0x437e</load_address>
         <run_address>0x437e</run_address>
         <size>0x86</size>
         <input_file_ref idref="fl-cf"/>
      </object_component>
      <object_component id="oc-96">
         <name>.text</name>
         <load_address>0x4404</load_address>
         <run_address>0x4404</run_address>
         <size>0x7a</size>
         <input_file_ref idref="fl-e1"/>
      </object_component>
      <object_component id="oc-3d7">
         <name>.text:split</name>
         <load_address>0x4480</load_address>
         <run_address>0x4480</run_address>
         <size>0x70</size>
         <input_file_ref idref="fl-db"/>
      </object_component>
      <object_component id="oc-386">
         <name>.text:_mcpy</name>
         <load_address>0x44f0</load_address>
         <run_address>0x44f0</run_address>
         <size>0x6e</size>
         <input_file_ref idref="fl-e0"/>
      </object_component>
      <object_component id="oc-131">
         <name>.text</name>
         <load_address>0x455e</load_address>
         <run_address>0x455e</run_address>
         <size>0x6e</size>
         <input_file_ref idref="fl-d3"/>
      </object_component>
      <object_component id="oc-15">
         <name>.text:decompress:lzss:__TI_decompress_lzss</name>
         <load_address>0x45cc</load_address>
         <run_address>0x45cc</run_address>
         <size>0x68</size>
         <input_file_ref idref="fl-da"/>
      </object_component>
      <object_component id="oc-39b">
         <name>.text:frexp</name>
         <load_address>0x4634</load_address>
         <run_address>0x4634</run_address>
         <size>0x64</size>
         <input_file_ref idref="fl-ef"/>
      </object_component>
      <object_component id="oc-2ea">
         <name>.text:_pconv_f</name>
         <load_address>0x4698</load_address>
         <run_address>0x4698</run_address>
         <size>0x56</size>
         <input_file_ref idref="fl-e0"/>
      </object_component>
      <object_component id="oc-37a">
         <name>.text:__TI_ltoa</name>
         <load_address>0x46ee</load_address>
         <run_address>0x46ee</run_address>
         <size>0x54</size>
         <input_file_ref idref="fl-e8"/>
      </object_component>
      <object_component id="oc-380">
         <name>.text:_ecpy</name>
         <load_address>0x4742</load_address>
         <run_address>0x4742</run_address>
         <size>0x52</size>
         <input_file_ref idref="fl-e0"/>
      </object_component>
      <object_component id="oc-2d8">
         <name>.text:atoi</name>
         <load_address>0x4794</load_address>
         <run_address>0x4794</run_address>
         <size>0x4c</size>
         <input_file_ref idref="fl-ea"/>
      </object_component>
      <object_component id="oc-1fd">
         <name>.text</name>
         <load_address>0x47e0</load_address>
         <run_address>0x47e0</run_address>
         <size>0x48</size>
         <input_file_ref idref="fl-d2"/>
      </object_component>
      <object_component id="oc-15b">
         <name>.text:__TI_auto_init_nobinit_nopinit:__TI_auto_init_nobinit_nopinit</name>
         <load_address>0x4828</load_address>
         <run_address>0x4828</run_address>
         <size>0x44</size>
         <input_file_ref idref="fl-e3"/>
      </object_component>
      <object_component id="oc-113">
         <name>.text:sprintf</name>
         <load_address>0x486c</load_address>
         <run_address>0x486c</run_address>
         <size>0x40</size>
         <input_file_ref idref="fl-cc"/>
      </object_component>
      <object_component id="oc-1c7">
         <name>.text:vsnprintf</name>
         <load_address>0x48ac</load_address>
         <run_address>0x48ac</run_address>
         <size>0x40</size>
         <input_file_ref idref="fl-cd"/>
      </object_component>
      <object_component id="oc-393">
         <name>.text:_fcpy</name>
         <load_address>0x48ec</load_address>
         <run_address>0x48ec</run_address>
         <size>0x3e</size>
         <input_file_ref idref="fl-e0"/>
      </object_component>
      <object_component id="oc-18f">
         <name>.text:calloc</name>
         <load_address>0x492c</load_address>
         <run_address>0x492c</run_address>
         <size>0x38</size>
         <input_file_ref idref="fl-db"/>
      </object_component>
      <object_component id="oc-10e">
         <name>.text</name>
         <load_address>0x4964</load_address>
         <run_address>0x4964</run_address>
         <size>0x38</size>
         <input_file_ref idref="fl-d4"/>
      </object_component>
      <object_component id="oc-1a8">
         <name>.text:IntRegister</name>
         <load_address>0x499c</load_address>
         <run_address>0x499c</run_address>
         <size>0x34</size>
         <input_file_ref idref="fl-f4"/>
      </object_component>
      <object_component id="oc-5c">
         <name>.text:_c_int00_noargs:_c_int00_noargs</name>
         <load_address>0x49d0</load_address>
         <run_address>0x49d0</run_address>
         <size>0x34</size>
         <input_file_ref idref="fl-df"/>
      </object_component>
      <object_component id="oc-29a">
         <name>.text:_outs</name>
         <load_address>0x4a04</load_address>
         <run_address>0x4a04</run_address>
         <size>0x30</size>
         <input_file_ref idref="fl-cd"/>
      </object_component>
      <object_component id="oc-127">
         <name>.text</name>
         <load_address>0x4a34</load_address>
         <run_address>0x4a34</run_address>
         <size>0x2e</size>
         <input_file_ref idref="fl-d5"/>
      </object_component>
      <object_component id="oc-272">
         <name>.text:free_list_insert</name>
         <load_address>0x4a64</load_address>
         <run_address>0x4a64</run_address>
         <size>0x28</size>
         <input_file_ref idref="fl-db"/>
      </object_component>
      <object_component id="oc-1f8">
         <name>.text</name>
         <load_address>0x4a8c</load_address>
         <run_address>0x4a8c</run_address>
         <size>0x20</size>
         <input_file_ref idref="fl-d7"/>
      </object_component>
      <object_component id="oc-4a">
         <name>.text:decompress:ZI:__TI_zero_init_nomemset:__TI_zero_init_nomemset</name>
         <load_address>0x4aac</load_address>
         <run_address>0x4aac</run_address>
         <size>0x1c</size>
         <input_file_ref idref="fl-d8"/>
      </object_component>
      <object_component id="oc-26c">
         <name>.text:free_list_remove</name>
         <load_address>0x4ac8</load_address>
         <run_address>0x4ac8</run_address>
         <size>0x1c</size>
         <input_file_ref idref="fl-db"/>
      </object_component>
      <object_component id="oc-2fc">
         <name>.text:memccpy</name>
         <load_address>0x4ae4</load_address>
         <run_address>0x4ae4</run_address>
         <size>0x1c</size>
         <input_file_ref idref="fl-ec"/>
      </object_component>
      <object_component id="oc-3f8">
         <name>.text:copysign</name>
         <load_address>0x4b00</load_address>
         <run_address>0x4b00</run_address>
         <size>0x1a</size>
         <input_file_ref idref="fl-f1"/>
      </object_component>
      <object_component id="oc-2a0">
         <name>.text:_outc</name>
         <load_address>0x4b1a</load_address>
         <run_address>0x4b1a</run_address>
         <size>0x18</size>
         <input_file_ref idref="fl-cd"/>
      </object_component>
      <object_component id="oc-215">
         <name>.text:_outs</name>
         <load_address>0x4b32</load_address>
         <run_address>0x4b32</run_address>
         <size>0x18</size>
         <input_file_ref idref="fl-cc"/>
      </object_component>
      <object_component id="oc-19b">
         <name>.text:oi_parseInt</name>
         <load_address>0x4b4a</load_address>
         <run_address>0x4b4a</run_address>
         <size>0x18</size>
         <input_file_ref idref="fl-8"/>
      </object_component>
      <object_component id="oc-1a2">
         <name>.text:strcmp</name>
         <load_address>0x4b62</load_address>
         <run_address>0x4b62</run_address>
         <size>0x18</size>
         <input_file_ref idref="fl-dc"/>
      </object_component>
      <object_component id="oc-3a7">
         <name>.text:strchr</name>
         <load_address>0x4b7a</load_address>
         <run_address>0x4b7a</run_address>
         <size>0x16</size>
         <input_file_ref idref="fl-ed"/>
      </object_component>
      <object_component id="oc-1cd">
         <name>.text:strcpy</name>
         <load_address>0x4b90</load_address>
         <run_address>0x4b90</run_address>
         <size>0x14</size>
         <input_file_ref idref="fl-dd"/>
      </object_component>
      <object_component id="oc-108">
         <name>.text:strlen</name>
         <load_address>0x4ba4</load_address>
         <run_address>0x4ba4</run_address>
         <size>0x14</size>
         <input_file_ref idref="fl-de"/>
      </object_component>
      <object_component id="oc-302">
         <name>.text:wcslen</name>
         <load_address>0x4bb8</load_address>
         <run_address>0x4bb8</run_address>
         <size>0x12</size>
         <input_file_ref idref="fl-f2"/>
      </object_component>
      <object_component id="oc-1ae">
         <name>.text:IntMasterEnable</name>
         <load_address>0x4bca</load_address>
         <run_address>0x4bca</run_address>
         <size>0x10</size>
         <input_file_ref idref="fl-f4"/>
      </object_component>
      <object_component id="oc-e9">
         <name>.text:lcd_clear</name>
         <load_address>0x4bda</load_address>
         <run_address>0x4bda</run_address>
         <size>0x10</size>
         <input_file_ref idref="fl-5"/>
      </object_component>
      <object_component id="oc-1b">
         <name>.text:decompress:none:__TI_decompress_none</name>
         <load_address>0x4bea</load_address>
         <run_address>0x4bea</run_address>
         <size>0xe</size>
         <input_file_ref idref="fl-d9"/>
      </object_component>
      <object_component id="oc-285">
         <name>.text:CPUcpsie</name>
         <load_address>0x4bf8</load_address>
         <run_address>0x4bf8</run_address>
         <size>0xc</size>
         <input_file_ref idref="fl-f5"/>
      </object_component>
      <object_component id="oc-2a">
         <name>.text</name>
         <load_address>0x4c04</load_address>
         <run_address>0x4c04</run_address>
         <size>0xc</size>
         <input_file_ref idref="fl-9"/>
      </object_component>
      <object_component id="oc-21b">
         <name>.text:_outc</name>
         <load_address>0x4c10</load_address>
         <run_address>0x4c10</run_address>
         <size>0xa</size>
         <input_file_ref idref="fl-cc"/>
      </object_component>
      <object_component id="oc-308">
         <name>.text:__aeabi_errno_addr</name>
         <load_address>0x4c1c</load_address>
         <run_address>0x4c1c</run_address>
         <size>0x8</size>
         <input_file_ref idref="fl-ee"/>
      </object_component>
      <object_component id="oc-265">
         <name>.text:malloc</name>
         <load_address>0x4c24</load_address>
         <run_address>0x4c24</run_address>
         <size>0x8</size>
         <input_file_ref idref="fl-db"/>
      </object_component>
      <object_component id="oc-9c">
         <name>.text:_system_pre_init</name>
         <load_address>0x4c2c</load_address>
         <run_address>0x4c2c</run_address>
         <size>0x4</size>
         <input_file_ref idref="fl-e4"/>
      </object_component>
      <object_component id="oc-14f">
         <name>.text:abort:abort</name>
         <load_address>0x4c30</load_address>
         <run_address>0x4c30</run_address>
         <size>0x4</size>
         <input_file_ref idref="fl-e6"/>
      </object_component>
      <object_component id="oc-36f">
         <name>.const:.string:_ctypes_</name>
         <load_address>0x4c34</load_address>
         <run_address>0x4c34</run_address>
         <size>0x101</size>
         <input_file_ref idref="fl-eb"/>
      </object_component>
      <object_component id="oc-13c">
         <name>.const:.string:$P$T1$2</name>
         <load_address>0x4d35</load_address>
         <run_address>0x4d35</run_address>
         <size>0x21</size>
         <input_file_ref idref="fl-6"/>
      </object_component>
      <object_component id="oc-11f">
         <name>.const:.string:$P$T0$1</name>
         <load_address>0x4d56</load_address>
         <run_address>0x4d56</run_address>
         <size>0x17</size>
         <input_file_ref idref="fl-6"/>
      </object_component>
      <object_component id="oc-1bc">
         <name>.const:.string:$P$T0$3</name>
         <load_address>0x4d6d</load_address>
         <run_address>0x4d6d</run_address>
         <size>0xf</size>
         <input_file_ref idref="fl-8"/>
      </object_component>
      <object_component id="oc-1d3">
         <name>.const:.string:lineAddress$1</name>
         <load_address>0x4d7c</load_address>
         <run_address>0x4d7c</run_address>
         <size>0x4</size>
         <input_file_ref idref="fl-5"/>
      </object_component>
      <object_component id="oc-1d4">
         <name>.const:.string:lineAddresses$2</name>
         <load_address>0x4d80</load_address>
         <run_address>0x4d80</run_address>
         <size>0x4</size>
         <input_file_ref idref="fl-5"/>
      </object_component>
      <object_component id="oc-452">
         <name>.cinit..data.load</name>
         <load_address>0x4d88</load_address>
         <run_address>0x4d88</run_address>
         <size>0x19</size>
      </object_component>
      <object_component id="oc-44f">
         <name>__TI_handler_table</name>
         <load_address>0x4da4</load_address>
         <run_address>0x4da4</run_address>
         <size>0xc</size>
      </object_component>
      <object_component id="oc-453">
         <name>.cinit..bss.load</name>
         <load_address>0x4db0</load_address>
         <run_address>0x4db0</run_address>
         <size>0x8</size>
      </object_component>
      <object_component id="oc-451">
         <name>.cinit..vtable.load</name>
         <load_address>0x4db8</load_address>
         <run_address>0x4db8</run_address>
         <size>0x8</size>
      </object_component>
      <object_component id="oc-450">
         <name>__TI_cinit_table</name>
         <load_address>0x4dc0</load_address>
         <run_address>0x4dc0</run_address>
         <size>0x18</size>
      </object_component>
      <object_component id="oc-27b">
         <name>.vtable</name>
         <uninitialized>true</uninitialized>
         <run_address>0x20000000</run_address>
         <size>0x26c</size>
         <input_file_ref idref="fl-f4"/>
      </object_component>
      <object_component id="oc-1c2">
         <name>.data</name>
         <load_address>0x2000236c</load_address>
         <run_address>0x2000236c</run_address>
         <size>0x1</size>
         <input_file_ref idref="fl-2"/>
      </object_component>
      <object_component id="oc-1b4">
         <name>.data</name>
         <load_address>0x20002330</load_address>
         <run_address>0x20002330</run_address>
         <size>0x20</size>
         <input_file_ref idref="fl-8"/>
      </object_component>
      <object_component id="oc-1ef">
         <name>.data</name>
         <load_address>0x20002360</load_address>
         <run_address>0x20002360</run_address>
         <size>0x4</size>
         <input_file_ref idref="fl-12"/>
      </object_component>
      <object_component id="oc-208">
         <name>.data</name>
         <load_address>0x20002364</load_address>
         <run_address>0x20002364</run_address>
         <size>0x4</size>
         <input_file_ref idref="fl-16"/>
      </object_component>
      <object_component id="oc-34a">
         <name>.data:$O1$$</name>
         <load_address>0x20002358</load_address>
         <run_address>0x20002358</run_address>
         <size>0x8</size>
         <input_file_ref idref="fl-db"/>
      </object_component>
      <object_component id="oc-249">
         <name>.data:$O1$$</name>
         <load_address>0x20002350</load_address>
         <run_address>0x20002350</run_address>
         <size>0x8</size>
         <input_file_ref idref="fl-e7"/>
      </object_component>
      <object_component id="oc-3b7">
         <name>.data</name>
         <load_address>0x20002368</load_address>
         <run_address>0x20002368</run_address>
         <size>0x4</size>
         <input_file_ref idref="fl-ee"/>
      </object_component>
      <object_component id="oc-1d5">
         <name>.bss:lastbuffer$3</name>
         <uninitialized>true</uninitialized>
         <run_address>0x20002270</run_address>
         <size>0x54</size>
         <input_file_ref idref="fl-5"/>
      </object_component>
      <object_component id="oc-1bf">
         <name>.bss:firmware$2</name>
         <uninitialized>true</uninitialized>
         <run_address>0x200022f8</run_address>
         <size>0x18</size>
         <input_file_ref idref="fl-8"/>
      </object_component>
      <object_component id="oc-1c5">
         <name>.common:_timeout_ticks</name>
         <uninitialized>true</uninitialized>
         <run_address>0x20002310</run_address>
         <size>0x4</size>
      </object_component>
      <object_component id="oc-119">
         <name>.common:right_calibration_value</name>
         <uninitialized>true</uninitialized>
         <run_address>0x20002324</run_address>
         <size>0x4</size>
      </object_component>
      <object_component id="oc-11e">
         <name>.common:left_calibration_value</name>
         <uninitialized>true</uninitialized>
         <run_address>0x2000231c</run_address>
         <size>0x4</size>
      </object_component>
      <object_component id="oc-2be">
         <name>.common:isr_int_value</name>
         <uninitialized>true</uninitialized>
         <run_address>0x20002318</run_address>
         <size>0x4</size>
      </object_component>
      <object_component id="oc-2ba">
         <name>.common:risingEdge</name>
         <uninitialized>true</uninitialized>
         <run_address>0x20002328</run_address>
         <size>0x4</size>
      </object_component>
      <object_component id="oc-2bb">
         <name>.common:fallingEdge</name>
         <uninitialized>true</uninitialized>
         <run_address>0x20002314</run_address>
         <size>0x4</size>
      </object_component>
      <object_component id="oc-2bc">
         <name>.common:pulseLength</name>
         <uninitialized>true</uninitialized>
         <run_address>0x20002320</run_address>
         <size>0x4</size>
      </object_component>
      <object_component id="oc-2b7">
         <name>.common:isRisingEdge</name>
         <uninitialized>true</uninitialized>
         <run_address>0x2000232c</run_address>
         <size>0x1</size>
      </object_component>
      <object_component id="oc-205">
         <name>.common:isr_char_buffer</name>
         <uninitialized>true</uninitialized>
         <run_address>0x200022c4</run_address>
         <size>0x34</size>
      </object_component>
      <object_component id="oc-24">
         <name>.sysmem</name>
         <uninitialized>true</uninitialized>
         <run_address>0x20001270</run_address>
         <size>0x10</size>
         <input_file_ref idref="fl-db"/>
      </object_component>
      <object_component id="oc-456">
         <name>.sysmem</name>
         <uninitialized>true</uninitialized>
         <run_address>0x20001270</run_address>
         <size>0x0</size>
      </object_component>
      <object_component id="oc-27">
         <name>.stack</name>
         <uninitialized>true</uninitialized>
         <run_address>0x20000270</run_address>
         <size>0x4</size>
         <input_file_ref idref="fl-df"/>
      </object_component>
      <object_component id="oc-455">
         <name>.stack</name>
         <uninitialized>true</uninitialized>
         <run_address>0x20000270</run_address>
         <size>0x0</size>
      </object_component>
      <object_component id="oc-c5">
         <name>.debug_info</name>
         <load_address>0x0</load_address>
         <run_address>0x0</run_address>
         <size>0x2a9</size>
         <input_file_ref idref="fl-2"/>
      </object_component>
      <object_component id="oc-1c3">
         <name>.debug_info</name>
         <load_address>0x2a9</load_address>
         <run_address>0x2a9</run_address>
         <size>0xb7</size>
         <input_file_ref idref="fl-2"/>
      </object_component>
      <object_component id="oc-e1">
         <name>.debug_info</name>
         <load_address>0x360</load_address>
         <run_address>0x360</run_address>
         <size>0x4ff</size>
         <input_file_ref idref="fl-2"/>
      </object_component>
      <object_component id="oc-77">
         <name>.debug_info</name>
         <load_address>0x85f</load_address>
         <run_address>0x85f</run_address>
         <size>0x26b</size>
         <input_file_ref idref="fl-2"/>
      </object_component>
      <object_component id="oc-39">
         <name>.debug_info</name>
         <load_address>0xaca</load_address>
         <run_address>0xaca</run_address>
         <size>0x84</size>
         <input_file_ref idref="fl-2"/>
      </object_component>
      <object_component id="oc-c0">
         <name>.debug_info</name>
         <load_address>0xb4e</load_address>
         <run_address>0xb4e</run_address>
         <size>0x2a4</size>
         <input_file_ref idref="fl-2"/>
      </object_component>
      <object_component id="oc-7c">
         <name>.debug_info</name>
         <load_address>0xdf2</load_address>
         <run_address>0xdf2</run_address>
         <size>0xbb</size>
         <input_file_ref idref="fl-2"/>
      </object_component>
      <object_component id="oc-fd">
         <name>.debug_info</name>
         <load_address>0xead</load_address>
         <run_address>0xead</run_address>
         <size>0x138</size>
         <input_file_ref idref="fl-3"/>
      </object_component>
      <object_component id="oc-1d7">
         <name>.debug_info</name>
         <load_address>0xfe5</load_address>
         <run_address>0xfe5</run_address>
         <size>0x377</size>
         <input_file_ref idref="fl-5"/>
      </object_component>
      <object_component id="oc-ea">
         <name>.debug_info</name>
         <load_address>0x135c</load_address>
         <run_address>0x135c</run_address>
         <size>0x10c</size>
         <input_file_ref idref="fl-5"/>
      </object_component>
      <object_component id="oc-e5">
         <name>.debug_info</name>
         <load_address>0x1468</load_address>
         <run_address>0x1468</run_address>
         <size>0x898</size>
         <input_file_ref idref="fl-5"/>
      </object_component>
      <object_component id="oc-293">
         <name>.debug_info</name>
         <load_address>0x1d00</load_address>
         <run_address>0x1d00</run_address>
         <size>0xcc</size>
         <input_file_ref idref="fl-5"/>
      </object_component>
      <object_component id="oc-1d8">
         <name>.debug_info</name>
         <load_address>0x1dcc</load_address>
         <run_address>0x1dcc</run_address>
         <size>0x2c</size>
         <input_file_ref idref="fl-5"/>
      </object_component>
      <object_component id="oc-225">
         <name>.debug_info</name>
         <load_address>0x1df8</load_address>
         <run_address>0x1df8</run_address>
         <size>0x35</size>
         <input_file_ref idref="fl-5"/>
      </object_component>
      <object_component id="oc-11c">
         <name>.debug_info</name>
         <load_address>0x1e2d</load_address>
         <run_address>0x1e2d</run_address>
         <size>0x621</size>
         <input_file_ref idref="fl-6"/>
      </object_component>
      <object_component id="oc-120">
         <name>.debug_info</name>
         <load_address>0x244e</load_address>
         <run_address>0x244e</run_address>
         <size>0xb3</size>
         <input_file_ref idref="fl-6"/>
      </object_component>
      <object_component id="oc-13d">
         <name>.debug_info</name>
         <load_address>0x2501</load_address>
         <run_address>0x2501</run_address>
         <size>0xb3</size>
         <input_file_ref idref="fl-6"/>
      </object_component>
      <object_component id="oc-a3">
         <name>.debug_info</name>
         <load_address>0x25b4</load_address>
         <run_address>0x25b4</run_address>
         <size>0x76d</size>
         <input_file_ref idref="fl-6"/>
      </object_component>
      <object_component id="oc-145">
         <name>.debug_info</name>
         <load_address>0x2d21</load_address>
         <run_address>0x2d21</run_address>
         <size>0x9d</size>
         <input_file_ref idref="fl-6"/>
      </object_component>
      <object_component id="oc-22c">
         <name>.debug_info</name>
         <load_address>0x2dbe</load_address>
         <run_address>0x2dbe</run_address>
         <size>0x5aa</size>
         <input_file_ref idref="fl-6"/>
      </object_component>
      <object_component id="oc-140">
         <name>.debug_info</name>
         <load_address>0x3368</load_address>
         <run_address>0x3368</run_address>
         <size>0x8b</size>
         <input_file_ref idref="fl-6"/>
      </object_component>
      <object_component id="oc-ce">
         <name>.debug_info</name>
         <load_address>0x33f3</load_address>
         <run_address>0x33f3</run_address>
         <size>0x2c</size>
         <input_file_ref idref="fl-6"/>
      </object_component>
      <object_component id="oc-14a">
         <name>.debug_info</name>
         <load_address>0x341f</load_address>
         <run_address>0x341f</run_address>
         <size>0xcd</size>
         <input_file_ref idref="fl-6"/>
      </object_component>
      <object_component id="oc-242">
         <name>.debug_info</name>
         <load_address>0x34ec</load_address>
         <run_address>0x34ec</run_address>
         <size>0x322</size>
         <input_file_ref idref="fl-7"/>
      </object_component>
      <object_component id="oc-138">
         <name>.debug_info</name>
         <load_address>0x380e</load_address>
         <run_address>0x380e</run_address>
         <size>0x881</size>
         <input_file_ref idref="fl-7"/>
      </object_component>
      <object_component id="oc-1c1">
         <name>.debug_info</name>
         <load_address>0x408f</load_address>
         <run_address>0x408f</run_address>
         <size>0x3f4</size>
         <input_file_ref idref="fl-8"/>
      </object_component>
      <object_component id="oc-1b5">
         <name>.debug_info</name>
         <load_address>0x4483</load_address>
         <run_address>0x4483</run_address>
         <size>0x109</size>
         <input_file_ref idref="fl-8"/>
      </object_component>
      <object_component id="oc-1bd">
         <name>.debug_info</name>
         <load_address>0x458c</load_address>
         <run_address>0x458c</run_address>
         <size>0xbe</size>
         <input_file_ref idref="fl-8"/>
      </object_component>
      <object_component id="oc-19d">
         <name>.debug_info</name>
         <load_address>0x464a</load_address>
         <run_address>0x464a</run_address>
         <size>0x136</size>
         <input_file_ref idref="fl-8"/>
      </object_component>
      <object_component id="oc-da">
         <name>.debug_info</name>
         <load_address>0x4780</load_address>
         <run_address>0x4780</run_address>
         <size>0x1980</size>
         <input_file_ref idref="fl-8"/>
      </object_component>
      <object_component id="oc-32">
         <name>.debug_info</name>
         <load_address>0x6100</load_address>
         <run_address>0x6100</run_address>
         <size>0x293</size>
         <input_file_ref idref="fl-9"/>
      </object_component>
      <object_component id="oc-13">
         <name>.debug_info</name>
         <load_address>0x6393</load_address>
         <run_address>0x6393</run_address>
         <size>0xd2</size>
         <input_file_ref idref="fl-9"/>
      </object_component>
      <object_component id="oc-2c">
         <name>.debug_info</name>
         <load_address>0x6465</load_address>
         <run_address>0x6465</run_address>
         <size>0x24e</size>
         <input_file_ref idref="fl-9"/>
      </object_component>
      <object_component id="oc-203">
         <name>.debug_info</name>
         <load_address>0x66b3</load_address>
         <run_address>0x66b3</run_address>
         <size>0x24c</size>
         <input_file_ref idref="fl-a"/>
      </object_component>
      <object_component id="oc-fa">
         <name>.debug_info</name>
         <load_address>0x68ff</load_address>
         <run_address>0x68ff</run_address>
         <size>0x33d</size>
         <input_file_ref idref="fl-a"/>
      </object_component>
      <object_component id="oc-11a">
         <name>.debug_info</name>
         <load_address>0x6c3c</load_address>
         <run_address>0x6c3c</run_address>
         <size>0x485</size>
         <input_file_ref idref="fl-12"/>
      </object_component>
      <object_component id="oc-1f0">
         <name>.debug_info</name>
         <load_address>0x70c1</load_address>
         <run_address>0x70c1</run_address>
         <size>0x114</size>
         <input_file_ref idref="fl-12"/>
      </object_component>
      <object_component id="oc-f1">
         <name>.debug_info</name>
         <load_address>0x71d5</load_address>
         <run_address>0x71d5</run_address>
         <size>0x4ce</size>
         <input_file_ref idref="fl-12"/>
      </object_component>
      <object_component id="oc-1f3">
         <name>.debug_info</name>
         <load_address>0x76a3</load_address>
         <run_address>0x76a3</run_address>
         <size>0x9d</size>
         <input_file_ref idref="fl-12"/>
      </object_component>
      <object_component id="oc-2bf">
         <name>.debug_info</name>
         <load_address>0x7740</load_address>
         <run_address>0x7740</run_address>
         <size>0x2b7</size>
         <input_file_ref idref="fl-13"/>
      </object_component>
      <object_component id="oc-1ec">
         <name>.debug_info</name>
         <load_address>0x79f7</load_address>
         <run_address>0x79f7</run_address>
         <size>0x266</size>
         <input_file_ref idref="fl-13"/>
      </object_component>
      <object_component id="oc-2b8">
         <name>.debug_info</name>
         <load_address>0x7c5d</load_address>
         <run_address>0x7c5d</run_address>
         <size>0x3ba</size>
         <input_file_ref idref="fl-14"/>
      </object_component>
      <object_component id="oc-1e5">
         <name>.debug_info</name>
         <load_address>0x8017</load_address>
         <run_address>0x8017</run_address>
         <size>0x270</size>
         <input_file_ref idref="fl-14"/>
      </object_component>
      <object_component id="oc-1de">
         <name>.debug_info</name>
         <load_address>0x8287</load_address>
         <run_address>0x8287</run_address>
         <size>0x296</size>
         <input_file_ref idref="fl-15"/>
      </object_component>
      <object_component id="oc-206">
         <name>.debug_info</name>
         <load_address>0x851d</load_address>
         <run_address>0x851d</run_address>
         <size>0x32b</size>
         <input_file_ref idref="fl-16"/>
      </object_component>
      <object_component id="oc-209">
         <name>.debug_info</name>
         <load_address>0x8848</load_address>
         <run_address>0x8848</run_address>
         <size>0xee</size>
         <input_file_ref idref="fl-16"/>
      </object_component>
      <object_component id="oc-104">
         <name>.debug_info</name>
         <load_address>0x8936</load_address>
         <run_address>0x8936</run_address>
         <size>0x608</size>
         <input_file_ref idref="fl-16"/>
      </object_component>
      <object_component id="oc-2cf">
         <name>.debug_info</name>
         <load_address>0x8f3e</load_address>
         <run_address>0x8f3e</run_address>
         <size>0x26b</size>
         <input_file_ref idref="fl-16"/>
      </object_component>
      <object_component id="oc-36a">
         <name>.debug_info</name>
         <load_address>0x91a9</load_address>
         <run_address>0x91a9</run_address>
         <size>0x297</size>
         <input_file_ref idref="fl-16"/>
      </object_component>
      <object_component id="oc-2ca">
         <name>.debug_info</name>
         <load_address>0x9440</load_address>
         <run_address>0x9440</run_address>
         <size>0xbb</size>
         <input_file_ref idref="fl-16"/>
      </object_component>
      <object_component id="oc-222">
         <name>.debug_info</name>
         <load_address>0x94fb</load_address>
         <run_address>0x94fb</run_address>
         <size>0x333</size>
         <input_file_ref idref="fl-cc"/>
      </object_component>
      <object_component id="oc-115">
         <name>.debug_info</name>
         <load_address>0x982e</load_address>
         <run_address>0x982e</run_address>
         <size>0x1d1</size>
         <input_file_ref idref="fl-cc"/>
      </object_component>
      <object_component id="oc-216">
         <name>.debug_info</name>
         <load_address>0x99ff</load_address>
         <run_address>0x99ff</run_address>
         <size>0x18d</size>
         <input_file_ref idref="fl-cc"/>
      </object_component>
      <object_component id="oc-21d">
         <name>.debug_info</name>
         <load_address>0x9b8c</load_address>
         <run_address>0x9b8c</run_address>
         <size>0x16d</size>
         <input_file_ref idref="fl-cc"/>
      </object_component>
      <object_component id="oc-2a8">
         <name>.debug_info</name>
         <load_address>0x9cf9</load_address>
         <run_address>0x9cf9</run_address>
         <size>0x2c</size>
         <input_file_ref idref="fl-cc"/>
      </object_component>
      <object_component id="oc-2a7">
         <name>.debug_info</name>
         <load_address>0x9d25</load_address>
         <run_address>0x9d25</run_address>
         <size>0x340</size>
         <input_file_ref idref="fl-cd"/>
      </object_component>
      <object_component id="oc-1c8">
         <name>.debug_info</name>
         <load_address>0xa065</load_address>
         <run_address>0xa065</run_address>
         <size>0x208</size>
         <input_file_ref idref="fl-cd"/>
      </object_component>
      <object_component id="oc-29b">
         <name>.debug_info</name>
         <load_address>0xa26d</load_address>
         <run_address>0xa26d</run_address>
         <size>0x1c6</size>
         <input_file_ref idref="fl-cd"/>
      </object_component>
      <object_component id="oc-2a1">
         <name>.debug_info</name>
         <load_address>0xa433</load_address>
         <run_address>0xa433</run_address>
         <size>0x179</size>
         <input_file_ref idref="fl-cd"/>
      </object_component>
      <object_component id="oc-2ad">
         <name>.debug_info</name>
         <load_address>0xa5ac</load_address>
         <run_address>0xa5ac</run_address>
         <size>0x69</size>
         <input_file_ref idref="fl-cd"/>
      </object_component>
      <object_component id="oc-1b9">
         <name>.debug_info</name>
         <load_address>0xa615</load_address>
         <run_address>0xa615</run_address>
         <size>0x14c</size>
         <input_file_ref idref="fl-ce"/>
      </object_component>
      <object_component id="oc-23d">
         <name>.debug_info</name>
         <load_address>0xa761</load_address>
         <run_address>0xa761</run_address>
         <size>0x128</size>
         <input_file_ref idref="fl-cf"/>
      </object_component>
      <object_component id="oc-239">
         <name>.debug_info</name>
         <load_address>0xa889</load_address>
         <run_address>0xa889</run_address>
         <size>0x12a</size>
         <input_file_ref idref="fl-cf"/>
      </object_component>
      <object_component id="oc-12e">
         <name>.debug_info</name>
         <load_address>0xa9b3</load_address>
         <run_address>0xa9b3</run_address>
         <size>0x13a</size>
         <input_file_ref idref="fl-d0"/>
      </object_component>
      <object_component id="oc-125">
         <name>.debug_info</name>
         <load_address>0xaaed</load_address>
         <run_address>0xaaed</run_address>
         <size>0x13a</size>
         <input_file_ref idref="fl-d1"/>
      </object_component>
      <object_component id="oc-1fe">
         <name>.debug_info</name>
         <load_address>0xac27</load_address>
         <run_address>0xac27</run_address>
         <size>0x12e</size>
         <input_file_ref idref="fl-d2"/>
      </object_component>
      <object_component id="oc-132">
         <name>.debug_info</name>
         <load_address>0xad55</load_address>
         <run_address>0xad55</run_address>
         <size>0x13e</size>
         <input_file_ref idref="fl-d3"/>
      </object_component>
      <object_component id="oc-110">
         <name>.debug_info</name>
         <load_address>0xae93</load_address>
         <run_address>0xae93</run_address>
         <size>0x12c</size>
         <input_file_ref idref="fl-d4"/>
      </object_component>
      <object_component id="oc-129">
         <name>.debug_info</name>
         <load_address>0xafbf</load_address>
         <run_address>0xafbf</run_address>
         <size>0x12c</size>
         <input_file_ref idref="fl-d5"/>
      </object_component>
      <object_component id="oc-3f">
         <name>.debug_info</name>
         <load_address>0xb0eb</load_address>
         <run_address>0xb0eb</run_address>
         <size>0x119</size>
         <input_file_ref idref="fl-d6"/>
      </object_component>
      <object_component id="oc-1f9">
         <name>.debug_info</name>
         <load_address>0xb204</load_address>
         <run_address>0xb204</run_address>
         <size>0x12e</size>
         <input_file_ref idref="fl-d7"/>
      </object_component>
      <object_component id="oc-95">
         <name>.debug_info</name>
         <load_address>0xb332</load_address>
         <run_address>0xb332</run_address>
         <size>0x2d4</size>
         <input_file_ref idref="fl-d8"/>
      </object_component>
      <object_component id="oc-4e">
         <name>.debug_info</name>
         <load_address>0xb606</load_address>
         <run_address>0xb606</run_address>
         <size>0x1d2</size>
         <input_file_ref idref="fl-d8"/>
      </object_component>
      <object_component id="oc-90">
         <name>.debug_info</name>
         <load_address>0xb7d8</load_address>
         <run_address>0xb7d8</run_address>
         <size>0x46</size>
         <input_file_ref idref="fl-d8"/>
      </object_component>
      <object_component id="oc-49">
         <name>.debug_info</name>
         <load_address>0xb81e</load_address>
         <run_address>0xb81e</run_address>
         <size>0x2a8</size>
         <input_file_ref idref="fl-d9"/>
      </object_component>
      <object_component id="oc-1d">
         <name>.debug_info</name>
         <load_address>0xbac6</load_address>
         <run_address>0xbac6</run_address>
         <size>0x1ea</size>
         <input_file_ref idref="fl-d9"/>
      </object_component>
      <object_component id="oc-44">
         <name>.debug_info</name>
         <load_address>0xbcb0</load_address>
         <run_address>0xbcb0</run_address>
         <size>0x46</size>
         <input_file_ref idref="fl-d9"/>
      </object_component>
      <object_component id="oc-88">
         <name>.debug_info</name>
         <load_address>0xbcf6</load_address>
         <run_address>0xbcf6</run_address>
         <size>0x2c</size>
         <input_file_ref idref="fl-d9"/>
      </object_component>
      <object_component id="oc-86">
         <name>.debug_info</name>
         <load_address>0xbd22</load_address>
         <run_address>0xbd22</run_address>
         <size>0x29e</size>
         <input_file_ref idref="fl-da"/>
      </object_component>
      <object_component id="oc-18">
         <name>.debug_info</name>
         <load_address>0xbfc0</load_address>
         <run_address>0xbfc0</run_address>
         <size>0x250</size>
         <input_file_ref idref="fl-da"/>
      </object_component>
      <object_component id="oc-34">
         <name>.debug_info</name>
         <load_address>0xc210</load_address>
         <run_address>0xc210</run_address>
         <size>0x60</size>
         <input_file_ref idref="fl-da"/>
      </object_component>
      <object_component id="oc-c7">
         <name>.debug_info</name>
         <load_address>0xc270</load_address>
         <run_address>0xc270</run_address>
         <size>0x46</size>
         <input_file_ref idref="fl-da"/>
      </object_component>
      <object_component id="oc-81">
         <name>.debug_info</name>
         <load_address>0xc2b6</load_address>
         <run_address>0xc2b6</run_address>
         <size>0x39</size>
         <input_file_ref idref="fl-da"/>
      </object_component>
      <object_component id="oc-70">
         <name>.debug_info</name>
         <load_address>0xc2ef</load_address>
         <run_address>0xc2ef</run_address>
         <size>0x3b2</size>
         <input_file_ref idref="fl-db"/>
      </object_component>
      <object_component id="oc-25">
         <name>.debug_info</name>
         <load_address>0xc6a1</load_address>
         <run_address>0xc6a1</run_address>
         <size>0x10c</size>
         <input_file_ref idref="fl-db"/>
      </object_component>
      <object_component id="oc-34b">
         <name>.debug_info</name>
         <load_address>0xc7ad</load_address>
         <run_address>0xc7ad</run_address>
         <size>0x13f</size>
         <input_file_ref idref="fl-db"/>
      </object_component>
      <object_component id="oc-266">
         <name>.debug_info</name>
         <load_address>0xc8ec</load_address>
         <run_address>0xc8ec</run_address>
         <size>0x168</size>
         <input_file_ref idref="fl-db"/>
      </object_component>
      <object_component id="oc-26d">
         <name>.debug_info</name>
         <load_address>0xca54</load_address>
         <run_address>0xca54</run_address>
         <size>0x18e</size>
         <input_file_ref idref="fl-db"/>
      </object_component>
      <object_component id="oc-273">
         <name>.debug_info</name>
         <load_address>0xcbe2</load_address>
         <run_address>0xcbe2</run_address>
         <size>0x19f</size>
         <input_file_ref idref="fl-db"/>
      </object_component>
      <object_component id="oc-196">
         <name>.debug_info</name>
         <load_address>0xcd81</load_address>
         <run_address>0xcd81</run_address>
         <size>0x203</size>
         <input_file_ref idref="fl-db"/>
      </object_component>
      <object_component id="oc-3d8">
         <name>.debug_info</name>
         <load_address>0xcf84</load_address>
         <run_address>0xcf84</run_address>
         <size>0x1db</size>
         <input_file_ref idref="fl-db"/>
      </object_component>
      <object_component id="oc-190">
         <name>.debug_info</name>
         <load_address>0xd15f</load_address>
         <run_address>0xd15f</run_address>
         <size>0x1a5</size>
         <input_file_ref idref="fl-db"/>
      </object_component>
      <object_component id="oc-344">
         <name>.debug_info</name>
         <load_address>0xd304</load_address>
         <run_address>0xd304</run_address>
         <size>0x299</size>
         <input_file_ref idref="fl-db"/>
      </object_component>
      <object_component id="oc-bb">
         <name>.debug_info</name>
         <load_address>0xd59d</load_address>
         <run_address>0xd59d</run_address>
         <size>0xb2</size>
         <input_file_ref idref="fl-db"/>
      </object_component>
      <object_component id="oc-b6">
         <name>.debug_info</name>
         <load_address>0xd64f</load_address>
         <run_address>0xd64f</run_address>
         <size>0x2c</size>
         <input_file_ref idref="fl-db"/>
      </object_component>
      <object_component id="oc-27a">
         <name>.debug_info</name>
         <load_address>0xd67b</load_address>
         <run_address>0xd67b</run_address>
         <size>0x28a</size>
         <input_file_ref idref="fl-dc"/>
      </object_component>
      <object_component id="oc-1a4">
         <name>.debug_info</name>
         <load_address>0xd905</load_address>
         <run_address>0xd905</run_address>
         <size>0x273</size>
         <input_file_ref idref="fl-dc"/>
      </object_component>
      <object_component id="oc-2b3">
         <name>.debug_info</name>
         <load_address>0xdb78</load_address>
         <run_address>0xdb78</run_address>
         <size>0x2a4</size>
         <input_file_ref idref="fl-dd"/>
      </object_component>
      <object_component id="oc-1ce">
         <name>.debug_info</name>
         <load_address>0xde1c</load_address>
         <run_address>0xde1c</run_address>
         <size>0x24d</size>
         <input_file_ref idref="fl-dd"/>
      </object_component>
      <object_component id="oc-20d">
         <name>.debug_info</name>
         <load_address>0xe069</load_address>
         <run_address>0xe069</run_address>
         <size>0x28f</size>
         <input_file_ref idref="fl-de"/>
      </object_component>
      <object_component id="oc-10c">
         <name>.debug_info</name>
         <load_address>0xe2f8</load_address>
         <run_address>0xe2f8</run_address>
         <size>0x245</size>
         <input_file_ref idref="fl-de"/>
      </object_component>
      <object_component id="oc-28">
         <name>.debug_info</name>
         <load_address>0xe53d</load_address>
         <run_address>0xe53d</run_address>
         <size>0x10b</size>
         <input_file_ref idref="fl-df"/>
      </object_component>
      <object_component id="oc-5d">
         <name>.debug_info</name>
         <load_address>0xe648</load_address>
         <run_address>0xe648</run_address>
         <size>0x1a9</size>
         <input_file_ref idref="fl-df"/>
      </object_component>
      <object_component id="oc-30f">
         <name>.debug_info</name>
         <load_address>0xe7f1</load_address>
         <run_address>0xe7f1</run_address>
         <size>0x590</size>
         <input_file_ref idref="fl-e0"/>
      </object_component>
      <object_component id="oc-2df">
         <name>.debug_info</name>
         <load_address>0xed81</load_address>
         <run_address>0xed81</run_address>
         <size>0x21e</size>
         <input_file_ref idref="fl-e0"/>
      </object_component>
      <object_component id="oc-381">
         <name>.debug_info</name>
         <load_address>0xef9f</load_address>
         <run_address>0xef9f</run_address>
         <size>0x1b3</size>
         <input_file_ref idref="fl-e0"/>
      </object_component>
      <object_component id="oc-387">
         <name>.debug_info</name>
         <load_address>0xf152</load_address>
         <run_address>0xf152</run_address>
         <size>0x21b</size>
         <input_file_ref idref="fl-e0"/>
      </object_component>
      <object_component id="oc-2e5">
         <name>.debug_info</name>
         <load_address>0xf36d</load_address>
         <run_address>0xf36d</run_address>
         <size>0x3c0</size>
         <input_file_ref idref="fl-e0"/>
      </object_component>
      <object_component id="oc-38e">
         <name>.debug_info</name>
         <load_address>0xf72d</load_address>
         <run_address>0xf72d</run_address>
         <size>0x30a</size>
         <input_file_ref idref="fl-e0"/>
      </object_component>
      <object_component id="oc-394">
         <name>.debug_info</name>
         <load_address>0xfa37</load_address>
         <run_address>0xfa37</run_address>
         <size>0x215</size>
         <input_file_ref idref="fl-e0"/>
      </object_component>
      <object_component id="oc-2eb">
         <name>.debug_info</name>
         <load_address>0xfc4c</load_address>
         <run_address>0xfc4c</run_address>
         <size>0x215</size>
         <input_file_ref idref="fl-e0"/>
      </object_component>
      <object_component id="oc-2f1">
         <name>.debug_info</name>
         <load_address>0xfe61</load_address>
         <run_address>0xfe61</run_address>
         <size>0x304</size>
         <input_file_ref idref="fl-e0"/>
      </object_component>
      <object_component id="oc-2f7">
         <name>.debug_info</name>
         <load_address>0x10165</load_address>
         <run_address>0x10165</run_address>
         <size>0x4b5</size>
         <input_file_ref idref="fl-e0"/>
      </object_component>
      <object_component id="oc-210">
         <name>.debug_info</name>
         <load_address>0x1061a</load_address>
         <run_address>0x1061a</run_address>
         <size>0x5f4</size>
         <input_file_ref idref="fl-e0"/>
      </object_component>
      <object_component id="oc-310">
         <name>.debug_info</name>
         <load_address>0x10c0e</load_address>
         <run_address>0x10c0e</run_address>
         <size>0x86</size>
         <input_file_ref idref="fl-e0"/>
      </object_component>
      <object_component id="oc-3be">
         <name>.debug_info</name>
         <load_address>0x10c94</load_address>
         <run_address>0x10c94</run_address>
         <size>0x39</size>
         <input_file_ref idref="fl-e0"/>
      </object_component>
      <object_component id="oc-40f">
         <name>.debug_info</name>
         <load_address>0x10ccd</load_address>
         <run_address>0x10ccd</run_address>
         <size>0xb6</size>
         <input_file_ref idref="fl-e0"/>
      </object_component>
      <object_component id="oc-3c3">
         <name>.debug_info</name>
         <load_address>0x10d83</load_address>
         <run_address>0x10d83</run_address>
         <size>0x46</size>
         <input_file_ref idref="fl-e0"/>
      </object_component>
      <object_component id="oc-315">
         <name>.debug_info</name>
         <load_address>0x10dc9</load_address>
         <run_address>0x10dc9</run_address>
         <size>0x46</size>
         <input_file_ref idref="fl-e0"/>
      </object_component>
      <object_component id="oc-98">
         <name>.debug_info</name>
         <load_address>0x10e0f</load_address>
         <run_address>0x10e0f</run_address>
         <size>0x147</size>
         <input_file_ref idref="fl-e1"/>
      </object_component>
      <object_component id="oc-377">
         <name>.debug_info</name>
         <load_address>0x10f56</load_address>
         <run_address>0x10f56</run_address>
         <size>0x134</size>
         <input_file_ref idref="fl-e2"/>
      </object_component>
      <object_component id="oc-250">
         <name>.debug_info</name>
         <load_address>0x1108a</load_address>
         <run_address>0x1108a</run_address>
         <size>0x4b3</size>
         <input_file_ref idref="fl-e3"/>
      </object_component>
      <object_component id="oc-15c">
         <name>.debug_info</name>
         <load_address>0x1153d</load_address>
         <run_address>0x1153d</run_address>
         <size>0x1a6</size>
         <input_file_ref idref="fl-e3"/>
      </object_component>
      <object_component id="oc-332">
         <name>.debug_info</name>
         <load_address>0x116e3</load_address>
         <run_address>0x116e3</run_address>
         <size>0x39</size>
         <input_file_ref idref="fl-e3"/>
      </object_component>
      <object_component id="oc-3cb">
         <name>.debug_info</name>
         <load_address>0x1171c</load_address>
         <run_address>0x1171c</run_address>
         <size>0x39</size>
         <input_file_ref idref="fl-e3"/>
      </object_component>
      <object_component id="oc-337">
         <name>.debug_info</name>
         <load_address>0x11755</load_address>
         <run_address>0x11755</run_address>
         <size>0x39</size>
         <input_file_ref idref="fl-e3"/>
      </object_component>
      <object_component id="oc-33c">
         <name>.debug_info</name>
         <load_address>0x1178e</load_address>
         <run_address>0x1178e</run_address>
         <size>0xcd</size>
         <input_file_ref idref="fl-e3"/>
      </object_component>
      <object_component id="oc-9d">
         <name>.debug_info</name>
         <load_address>0x1185b</load_address>
         <run_address>0x1185b</run_address>
         <size>0x153</size>
         <input_file_ref idref="fl-e4"/>
      </object_component>
      <object_component id="oc-150">
         <name>.debug_info</name>
         <load_address>0x119ae</load_address>
         <run_address>0x119ae</run_address>
         <size>0x122</size>
         <input_file_ref idref="fl-e6"/>
      </object_component>
      <object_component id="oc-32c">
         <name>.debug_info</name>
         <load_address>0x11ad0</load_address>
         <run_address>0x11ad0</run_address>
         <size>0x2c9</size>
         <input_file_ref idref="fl-e7"/>
      </object_component>
      <object_component id="oc-24a">
         <name>.debug_info</name>
         <load_address>0x11d99</load_address>
         <run_address>0x11d99</run_address>
         <size>0x11e</size>
         <input_file_ref idref="fl-e7"/>
      </object_component>
      <object_component id="oc-326">
         <name>.debug_info</name>
         <load_address>0x11eb7</load_address>
         <run_address>0x11eb7</run_address>
         <size>0x12e</size>
         <input_file_ref idref="fl-e7"/>
      </object_component>
      <object_component id="oc-3ec">
         <name>.debug_info</name>
         <load_address>0x11fe5</load_address>
         <run_address>0x11fe5</run_address>
         <size>0x29c</size>
         <input_file_ref idref="fl-e8"/>
      </object_component>
      <object_component id="oc-37e">
         <name>.debug_info</name>
         <load_address>0x12281</load_address>
         <run_address>0x12281</run_address>
         <size>0x1da</size>
         <input_file_ref idref="fl-e8"/>
      </object_component>
      <object_component id="oc-373">
         <name>.debug_info</name>
         <load_address>0x1245b</load_address>
         <run_address>0x1245b</run_address>
         <size>0x2b9</size>
         <input_file_ref idref="fl-ea"/>
      </object_component>
      <object_component id="oc-2dc">
         <name>.debug_info</name>
         <load_address>0x12714</load_address>
         <run_address>0x12714</run_address>
         <size>0x17c</size>
         <input_file_ref idref="fl-ea"/>
      </object_component>
      <object_component id="oc-3e2">
         <name>.debug_info</name>
         <load_address>0x12890</load_address>
         <run_address>0x12890</run_address>
         <size>0xf9</size>
         <input_file_ref idref="fl-eb"/>
      </object_component>
      <object_component id="oc-370">
         <name>.debug_info</name>
         <load_address>0x12989</load_address>
         <run_address>0x12989</run_address>
         <size>0x105</size>
         <input_file_ref idref="fl-eb"/>
      </object_component>
      <object_component id="oc-3af">
         <name>.debug_info</name>
         <load_address>0x12a8e</load_address>
         <run_address>0x12a8e</run_address>
         <size>0x2a7</size>
         <input_file_ref idref="fl-ec"/>
      </object_component>
      <object_component id="oc-2fd">
         <name>.debug_info</name>
         <load_address>0x12d35</load_address>
         <run_address>0x12d35</run_address>
         <size>0x1b8</size>
         <input_file_ref idref="fl-ec"/>
      </object_component>
      <object_component id="oc-401">
         <name>.debug_info</name>
         <load_address>0x12eed</load_address>
         <run_address>0x12eed</run_address>
         <size>0x29a</size>
         <input_file_ref idref="fl-ed"/>
      </object_component>
      <object_component id="oc-3aa">
         <name>.debug_info</name>
         <load_address>0x13187</load_address>
         <run_address>0x13187</run_address>
         <size>0x262</size>
         <input_file_ref idref="fl-ed"/>
      </object_component>
      <object_component id="oc-3bb">
         <name>.debug_info</name>
         <load_address>0x133e9</load_address>
         <run_address>0x133e9</run_address>
         <size>0x289</size>
         <input_file_ref idref="fl-ee"/>
      </object_component>
      <object_component id="oc-3b8">
         <name>.debug_info</name>
         <load_address>0x13672</load_address>
         <run_address>0x13672</run_address>
         <size>0x10e</size>
         <input_file_ref idref="fl-ee"/>
      </object_component>
      <object_component id="oc-309">
         <name>.debug_info</name>
         <load_address>0x13780</load_address>
         <run_address>0x13780</run_address>
         <size>0x14e</size>
         <input_file_ref idref="fl-ee"/>
      </object_component>
      <object_component id="oc-3f2">
         <name>.debug_info</name>
         <load_address>0x138ce</load_address>
         <run_address>0x138ce</run_address>
         <size>0x295</size>
         <input_file_ref idref="fl-ef"/>
      </object_component>
      <object_component id="oc-39c">
         <name>.debug_info</name>
         <load_address>0x13b63</load_address>
         <run_address>0x13b63</run_address>
         <size>0x195</size>
         <input_file_ref idref="fl-ef"/>
      </object_component>
      <object_component id="oc-41c">
         <name>.debug_info</name>
         <load_address>0x13cf8</load_address>
         <run_address>0x13cf8</run_address>
         <size>0x39</size>
         <input_file_ref idref="fl-ef"/>
      </object_component>
      <object_component id="oc-3f3">
         <name>.debug_info</name>
         <load_address>0x13d31</load_address>
         <run_address>0x13d31</run_address>
         <size>0x2c</size>
         <input_file_ref idref="fl-ef"/>
      </object_component>
      <object_component id="oc-3ff">
         <name>.debug_info</name>
         <load_address>0x13d5d</load_address>
         <run_address>0x13d5d</run_address>
         <size>0x2f8</size>
         <input_file_ref idref="fl-f0"/>
      </object_component>
      <object_component id="oc-3a2">
         <name>.debug_info</name>
         <load_address>0x14055</load_address>
         <run_address>0x14055</run_address>
         <size>0x225</size>
         <input_file_ref idref="fl-f0"/>
      </object_component>
      <object_component id="oc-3fb">
         <name>.debug_info</name>
         <load_address>0x1427a</load_address>
         <run_address>0x1427a</run_address>
         <size>0x161</size>
         <input_file_ref idref="fl-f1"/>
      </object_component>
      <object_component id="oc-3b6">
         <name>.debug_info</name>
         <load_address>0x143db</load_address>
         <run_address>0x143db</run_address>
         <size>0x28f</size>
         <input_file_ref idref="fl-f2"/>
[...]
         <object_component_ref idref="oc-d7"/>
      </symbol>
      <symbol id="sm-269">
         <name>oi_uartSendBuff</name>
         <value>0xa77</value>
         <object_component_ref idref="oc-d7"/>
      </symbol>
      <symbol id="sm-26a">
         <name>oi_checkFirmware</name>
         <value>0xaa9</value>
         <object_component_ref idref="oc-d7"/>
      </symbol>
      <symbol id="sm-26b">
         <name>oi_init_noupdate</name>
         <value>0x289</value>
         <object_component_ref idref="oc-d7"/>
      </symbol>
      <symbol id="sm-26c">
         <name>oi_uartSendChar</name>
         <value>0xa15</value>
         <object_component_ref idref="oc-d7"/>
      </symbol>
      <symbol id="sm-26d">
         <name>oi_alloc</name>
         <value>0x26d</value>
         <object_component_ref idref="oc-d7"/>
      </symbol>
      <symbol id="sm-26e">
         <name>oi_getMotorCalibrationLeft</name>
         <value>0xded</value>
         <object_component_ref idref="oc-d7"/>
      </symbol>
      <symbol id="sm-26f">
         <name>oi_loadSong</name>
         <value>0x915</value>
         <object_component_ref idref="oc-d7"/>
      </symbol>
      <symbol id="sm-270">
         <name>oi_play_song</name>
         <value>0x96b</value>
         <object_component_ref idref="oc-d7"/>
      </symbol>
      <symbol id="sm-271">
         <name>oi_parsePacket</name>
         <value>0x32b</value>
         <object_component_ref idref="oc-d7"/>
      </symbol>
      <symbol id="sm-272">
         <name>oi_setLeds</name>
         <value>0x84b</value>
         <object_component_ref idref="oc-d7"/>
      </symbol>
      <symbol id="sm-273">
         <name>oi_init</name>
         <value>0x2b1</value>
         <object_component_ref idref="oc-d7"/>
      </symbol>
      <symbol id="sm-274">
         <name>oi_update</name>
         <value>0x2d9</value>
         <object_component_ref idref="oc-d7"/>
      </symbol>
      <symbol id="sm-275">
         <name>oi_uartInit</name>
         <value>0x98d</value>
         <object_component_ref idref="oc-d7"/>
      </symbol>
      <symbol id="sm-291">
         <name>ResetISR</name>
         <value>0x4c05</value>
         <object_component_ref idref="oc-2a"/>
      </symbol>
      <symbol id="sm-292">
         <name>g_pfnVectors</name>
         <value>0x0</value>
         <object_component_ref idref="oc-12"/>
      </symbol>
      <symbol id="sm-2c1">
         <name>uart_sendChar</name>
         <value>0x3523</value>
         <object_component_ref idref="oc-f6"/>
      </symbol>
      <symbol id="sm-2c2">
         <name>uart_init</name>
         <value>0x346d</value>
         <object_component_ref idref="oc-f6"/>
      </symbol>
      <symbol id="sm-2c3">
         <name>uart_receive_nonblocking</name>
         <value>0x3575</value>
         <object_component_ref idref="oc-f6"/>
      </symbol>
      <symbol id="sm-2c4">
         <name>uart_receive</name>
         <value>0x3547</value>
         <object_component_ref idref="oc-f6"/>
      </symbol>
      <symbol id="sm-2c5">
         <name>uart_sendStr</name>
         <value>0x359b</value>
         <object_component_ref idref="oc-f6"/>
      </symbol>
      <symbol id="sm-301">
         <name>cyBOT_SERVO_cal</name>
         <value>0x2b29</value>
         <object_component_ref idref="oc-f0"/>
      </symbol>
      <symbol id="sm-302">
         <name>cyBOT_Scan</name>
         <value>0x2ab7</value>
         <object_component_ref idref="oc-f0"/>
      </symbol>
      <symbol id="sm-303">
         <name>cyBOT_scan_features</name>
         <value>0x20002360</value>
         <object_component_ref idref="oc-1ef"/>
      </symbol>
      <symbol id="sm-304">
         <name>cyBOT_scan_version</name>
         <value>0x2a51</value>
         <object_component_ref idref="oc-f0"/>
      </symbol>
      <symbol id="sm-305">
         <name>cyBOT_init_Scan</name>
         <value>0x2a5f</value>
         <object_component_ref idref="oc-f0"/>
      </symbol>
      <symbol id="sm-32c">
         <name>isr_int_value</name>
         <value>0x20002318</value>
      </symbol>
      <symbol id="sm-32d">
         <name>ir_enableInterrupt</name>
         <value>0x3baf</value>
         <object_component_ref idref="oc-1e9"/>
      </symbol>
      <symbol id="sm-32e">
         <name>ir_getDistance</name>
         <value>0x3b91</value>
         <object_component_ref idref="oc-1e9"/>
      </symbol>
      <symbol id="sm-32f">
         <name>ir_init</name>
         <value>0x3b01</value>
         <object_component_ref idref="oc-1e9"/>
      </symbol>
      <symbol id="sm-330">
         <name>ADC0SS0_Handler</name>
         <value>0x3b99</value>
         <object_component_ref idref="oc-1e9"/>
      </symbol>
      <symbol id="sm-331">
         <name>ir_getValue</name>
         <value>0x3b69</value>
         <object_component_ref idref="oc-1e9"/>
      </symbol>
      <symbol id="sm-360">
         <name>risingEdge</name>
         <value>0x20002328</value>
      </symbol>
      <symbol id="sm-361">
         <name>fallingEdge</name>
         <value>0x20002314</value>
      </symbol>
      <symbol id="sm-362">
         <name>pulseLength</name>
         <value>0x20002320</value>
      </symbol>
      <symbol id="sm-363">
         <name>isRisingEdge</name>
         <value>0x2000232c</value>
      </symbol>
      <symbol id="sm-364">
         <name>TIMER3B_Handler</name>
         <value>0x2fe9</value>
         <object_component_ref idref="oc-1e3"/>
      </symbol>
      <symbol id="sm-365">
         <name>ping_init</name>
         <value>0x2ef9</value>
         <object_component_ref idref="oc-1e3"/>
      </symbol>
      <symbol id="sm-366">
         <name>ping_getDistance</name>
         <value>0x303b</value>
         <object_component_ref idref="oc-1e3"/>
      </symbol>
      <symbol id="sm-367">
         <name>ping_trigger</name>
         <value>0x2f7f</value>
         <object_component_ref idref="oc-1e3"/>
      </symbol>
      <symbol id="sm-389">
         <name>servo_move</name>
         <value>0x36a1</value>
         <object_component_ref idref="oc-1dd"/>
      </symbol>
      <symbol id="sm-38a">
         <name>servo_init</name>
         <value>0x3611</value>
         <object_component_ref idref="oc-1dd"/>
      </symbol>
      <symbol id="sm-38b">
         <name>servo_stop</name>
         <value>0x3695</value>
         <object_component_ref idref="oc-1dd"/>
      </symbol>
      <symbol id="sm-38c">
         <name>servo_setPWM</name>
         <value>0x3701</value>
         <object_component_ref idref="oc-1dd"/>
      </symbol>
      <symbol id="sm-3d0">
         <name>isr_char_buffer</name>
         <value>0x200022c4</value>
      </symbol>
      <symbol id="sm-3d1">
         <name>cyBot_uart_init_clean</name>
         <value>0x25ef</value>
         <object_component_ref idref="oc-102"/>
      </symbol>
      <symbol id="sm-3d2">
         <name>cyBot_sendByte</name>
         <value>0x2539</value>
         <object_component_ref idref="oc-102"/>
      </symbol>
      <symbol id="sm-3d3">
         <name>cyBot_uart_sendStr</name>
         <value>0x2545</value>
         <object_component_ref idref="oc-102"/>
      </symbol>
      <symbol id="sm-3d4">
         <name>cyBot_getByte_blocking</name>
         <value>0x2777</value>
         <object_component_ref idref="oc-102"/>
      </symbol>
      <symbol id="sm-3d5">
         <name>cyBot_getByte_nonblocking</name>
         <value>0x2757</value>
         <object_component_ref idref="oc-102"/>
      </symbol>
      <symbol id="sm-3d6">
         <name>isr_counter</name>
         <value>0x20002364</value>
         <object_component_ref idref="oc-208"/>
      </symbol>
      <symbol id="sm-3d7">
         <name>cyBot_uart_sendBuffer</name>
         <value>0x255f</value>
         <object_component_ref idref="oc-102"/>
      </symbol>
      <symbol id="sm-3d8">
         <name>cyBot_uart_init_PHJ_first_half</name>
         <value>0x2647</value>
         <object_component_ref idref="oc-102"/>
      </symbol>
      <symbol id="sm-3d9">
         <name>cyBot_uart_init_last_half</name>
         <value>0x2577</value>
         <object_component_ref idref="oc-102"/>
      </symbol>
      <symbol id="sm-3da">
         <name>cyBot_uart_flush</name>
         <value>0x273d</value>
         <object_component_ref idref="oc-102"/>
      </symbol>
      <symbol id="sm-3db">
         <name>cyBot_UART1_Handler</name>
         <value>0x2785</value>
         <object_component_ref idref="oc-102"/>
      </symbol>
      <symbol id="sm-3dc">
         <name>cyBot_uart_init</name>
         <value>0x26a7</value>
         <object_component_ref idref="oc-102"/>
      </symbol>
      <symbol id="sm-403">
         <name>sprintf</name>
         <value>0x486d</value>
         <object_component_ref idref="oc-113"/>
      </symbol>
      <symbol id="sm-42d">
         <name>vsnprintf</name>
         <value>0x48ad</value>
         <object_component_ref idref="oc-1c7"/>
      </symbol>
      <symbol id="sm-444">
         <name>__aeabi_dsub</name>
         <value>0x32b5</value>
         <object_component_ref idref="oc-1b7"/>
      </symbol>
      <symbol id="sm-445">
         <name>__aeabi_dadd</name>
         <value>0x32bf</value>
         <object_component_ref idref="oc-1b7"/>
      </symbol>
      <symbol id="sm-467">
         <name>__aeabi_cdcmpeq</name>
         <value>0x42f9</value>
         <object_component_ref idref="oc-23c"/>
      </symbol>
      <symbol id="sm-468">
         <name>__aeabi_cdcmple</name>
         <value>0x42f9</value>
         <object_component_ref idref="oc-23c"/>
      </symbol>
      <symbol id="sm-469">
         <name>__aeabi_cdrcmple</name>
         <value>0x437f</value>
         <object_component_ref idref="oc-237"/>
      </symbol>
      <symbol id="sm-47d">
         <name>__aeabi_ddiv</name>
         <value>0x38a5</value>
         <object_component_ref idref="oc-12c"/>
      </symbol>
      <symbol id="sm-488">
         <name>__aeabi_dmul</name>
         <value>0x3f35</value>
         <object_component_ref idref="oc-122"/>
      </symbol>
      <symbol id="sm-492">
         <name>__aeabi_d2iz</name>
         <value>0x47e1</value>
         <object_component_ref idref="oc-1fd"/>
      </symbol>
      <symbol id="sm-49e">
         <name>__aeabi_d2f</name>
         <value>0x455f</value>
         <object_component_ref idref="oc-131"/>
      </symbol>
      <symbol id="sm-4a9">
         <name>__aeabi_f2d</name>
         <value>0x4965</value>
         <object_component_ref idref="oc-10e"/>
      </symbol>
      <symbol id="sm-4b3">
         <name>__aeabi_i2d</name>
         <value>0x4a35</value>
         <object_component_ref idref="oc-127"/>
      </symbol>
      <symbol id="sm-4ce">
         <name>memcpy</name>
         <value>0x41c7</value>
         <object_component_ref idref="oc-3e"/>
      </symbol>
      <symbol id="sm-4cf">
         <name>__aeabi_memcpy</name>
         <value>0x41c7</value>
         <object_component_ref idref="oc-3e"/>
      </symbol>
      <symbol id="sm-4d0">
         <name>__aeabi_memcpy8</name>
         <value>0x41c7</value>
         <object_component_ref idref="oc-3e"/>
      </symbol>
      <symbol id="sm-4d1">
         <name>__aeabi_memcpy4</name>
         <value>0x41c7</value>
         <object_component_ref idref="oc-3e"/>
      </symbol>
      <symbol id="sm-4db">
         <name>__aeabi_ui2d</name>
         <value>0x4a8d</value>
         <object_component_ref idref="oc-1f8"/>
      </symbol>
      <symbol id="sm-4ef">
         <name>__TI_zero_init_nomemset</name>
         <value>0x4aad</value>
         <object_component_ref idref="oc-4a"/>
      </symbol>
      <symbol id="sm-506">
         <name>__TI_decompress_none</name>
         <value>0x4beb</value>
         <object_component_ref idref="oc-1b"/>
      </symbol>
      <symbol id="sm-529">
         <name>__TI_decompress_lzss</name>
         <value>0x45cd</value>
         <object_component_ref idref="oc-15"/>
      </symbol>
      <symbol id="sm-5be">
         <name>_sys_memory</name>
         <value>0x20001270</value>
         <object_component_ref idref="oc-24"/>
      </symbol>
      <symbol id="sm-5bf">
         <name>free</name>
         <value>0x4031</value>
         <object_component_ref idref="oc-195"/>
      </symbol>
      <symbol id="sm-5c0">
         <name>memalign</name>
         <value>0x3e35</value>
         <object_component_ref idref="oc-343"/>
      </symbol>
      <symbol id="sm-5c1">
         <name>calloc</name>
         <value>0x492d</value>
         <object_component_ref idref="oc-18f"/>
      </symbol>
      <symbol id="sm-5c2">
         <name>malloc</name>
         <value>0x4c25</value>
         <object_component_ref idref="oc-265"/>
      </symbol>
      <symbol id="sm-5c3">
         <name>aligned_alloc</name>
         <value>0x3e35</value>
         <object_component_ref idref="oc-343"/>
      </symbol>
      <symbol id="sm-5d2">
         <name>strcmp</name>
         <value>0x4b63</value>
         <object_component_ref idref="oc-1a2"/>
      </symbol>
      <symbol id="sm-5e0">
         <name>strcpy</name>
         <value>0x4b91</value>
         <object_component_ref idref="oc-1cd"/>
      </symbol>
      <symbol id="sm-5ee">
         <name>strlen</name>
         <value>0x4ba5</value>
         <object_component_ref idref="oc-108"/>
      </symbol>
      <symbol id="sm-601">
         <name>__stack</name>
         <value>0x20000270</value>
         <object_component_ref idref="oc-27"/>
      </symbol>
      <symbol id="sm-602">
         <name>_c_int00_noargs</name>
         <value>0x49d1</value>
         <object_component_ref idref="oc-5c"/>
      </symbol>
      <symbol id="sm-767">
         <name>__TI_printfi</name>
         <value>0xe8d</value>
         <object_component_ref idref="oc-20f"/>
      </symbol>
      <symbol id="sm-776">
         <name>__aeabi_memset</name>
         <value>0x4407</value>
         <object_component_ref idref="oc-96"/>
      </symbol>
      <symbol id="sm-777">
         <name>memset</name>
         <value>0x440d</value>
         <object_component_ref idref="oc-96"/>
      </symbol>
      <symbol id="sm-778">
         <name>__aeabi_memset8</name>
         <value>0x4407</value>
         <object_component_ref idref="oc-96"/>
      </symbol>
      <symbol id="sm-779">
         <name>__aeabi_memset4</name>
         <value>0x4407</value>
         <object_component_ref idref="oc-96"/>
      </symbol>
      <symbol id="sm-77a">
         <name>__aeabi_memclr8</name>
         <value>0x4405</value>
         <object_component_ref idref="oc-96"/>
      </symbol>
      <symbol id="sm-77b">
         <name>__aeabi_memclr4</name>
         <value>0x4405</value>
         <object_component_ref idref="oc-96"/>
      </symbol>
      <symbol id="sm-77c">
         <name>__aeabi_memclr</name>
         <value>0x4405</value>
         <object_component_ref idref="oc-96"/>
      </symbol>
      <symbol id="sm-789">
         <name>__aeabi_uldivmod</name>
         <value>0x4263</value>
         <object_component_ref idref="oc-374"/>
      </symbol>
      <symbol id="sm-7b1">
         <name>__TI_auto_init_nobinit_nopinit</name>
         <value>0x4829</value>
         <object_component_ref idref="oc-15b"/>
      </symbol>
      <symbol id="sm-7bb">
         <name>_system_pre_init</name>
         <value>0x4c2d</value>
         <object_component_ref idref="oc-9c"/>
      </symbol>
      <symbol id="sm-7c7">
         <name>C$$EXIT</name>
         <value>0x4c31</value>
         <object_component_ref idref="oc-14f"/>
      </symbol>
      <symbol id="sm-7c8">
         <name>abort</name>
         <value>0x4c31</value>
         <object_component_ref idref="oc-14f"/>
      </symbol>
      <symbol id="sm-7dd">
         <name>_nop</name>
         <value>0x18db</value>
         <object_component_ref idref="oc-324"/>
      </symbol>
      <symbol id="sm-7de">
         <name>_lock</name>
         <value>0x20002350</value>
         <object_component_ref idref="oc-249"/>
      </symbol>
      <symbol id="sm-7df">
         <name>_unlock</name>
         <value>0x20002354</value>
         <object_component_ref idref="oc-249"/>
      </symbol>
      <symbol id="sm-7ee">
         <name>__TI_ltoa</name>
         <value>0x46ef</value>
         <object_component_ref idref="oc-37a"/>
      </symbol>
      <symbol id="sm-805">
         <name>atoi</name>
         <value>0x4795</value>
         <object_component_ref idref="oc-2d8"/>
      </symbol>
      <symbol id="sm-810">
         <name>_ctypes_</name>
         <value>0x4c34</value>
         <object_component_ref idref="oc-36f"/>
      </symbol>
      <symbol id="sm-820">
         <name>memccpy</name>
         <value>0x4ae5</value>
         <object_component_ref idref="oc-2fc"/>
      </symbol>
      <symbol id="sm-830">
         <name>strchr</name>
         <value>0x4b7b</value>
         <object_component_ref idref="oc-3a7"/>
      </symbol>
      <symbol id="sm-846">
         <name>__aeabi_errno_addr</name>
         <value>0x4c1d</value>
         <object_component_ref idref="oc-308"/>
      </symbol>
      <symbol id="sm-847">
         <name>errno</name>
         <value>0x20002368</value>
         <object_component_ref idref="oc-3b7"/>
      </symbol>
      <symbol id="sm-867">
         <name>frexpl</name>
         <value>0x4635</value>
         <object_component_ref idref="oc-39b"/>
      </symbol>
      <symbol id="sm-868">
         <name>frexp</name>
         <value>0x4635</value>
         <object_component_ref idref="oc-39b"/>
      </symbol>
      <symbol id="sm-885">
         <name>scalbn</name>
         <value>0x3c19</value>
         <object_component_ref idref="oc-3a1"/>
      </symbol>
      <symbol id="sm-886">
         <name>scalbnl</name>
         <value>0x3c19</value>
         <object_component_ref idref="oc-3a1"/>
      </symbol>
      <symbol id="sm-887">
         <name>ldexpl</name>
         <value>0x3c19</value>
         <object_component_ref idref="oc-3a1"/>
      </symbol>
      <symbol id="sm-888">
         <name>ldexp</name>
         <value>0x3c19</value>
         <object_component_ref idref="oc-3a1"/>
      </symbol>
      <symbol id="sm-892">
         <name>copysign</name>
         <value>0x4b01</value>
         <object_component_ref idref="oc-3f8"/>
      </symbol>
      <symbol id="sm-893">
         <name>copysignl</name>
         <value>0x4b01</value>
         <object_component_ref idref="oc-3f8"/>
      </symbol>
      <symbol id="sm-8ac">
         <name>wcslen</name>
         <value>0x4bb9</value>
         <object_component_ref idref="oc-302"/>
      </symbol>
      <symbol id="sm-8b6">
         <name>__aeabi_idiv0</name>
         <value>0x346b</value>
         <object_component_ref idref="oc-3e5"/>
      </symbol>
      <symbol id="sm-8b7">
         <name>__aeabi_ldiv0</name>
         <value>0x346b</value>
         <object_component_ref idref="oc-3e5"/>
      </symbol>
      <symbol id="sm-8e6">
         <name>IntRegister</name>
         <value>0x499d</value>
         <object_component_ref idref="oc-1a8"/>
      </symbol>
      <symbol id="sm-8e7">
         <name>g_pfnRAMVectors</name>
         <value>0x20000000</value>
         <object_component_ref idref="oc-27b"/>
      </symbol>
      <symbol id="sm-8e8">
         <name>IntMasterEnable</name>
         <value>0x4bcb</value>
         <object_component_ref idref="oc-1ae"/>
      </symbol>
      <symbol id="sm-8f2">
         <name>CPUcpsie</name>
         <value>0x4bf9</value>
         <object_component_ref idref="oc-285"/>
      </symbol>
      <symbol id="sm-8f3">
         <name>__TI_static_base__</name>
         <value>0x0</value>
      </symbol>
      <symbol id="sm-8f6">
         <name>__mpu_init</name>
         <value>0x0</value>
      </symbol>
      <symbol id="sm-8f7">
         <name>_system_post_cinit</name>
         <value>0x0</value>
      </symbol>
   </symbol_table>
   <title>Link successful</title>
</link_info>
